../Core/Src/main.c:102:5:main	1
../Core/Src/main.c:188:6:SystemClock_Config	4
../Core/Src/main.c:249:13:MX_FDCAN1_Init	2
../Core/Src/main.c:302:13:MX_FDCAN3_Init	2
../Core/Src/main.c:355:13:MX_OCTOSPI1_Init	4
../Core/Src/main.c:418:13:MX_RTC_Init	2
../Core/Src/main.c:453:13:MX_SDMMC1_SD_Init	1
../Core/Src/main.c:481:13:MX_TIM2_Init	4
../Core/Src/main.c:526:13:MX_USART1_UART_Init	5
../Core/Src/main.c:574:13:MX_GPIO_Init	1
../Core/Src/main.c:630:6:StartDefaultTask	1
../Core/Src/main.c:652:6:HAL_TIM_PeriodElapsedCallback	2
../Core/Src/main.c:669:6:Error_Handler	1
