../Core/Src/main.c:80:5:main	56	static
../Core/Src/main.c:147:6:SystemClock_Config	120	static
../Core/Src/main.c:206:13:MX_FDCAN1_Init	8	static
../Core/Src/main.c:259:13:MX_FDCAN3_Init	8	static
../Core/Src/main.c:312:13:MX_OCTOSPI1_Init	48	static
../Core/Src/main.c:374:13:MX_SDMMC1_SD_Init	8	static
../Core/Src/main.c:405:13:MX_USART1_UART_Init	8	static
../Core/Src/main.c:453:13:MX_GPIO_Init	56	static
../Core/Src/main.c:510:6:MPU_Config	24	static
../Core/Src/main.c:541:6:Error_Handler	4	static,ignoring_inline_asm
