../Core/Src/main.c:92:5:main	1
../Core/Src/main.c:162:6:SystemClock_Config	4
../Core/Src/main.c:227:13:MX_FDCAN1_Init	2
../Core/Src/main.c:280:13:MX_FDCAN3_Init	2
../Core/Src/main.c:333:13:MX_OCTOSPI1_Init	4
../Core/Src/main.c:395:13:MX_RTC_Init	2
../Core/Src/main.c:431:13:MX_SDMMC1_SD_Init	2
../Core/Src/main.c:462:13:MX_USART1_UART_Init	5
../Core/Src/main.c:508:13:MX_DMA_Init	1
../Core/Src/main.c:526:13:MX_GPIO_Init	1
../Core/Src/main.c:583:6:MPU_Config	1
../Core/Src/main.c:614:6:Error_Handler	1
