../Core/Src/main.c:80:5:main	56	static
../Core/Src/main.c:145:6:SystemClock_Config	120	static
../Core/Src/main.c:204:13:MX_FDCAN1_Init	8	static
../Core/Src/main.c:257:13:MX_FDCAN3_Init	8	static
../Core/Src/main.c:310:13:MX_OCTOSPI1_Init	48	static
../Core/Src/main.c:372:13:MX_SDMMC1_SD_Init	8	static
../Core/Src/main.c:403:13:MX_USART1_UART_Init	8	static
../Core/Src/main.c:451:13:MX_GPIO_Init	56	static
../Core/Src/main.c:508:6:MPU_Config	24	static
../Core/Src/main.c:539:6:Error_Handler	4	static,ignoring_inline_asm
