Archive member included to satisfy reference by file (symbol)

C:/ST/STM32CubeIDE_2.2.0/STM32CubeIDE/plugins/com.st.stm32cube.ide.mcu.externaltools.gnu-tools-for-stm32.14.3.rel1.win32_1.0.100.202602081740/tools/bin/../lib/gcc/arm-none-eabi/14.3.1/../../../../arm-none-eabi/lib/thumb/v7e-m+dp/hard\libc_nano.a(libc_a-exit.o)
                              C:/ST/STM32CubeIDE_2.2.0/STM32CubeIDE/plugins/com.st.stm32cube.ide.mcu.externaltools.gnu-tools-for-stm32.14.3.rel1.win32_1.0.100.202602081740/tools/bin/../lib/gcc/arm-none-eabi/14.3.1/../../../../arm-none-eabi/lib/thumb/v7e-m+dp/hard/crt0.o (exit)
C:/ST/STM32CubeIDE_2.2.0/STM32CubeIDE/plugins/com.st.stm32cube.ide.mcu.externaltools.gnu-tools-for-stm32.14.3.rel1.win32_1.0.100.202602081740/tools/bin/../lib/gcc/arm-none-eabi/14.3.1/../../../../arm-none-eabi/lib/thumb/v7e-m+dp/hard\libc_nano.a(libc_a-findfp.o)
                              C:/ST/STM32CubeIDE_2.2.0/STM32CubeIDE/plugins/com.st.stm32cube.ide.mcu.externaltools.gnu-tools-for-stm32.14.3.rel1.win32_1.0.100.202602081740/tools/bin/../lib/gcc/arm-none-eabi/14.3.1/../../../../arm-none-eabi/lib/thumb/v7e-m+dp/hard\libc_nano.a(libc_a-exit.o) (__stdio_exit_handler)
C:/ST/STM32CubeIDE_2.2.0/STM32CubeIDE/plugins/com.st.stm32cube.ide.mcu.externaltools.gnu-tools-for-stm32.14.3.rel1.win32_1.0.100.202602081740/tools/bin/../lib/gcc/arm-none-eabi/14.3.1/../../../../arm-none-eabi/lib/thumb/v7e-m+dp/hard\libc_nano.a(libc_a-fwalk.o)
                              C:/ST/STM32CubeIDE_2.2.0/STM32CubeIDE/plugins/com.st.stm32cube.ide.mcu.externaltools.gnu-tools-for-stm32.14.3.rel1.win32_1.0.100.202602081740/tools/bin/../lib/gcc/arm-none-eabi/14.3.1/../../../../arm-none-eabi/lib/thumb/v7e-m+dp/hard\libc_nano.a(libc_a-findfp.o) (_fwalk_sglue)
C:/ST/STM32CubeIDE_2.2.0/STM32CubeIDE/plugins/com.st.stm32cube.ide.mcu.externaltools.gnu-tools-for-stm32.14.3.rel1.win32_1.0.100.202602081740/tools/bin/../lib/gcc/arm-none-eabi/14.3.1/../../../../arm-none-eabi/lib/thumb/v7e-m+dp/hard\libc_nano.a(libc_a-snprintf.o)
                              ./Core/Src/can_test.o (snprintf)
C:/ST/STM32CubeIDE_2.2.0/STM32CubeIDE/plugins/com.st.stm32cube.ide.mcu.externaltools.gnu-tools-for-stm32.14.3.rel1.win32_1.0.100.202602081740/tools/bin/../lib/gcc/arm-none-eabi/14.3.1/../../../../arm-none-eabi/lib/thumb/v7e-m+dp/hard\libc_nano.a(libc_a-stdio.o)
                              C:/ST/STM32CubeIDE_2.2.0/STM32CubeIDE/plugins/com.st.stm32cube.ide.mcu.externaltools.gnu-tools-for-stm32.14.3.rel1.win32_1.0.100.202602081740/tools/bin/../lib/gcc/arm-none-eabi/14.3.1/../../../../arm-none-eabi/lib/thumb/v7e-m+dp/hard\libc_nano.a(libc_a-findfp.o) (__sread)
C:/ST/STM32CubeIDE_2.2.0/STM32CubeIDE/plugins/com.st.stm32cube.ide.mcu.externaltools.gnu-tools-for-stm32.14.3.rel1.win32_1.0.100.202602081740/tools/bin/../lib/gcc/arm-none-eabi/14.3.1/../../../../arm-none-eabi/lib/thumb/v7e-m+dp/hard\libc_nano.a(libc_a-memcmp.o)
                              ./Core/Src/fatfs_test.o (memcmp)
C:/ST/STM32CubeIDE_2.2.0/STM32CubeIDE/plugins/com.st.stm32cube.ide.mcu.externaltools.gnu-tools-for-stm32.14.3.rel1.win32_1.0.100.202602081740/tools/bin/../lib/gcc/arm-none-eabi/14.3.1/../../../../arm-none-eabi/lib/thumb/v7e-m+dp/hard\libc_nano.a(libc_a-memset.o)
                              C:/ST/STM32CubeIDE_2.2.0/STM32CubeIDE/plugins/com.st.stm32cube.ide.mcu.externaltools.gnu-tools-for-stm32.14.3.rel1.win32_1.0.100.202602081740/tools/bin/../lib/gcc/arm-none-eabi/14.3.1/../../../../arm-none-eabi/lib/thumb/v7e-m+dp/hard/crt0.o (memset)
C:/ST/STM32CubeIDE_2.2.0/STM32CubeIDE/plugins/com.st.stm32cube.ide.mcu.externaltools.gnu-tools-for-stm32.14.3.rel1.win32_1.0.100.202602081740/tools/bin/../lib/gcc/arm-none-eabi/14.3.1/../../../../arm-none-eabi/lib/thumb/v7e-m+dp/hard\libc_nano.a(libc_a-closer.o)
                              C:/ST/STM32CubeIDE_2.2.0/STM32CubeIDE/plugins/com.st.stm32cube.ide.mcu.externaltools.gnu-tools-for-stm32.14.3.rel1.win32_1.0.100.202602081740/tools/bin/../lib/gcc/arm-none-eabi/14.3.1/../../../../arm-none-eabi/lib/thumb/v7e-m+dp/hard\libc_nano.a(libc_a-stdio.o) (_close_r)
C:/ST/STM32CubeIDE_2.2.0/STM32CubeIDE/plugins/com.st.stm32cube.ide.mcu.externaltools.gnu-tools-for-stm32.14.3.rel1.win32_1.0.100.202602081740/tools/bin/../lib/gcc/arm-none-eabi/14.3.1/../../../../arm-none-eabi/lib/thumb/v7e-m+dp/hard\libc_nano.a(libc_a-reent.o)
                              C:/ST/STM32CubeIDE_2.2.0/STM32CubeIDE/plugins/com.st.stm32cube.ide.mcu.externaltools.gnu-tools-for-stm32.14.3.rel1.win32_1.0.100.202602081740/tools/bin/../lib/gcc/arm-none-eabi/14.3.1/../../../../arm-none-eabi/lib/thumb/v7e-m+dp/hard\libc_nano.a(libc_a-closer.o) (errno)
C:/ST/STM32CubeIDE_2.2.0/STM32CubeIDE/plugins/com.st.stm32cube.ide.mcu.externaltools.gnu-tools-for-stm32.14.3.rel1.win32_1.0.100.202602081740/tools/bin/../lib/gcc/arm-none-eabi/14.3.1/../../../../arm-none-eabi/lib/thumb/v7e-m+dp/hard\libc_nano.a(libc_a-impure.o)
[...]
Memory Configuration

Name             Origin             Length             Attributes
ITCMRAM          0x00000000         0x00010000         xrw
DTCMRAM          0x20000000         0x00020000         xrw
FLASH            0x08000000         0x00100000         xr
RAM_D1           0x24000000         0x00050000         xrw
RAM_D2           0x30000000         0x00008000         xrw
RAM_D3           0x38000000         0x00004000         xrw
*default*        0x00000000         0xffffffff

Linker script and memory map

LOAD C:/ST/STM32CubeIDE_2.2.0/STM32CubeIDE/plugins/com.st.stm32cube.ide.mcu.externaltools.gnu-tools-for-stm32.14.3.rel1.win32_1.0.100.202602081740/tools/bin/../lib/gcc/arm-none-eabi/14.3.1/thumb/v7e-m+dp/hard/crti.o
LOAD C:/ST/STM32CubeIDE_2.2.0/STM32CubeIDE/plugins/com.st.stm32cube.ide.mcu.externaltools.gnu-tools-for-stm32.14.3.rel1.win32_1.0.100.202602081740/tools/bin/../lib/gcc/arm-none-eabi/14.3.1/thumb/v7e-m+dp/hard/crtbegin.o
LOAD C:/ST/STM32CubeIDE_2.2.0/STM32CubeIDE/plugins/com.st.stm32cube.ide.mcu.externaltools.gnu-tools-for-stm32.14.3.rel1.win32_1.0.100.202602081740/tools/bin/../lib/gcc/arm-none-eabi/14.3.1/../../../../arm-none-eabi/lib/thumb/v7e-m+dp/hard/crt0.o
LOAD ./Core/Src/can_test.o
LOAD ./Core/Src/fatfs_test.o
LOAD ./Core/Src/hyperram_test.o
LOAD ./Core/Src/main.o
LOAD ./Core/Src/sd_test.o
LOAD ./Core/Src/stm32h7xx_hal_msp.o
LOAD ./Core/Src/stm32h7xx_it.o
LOAD ./Core/Src/syscalls.o
LOAD ./Core/Src/sysmem.o
LOAD ./Core/Src/system_stm32h7xx.o
LOAD ./Core/Startup/startup_stm32h735zgtx.o
LOAD ./Drivers/STM32H7xx_HAL_Driver/Src/stm32h7xx_hal.o
LOAD ./Drivers/STM32H7xx_HAL_Driver/Src/stm32h7xx_hal_cortex.o
LOAD ./Drivers/STM32H7xx_HAL_Driver/Src/stm32h7xx_hal_dma.o
LOAD ./Drivers/STM32H7xx_HAL_Driver/Src/stm32h7xx_hal_dma_ex.o
LOAD ./Drivers/STM32H7xx_HAL_Driver/Src/stm32h7xx_hal_exti.o
LOAD ./Drivers/STM32H7xx_HAL_Driver/Src/stm32h7xx_hal_fdcan.o
LOAD ./Drivers/STM32H7xx_HAL_Driver/Src/stm32h7xx_hal_flash.o
LOAD ./Drivers/STM32H7xx_HAL_Driver/Src/stm32h7xx_hal_flash_ex.o
LOAD ./Drivers/STM32H7xx_HAL_Driver/Src/stm32h7xx_hal_gpio.o
LOAD ./Drivers/STM32H7xx_HAL_Driver/Src/stm32h7xx_hal_hsem.o
LOAD ./Drivers/STM32H7xx_HAL_Driver/Src/stm32h7xx_hal_i2c.o
LOAD ./Drivers/STM32H7xx_HAL_Driver/Src/stm32h7xx_hal_i2c_ex.o
LOAD ./Drivers/STM32H7xx_HAL_Driver/Src/stm32h7xx_hal_mdma.o
LOAD ./Drivers/STM32H7xx_HAL_Driver/Src/stm32h7xx_hal_mmc.o
LOAD ./Drivers/STM32H7xx_HAL_Driver/Src/stm32h7xx_hal_mmc_ex.o
LOAD ./Drivers/STM32H7xx_HAL_Driver/Src/stm32h7xx_hal_ospi.o
LOAD ./Drivers/STM32H7xx_HAL_Driver/Src/stm32h7xx_hal_pwr.o
LOAD ./Drivers/STM32H7xx_HAL_Driver/Src/stm32h7xx_hal_pwr_ex.o
LOAD ./Drivers/STM32H7xx_HAL_Driver/Src/stm32h7xx_hal_rcc.o
LOAD ./Drivers/STM32H7xx_HAL_Driver/Src/stm32h7xx_hal_rcc_ex.o
LOAD ./Drivers/STM32H7xx_HAL_Driver/Src/stm32h7xx_hal_sd.o
LOAD ./Drivers/STM32H7xx_HAL_Driver/Src/stm32h7xx_hal_sd_ex.o
LOAD ./Drivers/STM32H7xx_HAL_Driver/Src/stm32h7xx_hal_tim.o
LOAD ./Drivers/STM32H7xx_HAL_Driver/Src/stm32h7xx_hal_tim_ex.o
LOAD ./Drivers/STM32H7xx_HAL_Driver/Src/stm32h7xx_hal_uart.o
LOAD ./Drivers/STM32H7xx_HAL_Driver/Src/stm32h7xx_hal_uart_ex.o
LOAD ./Drivers/STM32H7xx_HAL_Driver/Src/stm32h7xx_ll_delayblock.o
LOAD ./Drivers/STM32H7xx_HAL_Driver/Src/stm32h7xx_ll_sdmmc.o
LOAD ./FATFS/App/fatfs.o
LOAD ./FATFS/Target/bsp_driver_sd.o
LOAD ./FATFS/Target/sd_diskio.o
LOAD ./Middlewares/Third_Party/FatFs/src/diskio.o
LOAD ./Middlewares/Third_Party/FatFs/src/ff.o
LOAD ./Middlewares/Third_Party/FatFs/src/ff_gen_drv.o
LOAD ./Middlewares/Third_Party/FatFs/src/option/syscall.o
START GROUP
LOAD C:/ST/STM32CubeIDE_2.2.0/STM32CubeIDE/plugins/com.st.stm32cube.ide.mcu.externaltools.gnu-tools-for-stm32.14.3.rel1.win32_1.0.100.202602081740/tools/bin/../lib/gcc/arm-none-eabi/14.3.1/../../../../arm-none-eabi/lib/thumb/v7e-m+dp/hard\libc_nano.a
LOAD C:/ST/STM32CubeIDE_2.2.0/STM32CubeIDE/plugins/com.st.stm32cube.ide.mcu.externaltools.gnu-tools-for-stm32.14.3.rel1.win32_1.0.100.202602081740/tools/bin/../lib/gcc/arm-none-eabi/14.3.1/../../../../arm-none-eabi/lib/thumb/v7e-m+dp/hard\libm.a
END GROUP
START GROUP
LOAD C:/ST/STM32CubeIDE_2.2.0/STM32CubeIDE/plugins/com.st.stm32cube.ide.mcu.externaltools.gnu-tools-for-stm32.14.3.rel1.win32_1.0.100.202602081740/tools/bin/../lib/gcc/arm-none-eabi/14.3.1/thumb/v7e-m+dp/hard\libgcc.a
LOAD C:/ST/STM32CubeIDE_2.2.0/STM32CubeIDE/plugins/com.st.stm32cube.ide.mcu.externaltools.gnu-tools-for-stm32.14.3.rel1.win32_1.0.100.202602081740/tools/bin/../lib/gcc/arm-none-eabi/14.3.1/../../../../arm-none-eabi/lib/thumb/v7e-m+dp/hard\libc_nano.a
END GROUP
START GROUP
LOAD C:/ST/STM32CubeIDE_2.2.0/STM32CubeIDE/plugins/com.st.stm32cube.ide.mcu.externaltools.gnu-tools-for-stm32.14.3.rel1.win32_1.0.100.202602081740/tools/bin/../lib/gcc/arm-none-eabi/14.3.1/thumb/v7e-m+dp/hard\libgcc.a
LOAD C:/ST/STM32CubeIDE_2.2.0/STM32CubeIDE/plugins/com.st.stm32cube.ide.mcu.externaltools.gnu-tools-for-stm32.14.3.rel1.win32_1.0.100.202602081740/tools/bin/../lib/gcc/arm-none-eabi/14.3.1/../../../../arm-none-eabi/lib/thumb/v7e-m+dp/hard\libc_nano.a
LOAD C:/ST/STM32CubeIDE_2.2.0/STM32CubeIDE/plugins/com.st.stm32cube.ide.mcu.externaltools.gnu-tools-for-stm32.14.3.rel1.win32_1.0.100.202602081740/tools/bin/../lib/gcc/arm-none-eabi/14.3.1/../../../../arm-none-eabi/lib/thumb/v7e-m+dp/hard\libnosys.a
END GROUP
START GROUP
LOAD C:/ST/STM32CubeIDE_2.2.0/STM32CubeIDE/plugins/com.st.stm32cube.ide.mcu.externaltools.gnu-tools-for-stm32.14.3.rel1.win32_1.0.100.202602081740/tools/bin/../lib/gcc/arm-none-eabi/14.3.1/thumb/v7e-m+dp/hard\libgcc.a
LOAD C:/ST/STM32CubeIDE_2.2.0/STM32CubeIDE/plugins/com.st.stm32cube.ide.mcu.externaltools.gnu-tools-for-stm32.14.3.rel1.win32_1.0.100.202602081740/tools/bin/../lib/gcc/arm-none-eabi/14.3.1/../../../../arm-none-eabi/lib/thumb/v7e-m+dp/hard\libc_nano.a
LOAD C:/ST/STM32CubeIDE_2.2.0/STM32CubeIDE/plugins/com.st.stm32cube.ide.mcu.externaltools.gnu-tools-for-stm32.14.3.rel1.win32_1.0.100.202602081740/tools/bin/../lib/gcc/arm-none-eabi/14.3.1/../../../../arm-none-eabi/lib/thumb/v7e-m+dp/hard\libnosys.a
END GROUP
LOAD C:/ST/STM32CubeIDE_2.2.0/STM32CubeIDE/plugins/com.st.stm32cube.ide.mcu.externaltools.gnu-tools-for-stm32.14.3.rel1.win32_1.0.100.202602081740/tools/bin/../lib/gcc/arm-none-eabi/14.3.1/thumb/v7e-m+dp/hard/crtend.o
LOAD C:/ST/STM32CubeIDE_2.2.0/STM32CubeIDE/plugins/com.st.stm32cube.ide.mcu.externaltools.gnu-tools-for-stm32.14.3.rel1.win32_1.0.100.202602081740/tools/bin/../lib/gcc/arm-none-eabi/14.3.1/thumb/v7e-m+dp/hard/crtn.o
                0x24050000                        _estack = (ORIGIN (RAM_D1) + LENGTH (RAM_D1))
                0x00000200                        _Min_Heap_Size = 0x200
                0x00000400                        _Min_Stack_Size = 0x400

.isr_vector     0x08000000      0x2cc
                0x08000000                        . = ALIGN (0x4)
 *(.isr_vector)
 .isr_vector    0x08000000      0x2cc ./Core/Startup/startup_stm32h735zgtx.o
                0x08000000                g_pfnVectors
                0x080002cc                        . = ALIGN (0x4)

.text           0x080002d0     0xece0
                0x080002d0                        . = ALIGN (0x4)
 *(.text)
 .text          0x080002d0       0x40 C:/ST/STM32CubeIDE_2.2.0/STM32CubeIDE/plugins/com.st.stm32cube.ide.mcu.externaltools.gnu-tools-for-stm32.14.3.rel1.win32_1.0.100.202602081740/tools/bin/../lib/gcc/arm-none-eabi/14.3.1/thumb/v7e-m+dp/hard/crtbegin.o
 .text          0x08000310       0x10 C:/ST/STM32CubeIDE_2.2.0/STM32CubeIDE/plugins/com.st.stm32cube.ide.mcu.externaltools.gnu-tools-for-stm32.14.3.rel1.win32_1.0.100.202602081740/tools/bin/../lib/gcc/arm-none-eabi/14.3.1/../../../../arm-none-eabi/lib/thumb/v7e-m+dp/hard\libc_nano.a(libc_a-strlen.o)
                0x08000310                strlen
 .text          0x08000320       0xa0 C:/ST/STM32CubeIDE_2.2.0/STM32CubeIDE/plugins/com.st.stm32cube.ide.mcu.externaltools.gnu-tools-for-stm32.14.3.rel1.win32_1.0.100.202602081740/tools/bin/../lib/gcc/arm-none-eabi/14.3.1/../../../../arm-none-eabi/lib/thumb/v7e-m+dp/hard\libc_nano.a(libc_a-memchr.o)
                0x08000320                memchr
 .text          0x080003c0       0x30 C:/ST/STM32CubeIDE_2.2.0/STM32CubeIDE/plugins/com.st.stm32cube.ide.mcu.externaltools.gnu-tools-for-stm32.14.3.rel1.win32_1.0.100.202602081740/tools/bin/../lib/gcc/arm-none-eabi/14.3.1/thumb/v7e-m+dp/hard\libgcc.a(_aeabi_uldivmod.o)
                0x080003c0                __aeabi_uldivmod
 .text          0x080003f0      0x2f8 C:/ST/STM32CubeIDE_2.2.0/STM32CubeIDE/plugins/com.st.stm32cube.ide.mcu.externaltools.gnu-tools-for-stm32.14.3.rel1.win32_1.0.100.202602081740/tools/bin/../lib/gcc/arm-none-eabi/14.3.1/thumb/v7e-m+dp/hard\libgcc.a(_udivmoddi4.o)
                0x080003f0                __udivmoddi4
 .text          0x080006e8        0x4 C:/ST/STM32CubeIDE_2.2.0/STM32CubeIDE/plugins/com.st.stm32cube.ide.mcu.externaltools.gnu-tools-for-stm32.14.3.rel1.win32_1.0.100.202602081740/tools/bin/../lib/gcc/arm-none-eabi/14.3.1/thumb/v7e-m+dp/hard\libgcc.a(_dvmd_tls.o)
                0x080006e8                __aeabi_idiv0
                0x080006e8                __aeabi_ldiv0
 *(.text*)
 .text.CAN_Test_Init
                0x080006ec      0x1b8 ./Core/Src/can_test.o
                0x080006ec                CAN_Test_Init
 .text.CAN_Test_Process
                0x080008a4      0x258 ./Core/Src/can_test.o
                0x080008a4                CAN_Test_Process
 .text.uart_print
                0x08000afc       0x2c ./Core/Src/fatfs_test.o
 .text.FATFS_Test_ReadOnly
                0x08000b28      0x148 ./Core/Src/fatfs_test.o
                0x08000b28                FATFS_Test_ReadOnly
 .text.FATFS_Test_ReadWrite
                0x08000c70      0x30c ./Core/Src/fatfs_test.o
                0x08000c70                FATFS_Test_ReadWrite
 .text.uart_print
                0x08000f7c       0x2c ./Core/Src/hyperram_test.o
 .text.HyperRAM_ReadRegister16
                0x08000fa8       0xb8 ./Core/Src/hyperram_test.o
 .text.HyperRAM_Test_ID
                0x08001060      0x26c ./Core/Src/hyperram_test.o
                0x08001060                HyperRAM_Test_ID
 .text.main     0x080012cc       0x78 ./Core/Src/main.o
                0x080012cc                main
 .text.SystemClock_Config
                0x08001344       0xdc ./Core/Src/main.o
                0x08001344                SystemClock_Config
 .text.MX_FDCAN1_Init
                0x08001420       0xc8 ./Core/Src/main.o
 .text.MX_FDCAN3_Init
                0x080014e8       0xc8 ./Core/Src/main.o
 .text.MX_OCTOSPI1_Init
                0x080015b0      0x104 ./Core/Src/main.o
 .text.MX_SDMMC1_SD_Init
                0x080016b4       0x48 ./Core/Src/main.o
 .text.MX_USART1_UART_Init
                0x080016fc       0x98 ./Core/Src/main.o
 .text.MX_GPIO_Init
                0x08001794      0x17c ./Core/Src/main.o
 .text.MPU_Config
                0x08001910       0x58 ./Core/Src/main.o
 .text.Error_Handler
                0x08001968        0xc ./Core/Src/main.o
                0x08001968                Error_Handler
 .text.uart_print
                0x08001974       0x2c ./Core/Src/sd_test.o
 .text.SD_Test_ReadOnly
                0x080019a0      0x23c ./Core/Src/sd_test.o
                0x080019a0                SD_Test_ReadOnly
 .text.SD_CheckFilesystem
                0x08001bdc      0x1cc ./Core/Src/sd_test.o
 .text.HAL_MspInit
                0x08001da8       0x34 ./Core/Src/stm32h7xx_hal_msp.o
                0x08001da8                HAL_MspInit
 .text.HAL_FDCAN_MspInit
                0x08001ddc      0x19c ./Core/Src/stm32h7xx_hal_msp.o
                0x08001ddc                HAL_FDCAN_MspInit
 .text.HAL_OSPI_MspInit
                0x08001f78      0x284 ./Core/Src/stm32h7xx_hal_msp.o
                0x08001f78                HAL_OSPI_MspInit
 .text.HAL_SD_MspInit
                0x080021fc      0x140 ./Core/Src/stm32h7xx_hal_msp.o
                0x080021fc                HAL_SD_MspInit
 .text.HAL_UART_MspInit
                0x0800233c       0xd4 ./Core/Src/stm32h7xx_hal_msp.o
                0x0800233c                HAL_UART_MspInit
 .text.NMI_Handler
                0x08002410        0x8 ./Core/Src/stm32h7xx_it.o
                0x08002410                NMI_Handler
 .text.HardFault_Handler
                0x08002418        0x8 ./Core/Src/stm32h7xx_it.o
                0x08002418                HardFault_Handler
 .text.MemManage_Handler
                0x08002420        0x8 ./Core/Src/stm32h7xx_it.o
                0x08002420                MemManage_Handler
 .text.BusFault_Handler
                0x08002428        0x8 ./Core/Src/stm32h7xx_it.o
                0x08002428                BusFault_Handler
 .text.UsageFault_Handler
                0x08002430        0x8 ./Core/Src/stm32h7xx_it.o
                0x08002430                UsageFault_Handler
 .text.SVC_Handler
                0x08002438        0xe ./Core/Src/stm32h7xx_it.o
                0x08002438                SVC_Handler
 .text.DebugMon_Handler
                0x08002446        0xe ./Core/Src/stm32h7xx_it.o
                0x08002446                DebugMon_Handler
 .text.PendSV_Handler
                0x08002454        0xe ./Core/Src/stm32h7xx_it.o
                0x08002454                PendSV_Handler
 .text.SysTick_Handler
                0x08002462        0xc ./Core/Src/stm32h7xx_it.o
                0x08002462                SysTick_Handler
 *fill*         0x0800246e        0x2 
 .text._sbrk    0x08002470       0x6c ./Core/Src/sysmem.o
                0x08002470                _sbrk
 .text.SystemInit
                0x080024dc      0x120 ./Core/Src/system_stm32h7xx.o
                0x080024dc                SystemInit
 .text.ExitRun0Mode
                0x080025fc       0x1c ./Core/Src/system_stm32h7xx.o
                0x080025fc                ExitRun0Mode
 .text.Reset_Handler
                0x08002618       0x54 ./Core/Startup/startup_stm32h735zgtx.o
                0x08002618                Reset_Handler
 .text.Default_Handler
                0x0800266c        0x2 ./Core/Startup/startup_stm32h735zgtx.o
                0x0800266c                RTC_Alarm_IRQHandler
                0x0800266c                HASH_RNG_IRQHandler
                0x0800266c                EXTI2_IRQHandler
                0x0800266c                TIM8_CC_IRQHandler
                0x0800266c                UART8_IRQHandler
                0x0800266c                SPI4_IRQHandler
                0x0800266c                FDCAN3_IT0_IRQHandler
                0x0800266c                TIM1_CC_IRQHandler
                0x0800266c                BDMA_Channel6_IRQHandler
                0x0800266c                DMA2_Stream5_IRQHandler
                0x0800266c                DMA1_Stream5_IRQHandler
                0x0800266c                CORDIC_IRQHandler
                0x0800266c                BDMA_Channel1_IRQHandler
                0x0800266c                TAMP_STAMP_IRQHandler
                0x0800266c                EXTI3_IRQHandler
                0x0800266c                LPTIM4_IRQHandler
                0x0800266c                TIM8_TRG_COM_TIM14_IRQHandler
                0x0800266c                LPTIM2_IRQHandler
                0x0800266c                DFSDM1_FLT1_IRQHandler
                0x0800266c                DMAMUX2_OVR_IRQHandler
                0x0800266c                TIM8_UP_TIM13_IRQHandler
                0x0800266c                I2C3_ER_IRQHandler
                0x0800266c                DFSDM1_FLT2_IRQHandler
                0x0800266c                I2C5_EV_IRQHandler
                0x0800266c                USART10_IRQHandler
                0x0800266c                MDMA_IRQHandler
                0x0800266c                LPTIM3_IRQHandler
                0x0800266c                HSEM1_IRQHandler
                0x0800266c                EXTI0_IRQHandler
                0x0800266c                I2C2_EV_IRQHandler
                0x0800266c                DMA1_Stream2_IRQHandler
                0x0800266c                FPU_IRQHandler
                0x0800266c                OTG_HS_WKUP_IRQHandler
                0x0800266c                FDCAN1_IT1_IRQHandler
                0x0800266c                LTDC_ER_IRQHandler
                0x0800266c                DMA2_Stream2_IRQHandler
                0x0800266c                SPI1_IRQHandler
                0x0800266c                OCTOSPI1_IRQHandler
                0x0800266c                TIM6_DAC_IRQHandler
                0x0800266c                DMA2_Stream3_IRQHandler
                0x0800266c                OCTOSPI2_IRQHandler
                0x0800266c                DFSDM1_FLT3_IRQHandler
                0x0800266c                TIM23_IRQHandler
                0x0800266c                USART6_IRQHandler
                0x0800266c                TIM17_IRQHandler
                0x0800266c                USART3_IRQHandler
                0x0800266c                BDMA_Channel7_IRQHandler
                0x0800266c                CRYP_IRQHandler
                0x0800266c                LPTIM5_IRQHandler
                0x0800266c                UART5_IRQHandler
                0x0800266c                ADC3_IRQHandler
                0x0800266c                DMA2_Stream0_IRQHandler
                0x0800266c                TIM4_IRQHandler
                0x0800266c                BDMA_Channel2_IRQHandler
                0x0800266c                I2C1_EV_IRQHandler
                0x0800266c                DMA1_Stream6_IRQHandler
                0x0800266c                DMAMUX1_OVR_IRQHandler
                0x0800266c                DMA1_Stream1_IRQHandler
                0x0800266c                TIM16_IRQHandler
                0x0800266c                UART4_IRQHandler
                0x0800266c                BDMA_Channel5_IRQHandler
                0x0800266c                TIM3_IRQHandler
                0x0800266c                RCC_IRQHandler
                0x0800266c                UART9_IRQHandler
                0x0800266c                TIM8_BRK_TIM12_IRQHandler
                0x0800266c                TIM1_TRG_COM_IRQHandler
                0x0800266c                Default_Handler
                0x0800266c                ECC_IRQHandler
                0x0800266c                FMAC_IRQHandler
                0x0800266c                CEC_IRQHandler
                0x0800266c                EXTI15_10_IRQHandler
                0x0800266c                BDMA_Channel0_IRQHandler
                0x0800266c                ADC_IRQHandler
                0x0800266c                I2C5_ER_IRQHandler
                0x0800266c                OTFDEC1_IRQHandler
                0x0800266c                DMA1_Stream7_IRQHandler
                0x0800266c                SPI5_IRQHandler
                0x0800266c                TIM7_IRQHandler
                0x0800266c                FDCAN3_IT1_IRQHandler
                0x0800266c                SDMMC1_IRQHandler
                0x0800266c                TIM5_IRQHandler
                0x0800266c                DMA2_Stream7_IRQHandler
                0x0800266c                TIM15_IRQHandler
                0x0800266c                PVD_AVD_IRQHandler
                0x0800266c                I2C3_EV_IRQHandler
                0x0800266c                EXTI9_5_IRQHandler
                0x0800266c                RTC_WKUP_IRQHandler
                0x0800266c                LTDC_IRQHandler
                0x0800266c                ETH_WKUP_IRQHandler
                0x0800266c                SPDIF_RX_IRQHandler
                0x0800266c                SPI2_IRQHandler
                0x0800266c                OTG_HS_EP1_IN_IRQHandler
                0x0800266c                DMA1_Stream0_IRQHandler
                0x0800266c                OTFDEC2_IRQHandler
                0x0800266c                TIM24_IRQHandler
                0x0800266c                CRS_IRQHandler
                0x0800266c                EXTI4_IRQHandler
                0x0800266c                FDCAN2_IT1_IRQHandler
                0x0800266c                ETH_IRQHandler
                0x0800266c                TIM1_UP_IRQHandler
                0x0800266c                BDMA_Channel4_IRQHandler
                0x0800266c                OTG_HS_EP1_OUT_IRQHandler
                0x0800266c                WWDG_IRQHandler
                0x0800266c                SPI6_IRQHandler
                0x0800266c                MDIOS_IRQHandler
                0x0800266c                I2C4_EV_IRQHandler
                0x0800266c                FDCAN2_IT0_IRQHandler
                0x0800266c                LPUART1_IRQHandler
                0x0800266c                FDCAN1_IT0_IRQHandler
                0x0800266c                TIM2_IRQHandler
                0x0800266c                OTG_HS_IRQHandler
                0x0800266c                DMA2D_IRQHandler
                0x0800266c                TIM1_BRK_IRQHandler
                0x0800266c                EXTI1_IRQHandler
                0x0800266c                SDMMC2_IRQHandler
                0x0800266c                BDMA_Channel3_IRQHandler
                0x0800266c                DTS_IRQHandler
                0x0800266c                UART7_IRQHandler
                0x0800266c                MDIOS_WKUP_IRQHandler
                0x0800266c                USART2_IRQHandler
                0x0800266c                DFSDM1_FLT0_IRQHandler
                0x0800266c                SAI4_IRQHandler
                0x0800266c                I2C2_ER_IRQHandler
                0x0800266c                DMA2_Stream1_IRQHandler
                0x0800266c                FLASH_IRQHandler
                0x0800266c                DMA2_Stream4_IRQHandler
                0x0800266c                USART1_IRQHandler
                0x0800266c                SPI3_IRQHandler
                0x0800266c                WAKEUP_PIN_IRQHandler
                0x0800266c                DMA1_Stream4_IRQHandler
                0x0800266c                I2C1_ER_IRQHandler
                0x0800266c                FMC_IRQHandler
                0x0800266c                FDCAN_CAL_IRQHandler
                0x0800266c                SWPMI1_IRQHandler
                0x0800266c                COMP1_IRQHandler
                0x0800266c                LPTIM1_IRQHandler
                0x0800266c                DCMI_PSSI_IRQHandler
                0x0800266c                I2C4_ER_IRQHandler
                0x0800266c                DMA2_Stream6_IRQHandler
                0x0800266c                SAI1_IRQHandler
                0x0800266c                DMA1_Stream3_IRQHandler
 *fill*         0x0800266e        0x2 
 .text.HAL_Init
                0x08002670       0x78 ./Drivers/STM32H7xx_HAL_Driver/Src/stm32h7xx_hal.o
                0x08002670                HAL_Init
 .text.HAL_InitTick
                0x080026e8       0x6c ./Drivers/STM32H7xx_HAL_Driver/Src/stm32h7xx_hal.o
                0x080026e8                HAL_InitTick
 .text.HAL_IncTick
                0x08002754       0x28 ./Drivers/STM32H7xx_HAL_Driver/Src/stm32h7xx_hal.o
                0x08002754                HAL_IncTick
 .text.HAL_GetTick
                0x0800277c       0x18 ./Drivers/STM32H7xx_HAL_Driver/Src/stm32h7xx_hal.o
                0x0800277c                HAL_GetTick
 .text.HAL_Delay
                0x08002794       0x48 ./Drivers/STM32H7xx_HAL_Driver/Src/stm32h7xx_hal.o
                0x08002794                HAL_Delay
 .text.__NVIC_SetPriorityGrouping
                0x080027dc       0x48 ./Drivers/STM32H7xx_HAL_Driver/Src/stm32h7xx_hal_cortex.o
 .text.__NVIC_GetPriorityGrouping
                0x08002824       0x1c ./Drivers/STM32H7xx_HAL_Driver/Src/stm32h7xx_hal_cortex.o
 .text.__NVIC_SetPriority
                0x08002840       0x54 ./Drivers/STM32H7xx_HAL_Driver/Src/stm32h7xx_hal_cortex.o
 .text.NVIC_EncodePriority
                0x08002894       0x66 ./Drivers/STM32H7xx_HAL_Driver/Src/stm32h7xx_hal_cortex.o
 *fill*         0x080028fa        0x2 
 .text.SysTick_Config
                0x080028fc       0x44 ./Drivers/STM32H7xx_HAL_Driver/Src/stm32h7xx_hal_cortex.o
 .text.HAL_NVIC_SetPriorityGrouping
                0x08002940       0x16 ./Drivers/STM32H7xx_HAL_Driver/Src/stm32h7xx_hal_cortex.o
                0x08002940                HAL_NVIC_SetPriorityGrouping
 .text.HAL_NVIC_SetPriority
                0x08002956       0x34 ./Drivers/STM32H7xx_HAL_Driver/Src/stm32h7xx_hal_cortex.o
                0x08002956                HAL_NVIC_SetPriority
 .text.HAL_SYSTICK_Config
                0x0800298a       0x18 ./Drivers/STM32H7xx_HAL_Driver/Src/stm32h7xx_hal_cortex.o
                0x0800298a                HAL_SYSTICK_Config
 *fill*         0x080029a2        0x2 
 .text.HAL_MPU_Disable
                0x080029a4       0x30 ./Drivers/STM32H7xx_HAL_Driver/Src/stm32h7xx_hal_cortex.o
                0x080029a4                HAL_MPU_Disable
 .text.HAL_MPU_Enable
                0x080029d4       0x40 ./Drivers/STM32H7xx_HAL_Driver/Src/stm32h7xx_hal_cortex.o
                0x080029d4                HAL_MPU_Enable
 .text.HAL_MPU_ConfigRegion
                0x08002a14       0x80 ./Drivers/STM32H7xx_HAL_Driver/Src/stm32h7xx_hal_cortex.o
                0x08002a14                HAL_MPU_ConfigRegion
 .text.HAL_FDCAN_Init
                0x08002a94      0x3bc ./Drivers/STM32H7xx_HAL_Driver/Src/stm32h7xx_hal_fdcan.o
                0x08002a94                HAL_FDCAN_Init
 .text.HAL_FDCAN_ConfigFilter
                0x08002e50       0xec ./Drivers/STM32H7xx_HAL_Driver/Src/stm32h7xx_hal_fdcan.o
                0x08002e50                HAL_FDCAN_ConfigFilter
 .text.HAL_FDCAN_ConfigGlobalFilter
                0x08002f3c       0x5a ./Drivers/STM32H7xx_HAL_Driver/Src/stm32h7xx_hal_fdcan.o
                0x08002f3c                HAL_FDCAN_ConfigGlobalFilter
 .text.HAL_FDCAN_Start
                0x08002f96       0x56 ./Drivers/STM32H7xx_HAL_Driver/Src/stm32h7xx_hal_fdcan.o
                0x08002f96                HAL_FDCAN_Start
 .text.HAL_FDCAN_AddMessageToTxFifoQ
                0x08002fec       0xb6 ./Drivers/STM32H7xx_HAL_Driver/Src/stm32h7xx_hal_fdcan.o
                0x08002fec                HAL_FDCAN_AddMessageToTxFifoQ
 *fill*         0x080030a2        0x2 
 .text.HAL_FDCAN_GetRxMessage
                0x080030a4      0x2f4 ./Drivers/STM32H7xx_HAL_Driver/Src/stm32h7xx_hal_fdcan.o
                0x080030a4                HAL_FDCAN_GetRxMessage
 .text.HAL_FDCAN_GetRxFifoFillLevel
                0x08003398       0x3c ./Drivers/STM32H7xx_HAL_Driver/Src/stm32h7xx_hal_fdcan.o
                0x08003398                HAL_FDCAN_GetRxFifoFillLevel
 .text.FDCAN_CalculateRamBlockAddresses
                0x080033d4      0x30c ./Drivers/STM32H7xx_HAL_Driver/Src/stm32h7xx_hal_fdcan.o
 .text.FDCAN_CopyMessageToRAM
                0x080036e0       0xfc ./Drivers/STM32H7xx_HAL_Driver/Src/stm32h7xx_hal_fdcan.o
 .text.HAL_GPIO_Init
                0x080037dc      0x364 ./Drivers/STM32H7xx_HAL_Driver/Src/stm32h7xx_hal_gpio.o
                0x080037dc                HAL_GPIO_Init
 .text.HAL_GPIO_WritePin
                0x08003b40       0x32 ./Drivers/STM32H7xx_HAL_Driver/Src/stm32h7xx_hal_gpio.o
                0x08003b40                HAL_GPIO_WritePin
 .text.HAL_GPIO_TogglePin
                0x08003b72       0x34 ./Drivers/STM32H7xx_HAL_Driver/Src/stm32h7xx_hal_gpio.o
                0x08003b72                HAL_GPIO_TogglePin
 *fill*         0x08003ba6        0x2 
 .text.HAL_OSPI_Init
                0x08003ba8      0x178 ./Drivers/STM32H7xx_HAL_Driver/Src/stm32h7xx_hal_ospi.o
                0x08003ba8                HAL_OSPI_Init
 .text.HAL_OSPI_HyperbusCfg
                0x08003d20       0x7e ./Drivers/STM32H7xx_HAL_Driver/Src/stm32h7xx_hal_ospi.o
                0x08003d20                HAL_OSPI_HyperbusCfg
 .text.HAL_OSPI_HyperbusCmd
                0x08003d9e       0xc2 ./Drivers/STM32H7xx_HAL_Driver/Src/stm32h7xx_hal_ospi.o
                0x08003d9e                HAL_OSPI_HyperbusCmd
 .text.HAL_OSPI_Receive
                0x08003e60      0x146 ./Drivers/STM32H7xx_HAL_Driver/Src/stm32h7xx_hal_ospi.o
                0x08003e60                HAL_OSPI_Receive
 .text.HAL_OSPI_SetTimeout
                0x08003fa6       0x1e ./Drivers/STM32H7xx_HAL_Driver/Src/stm32h7xx_hal_ospi.o
                0x08003fa6                HAL_OSPI_SetTimeout
 .text.HAL_OSPIM_Config
                0x08003fc4      0x9e8 ./Drivers/STM32H7xx_HAL_Driver/Src/stm32h7xx_hal_ospi.o
                0x08003fc4                HAL_OSPIM_Config
 .text.OSPI_WaitFlagStateUntilTimeout
                0x080049ac       0x6e ./Drivers/STM32H7xx_HAL_Driver/Src/stm32h7xx_hal_ospi.o
 *fill*         0x08004a1a        0x2 
 .text.OSPIM_GetConfig
                0x08004a1c      0x174 ./Drivers/STM32H7xx_HAL_Driver/Src/stm32h7xx_hal_ospi.o
 .text.HAL_PWREx_ConfigSupply
                0x08004b90       0xb4 ./Drivers/STM32H7xx_HAL_Driver/Src/stm32h7xx_hal_pwr_ex.o
                0x08004b90                HAL_PWREx_ConfigSupply
 .text.HAL_RCC_OscConfig
                0x08004c44      0x7b4 ./Drivers/STM32H7xx_HAL_Driver/Src/stm32h7xx_hal_rcc.o
                0x08004c44                HAL_RCC_OscConfig
 .text.HAL_RCC_ClockConfig
                0x080053f8      0x36c ./Drivers/STM32H7xx_HAL_Driver/Src/stm32h7xx_hal_rcc.o
                0x080053f8                HAL_RCC_ClockConfig
 .text.HAL_RCC_GetSysClockFreq
                0x08005764      0x2f4 ./Drivers/STM32H7xx_HAL_Driver/Src/stm32h7xx_hal_rcc.o
                0x08005764                HAL_RCC_GetSysClockFreq
 .text.HAL_RCC_GetHCLKFreq
                0x08005a58       0x60 ./Drivers/STM32H7xx_HAL_Driver/Src/stm32h7xx_hal_rcc.o
                0x08005a58                HAL_RCC_GetHCLKFreq
 .text.HAL_RCC_GetPCLK1Freq
                0x08005ab8       0x2c ./Drivers/STM32H7xx_HAL_Driver/Src/stm32h7xx_hal_rcc.o
                0x08005ab8                HAL_RCC_GetPCLK1Freq
 .text.HAL_RCC_GetPCLK2Freq
                0x08005ae4       0x2c ./Drivers/STM32H7xx_HAL_Driver/Src/stm32h7xx_hal_rcc.o
                0x08005ae4                HAL_RCC_GetPCLK2Freq
 .text.HAL_RCCEx_PeriphCLKConfig
                0x08005b10     0x1340 ./Drivers/STM32H7xx_HAL_Driver/Src/stm32h7xx_hal_rcc_ex.o
                0x08005b10                HAL_RCCEx_PeriphCLKConfig
 .text.HAL_RCCEx_GetPeriphCLKFreq
                0x08006e50      0x9a4 ./Drivers/STM32H7xx_HAL_Driver/Src/stm32h7xx_hal_rcc_ex.o
                0x08006e50                HAL_RCCEx_GetPeriphCLKFreq
 .text.HAL_RCCEx_GetD3PCLK1Freq
                0x080077f4       0x2c ./Drivers/STM32H7xx_HAL_Driver/Src/stm32h7xx_hal_rcc_ex.o
                0x080077f4                HAL_RCCEx_GetD3PCLK1Freq
 .text.HAL_RCCEx_GetPLL2ClockFreq
                0x08007820      0x2a8 ./Drivers/STM32H7xx_HAL_Driver/Src/stm32h7xx_hal_rcc_ex.o
                0x08007820                HAL_RCCEx_GetPLL2ClockFreq
 .text.HAL_RCCEx_GetPLL3ClockFreq
                0x08007ac8      0x2a8 ./Drivers/STM32H7xx_HAL_Driver/Src/stm32h7xx_hal_rcc_ex.o
                0x08007ac8                HAL_RCCEx_GetPLL3ClockFreq
 .text.HAL_RCCEx_GetPLL1ClockFreq
                0x08007d70      0x2a4 ./Drivers/STM32H7xx_HAL_Driver/Src/stm32h7xx_hal_rcc_ex.o
                0x08007d70                HAL_RCCEx_GetPLL1ClockFreq
 .text.RCCEx_PLL2_Config
                0x08008014      0x164 ./Drivers/STM32H7xx_HAL_Driver/Src/stm32h7xx_hal_rcc_ex.o
 .text.RCCEx_PLL3_Config
                0x08008178      0x164 ./Drivers/STM32H7xx_HAL_Driver/Src/stm32h7xx_hal_rcc_ex.o
 .text.HAL_SD_Init
                0x080082dc      0x106 ./Drivers/STM32H7xx_HAL_Driver/Src/stm32h7xx_hal_sd.o
                0x080082dc                HAL_SD_Init
 *fill*         0x080083e2        0x2 
 .text.HAL_SD_InitCard
                0x080083e4      0x15c ./Drivers/STM32H7xx_HAL_Driver/Src/stm32h7xx_hal_sd.o
                0x080083e4                HAL_SD_InitCard
 .text.HAL_SD_ReadBlocks
                0x08008540      0x314 ./Drivers/STM32H7xx_HAL_Driver/Src/stm32h7xx_hal_sd.o
                0x08008540                HAL_SD_ReadBlocks
 .text.HAL_SD_WriteBlocks
                0x08008854      0x31c ./Drivers/STM32H7xx_HAL_Driver/Src/stm32h7xx_hal_sd.o
                0x08008854                HAL_SD_WriteBlocks
 .text.HAL_SD_GetCardCSD
                0x08008b70      0x348 ./Drivers/STM32H7xx_HAL_Driver/Src/stm32h7xx_hal_sd.o
                0x08008b70                HAL_SD_GetCardCSD
 .text.HAL_SD_GetCardStatus
                0x08008eb8      0x17c ./Drivers/STM32H7xx_HAL_Driver/Src/stm32h7xx_hal_sd.o
                0x08008eb8                HAL_SD_GetCardStatus
 .text.HAL_SD_GetCardInfo
                0x08009034       0x58 ./Drivers/STM32H7xx_HAL_Driver/Src/stm32h7xx_hal_sd.o
                0x08009034                HAL_SD_GetCardInfo
 .text.HAL_SD_ConfigWideBusOperation
                0x0800908c      0x224 ./Drivers/STM32H7xx_HAL_Driver/Src/stm32h7xx_hal_sd.o
                0x0800908c                HAL_SD_ConfigWideBusOperation
 .text.HAL_SD_GetCardState
                0x080092b0       0x40 ./Drivers/STM32H7xx_HAL_Driver/Src/stm32h7xx_hal_sd.o
                0x080092b0                HAL_SD_GetCardState
 .text.SD_InitCard
                0x080092f0      0x19c ./Drivers/STM32H7xx_HAL_Driver/Src/stm32h7xx_hal_sd.o
 .text.SD_PowerON
                0x0800948c      0x11c ./Drivers/STM32H7xx_HAL_Driver/Src/stm32h7xx_hal_sd.o
 .text.SD_SendSDStatus
                0x080095a8      0x1a0 ./Drivers/STM32H7xx_HAL_Driver/Src/stm32h7xx_hal_sd.o
 .text.SD_SendStatus
                0x08009748       0x50 ./Drivers/STM32H7xx_HAL_Driver/Src/stm32h7xx_hal_sd.o
 .text.SD_WideBus_Enable
                0x08009798       0x96 ./Drivers/STM32H7xx_HAL_Driver/Src/stm32h7xx_hal_sd.o
 .text.SD_WideBus_Disable
                0x0800982e       0x96 ./Drivers/STM32H7xx_HAL_Driver/Src/stm32h7xx_hal_sd.o
 .text.SD_FindSCR
                0x080098c4      0x1a0 ./Drivers/STM32H7xx_HAL_Driver/Src/stm32h7xx_hal_sd.o
 .text.HAL_UART_Init
                0x08009a64       0xa0 ./Drivers/STM32H7xx_HAL_Driver/Src/stm32h7xx_hal_uart.o
                0x08009a64                HAL_UART_Init
 .text.HAL_UART_Transmit
                0x08009b04      0x132 ./Drivers/STM32H7xx_HAL_Driver/Src/stm32h7xx_hal_uart.o
                0x08009b04                HAL_UART_Transmit
 *fill*         0x08009c36        0x2 
 .text.UART_SetConfig
                0x08009c38      0xcd8 ./Drivers/STM32H7xx_HAL_Driver/Src/stm32h7xx_hal_uart.o
                0x08009c38                UART_SetConfig
 .text.UART_AdvFeatureConfig
                0x0800a910      0x144 ./Drivers/STM32H7xx_HAL_Driver/Src/stm32h7xx_hal_uart.o
                0x0800a910                UART_AdvFeatureConfig
 .text.UART_CheckIdleState
                0x0800aa54      0x154 ./Drivers/STM32H7xx_HAL_Driver/Src/stm32h7xx_hal_uart.o
                0x0800aa54                UART_CheckIdleState
 .text.UART_WaitOnFlagUntilTimeout
                0x0800aba8       0xda ./Drivers/STM32H7xx_HAL_Driver/Src/stm32h7xx_hal_uart.o
                0x0800aba8                UART_WaitOnFlagUntilTimeout
 *fill*         0x0800ac82        0x2 
 .text.UART_EndRxTransfer
                0x0800ac84       0xcc ./Drivers/STM32H7xx_HAL_Driver/Src/stm32h7xx_hal_uart.o
 .text.HAL_UARTEx_DisableFifoMode
                0x0800ad50       0x72 ./Drivers/STM32H7xx_HAL_Driver/Src/stm32h7xx_hal_uart_ex.o
                0x0800ad50                HAL_UARTEx_DisableFifoMode
 .text.HAL_UARTEx_SetTxFifoThreshold
                0x0800adc2       0x7c ./Drivers/STM32H7xx_HAL_Driver/Src/stm32h7xx_hal_uart_ex.o
                0x0800adc2                HAL_UARTEx_SetTxFifoThreshold
 .text.HAL_UARTEx_SetRxFifoThreshold
                0x0800ae3e       0x7c ./Drivers/STM32H7xx_HAL_Driver/Src/stm32h7xx_hal_uart_ex.o
                0x0800ae3e                HAL_UARTEx_SetRxFifoThreshold
 *fill*         0x0800aeba        0x2 
 .text.UARTEx_SetNbDataToProcess
                0x0800aebc       0x9c ./Drivers/STM32H7xx_HAL_Driver/Src/stm32h7xx_hal_uart_ex.o
 .text.SDMMC_Init
                0x0800af58       0x54 ./Drivers/STM32H7xx_HAL_Driver/Src/stm32h7xx_ll_sdmmc.o
                0x0800af58                SDMMC_Init
 .text.SDMMC_ReadFIFO
                0x0800afac       0x1a ./Drivers/STM32H7xx_HAL_Driver/Src/stm32h7xx_ll_sdmmc.o
                0x0800afac                SDMMC_ReadFIFO
 .text.SDMMC_WriteFIFO
                0x0800afc6       0x22 ./Drivers/STM32H7xx_HAL_Driver/Src/stm32h7xx_ll_sdmmc.o
                0x0800afc6                SDMMC_WriteFIFO
 .text.SDMMC_PowerState_ON
                0x0800afe8       0x22 ./Drivers/STM32H7xx_HAL_Driver/Src/stm32h7xx_ll_sdmmc.o
                0x0800afe8                SDMMC_PowerState_ON
 .text.SDMMC_GetPowerState
                0x0800b00a       0x1c ./Drivers/STM32H7xx_HAL_Driver/Src/stm32h7xx_ll_sdmmc.o
                0x0800b00a                SDMMC_GetPowerState
 *fill*         0x0800b026        0x2 
 .text.SDMMC_SendCommand
                0x0800b028       0x54 ./Drivers/STM32H7xx_HAL_Driver/Src/stm32h7xx_ll_sdmmc.o
                0x0800b028                SDMMC_SendCommand
 .text.SDMMC_GetCommandResponse
                0x0800b07c       0x1a ./Drivers/STM32H7xx_HAL_Driver/Src/stm32h7xx_ll_sdmmc.o
                0x0800b07c                SDMMC_GetCommandResponse
 .text.SDMMC_GetResponse
                0x0800b096       0x26 ./Drivers/STM32H7xx_HAL_Driver/Src/stm32h7xx_ll_sdmmc.o
                0x0800b096                SDMMC_GetResponse
 .text.SDMMC_ConfigData
                0x0800b0bc       0x58 ./Drivers/STM32H7xx_HAL_Driver/Src/stm32h7xx_ll_sdmmc.o
                0x0800b0bc                SDMMC_ConfigData
 .text.SDMMC_CmdBlockLength
                0x0800b114       0x46 ./Drivers/STM32H7xx_HAL_Driver/Src/stm32h7xx_ll_sdmmc.o
                0x0800b114                SDMMC_CmdBlockLength
 .text.SDMMC_CmdReadSingleBlock
                0x0800b15a       0x46 ./Drivers/STM32H7xx_HAL_Driver/Src/stm32h7xx_ll_sdmmc.o
                0x0800b15a                SDMMC_CmdReadSingleBlock
 .text.SDMMC_CmdReadMultiBlock
                0x0800b1a0       0x46 ./Drivers/STM32H7xx_HAL_Driver/Src/stm32h7xx_ll_sdmmc.o
                0x0800b1a0                SDMMC_CmdReadMultiBlock
 .text.SDMMC_CmdWriteSingleBlock
                0x0800b1e6       0x46 ./Drivers/STM32H7xx_HAL_Driver/Src/stm32h7xx_ll_sdmmc.o
                0x0800b1e6                SDMMC_CmdWriteSingleBlock
 .text.SDMMC_CmdWriteMultiBlock
                0x0800b22c       0x46 ./Drivers/STM32H7xx_HAL_Driver/Src/stm32h7xx_ll_sdmmc.o
                0x0800b22c                SDMMC_CmdWriteMultiBlock
 *fill*         0x0800b272        0x2 
 .text.SDMMC_CmdStopTransfer
                0x0800b274       0x78 ./Drivers/STM32H7xx_HAL_Driver/Src/stm32h7xx_ll_sdmmc.o
                0x0800b274                SDMMC_CmdStopTransfer
 .text.SDMMC_CmdSelDesel
                0x0800b2ec       0x46 ./Drivers/STM32H7xx_HAL_Driver/Src/stm32h7xx_ll_sdmmc.o
                0x0800b2ec                SDMMC_CmdSelDesel
 .text.SDMMC_CmdGoIdleState
                0x0800b332       0x3c ./Drivers/STM32H7xx_HAL_Driver/Src/stm32h7xx_ll_sdmmc.o
                0x0800b332                SDMMC_CmdGoIdleState
 .text.SDMMC_CmdOperCond
                0x0800b36e       0x40 ./Drivers/STM32H7xx_HAL_Driver/Src/stm32h7xx_ll_sdmmc.o
                0x0800b36e                SDMMC_CmdOperCond
 .text.SDMMC_CmdAppCommand
                0x0800b3ae       0x46 ./Drivers/STM32H7xx_HAL_Driver/Src/stm32h7xx_ll_sdmmc.o
                0x0800b3ae                SDMMC_CmdAppCommand
 .text.SDMMC_CmdAppOperCommand
                0x0800b3f4       0x40 ./Drivers/STM32H7xx_HAL_Driver/Src/stm32h7xx_ll_sdmmc.o
                0x0800b3f4                SDMMC_CmdAppOperCommand
 .text.SDMMC_CmdBusWidth
                0x0800b434       0x46 ./Drivers/STM32H7xx_HAL_Driver/Src/stm32h7xx_ll_sdmmc.o
                0x0800b434                SDMMC_CmdBusWidth
 .text.SDMMC_CmdSendSCR
                0x0800b47a       0x44 ./Drivers/STM32H7xx_HAL_Driver/Src/stm32h7xx_ll_sdmmc.o
                0x0800b47a                SDMMC_CmdSendSCR
 .text.SDMMC_CmdSendCID
                0x0800b4be       0x3e ./Drivers/STM32H7xx_HAL_Driver/Src/stm32h7xx_ll_sdmmc.o
                0x0800b4be                SDMMC_CmdSendCID
 .text.SDMMC_CmdSendCSD
                0x0800b4fc       0x40 ./Drivers/STM32H7xx_HAL_Driver/Src/stm32h7xx_ll_sdmmc.o
                0x0800b4fc                SDMMC_CmdSendCSD
 .text.SDMMC_CmdSetRelAdd
                0x0800b53c       0x44 ./Drivers/STM32H7xx_HAL_Driver/Src/stm32h7xx_ll_sdmmc.o
                0x0800b53c                SDMMC_CmdSetRelAdd
 .text.SDMMC_CmdSendStatus
                0x0800b580       0x46 ./Drivers/STM32H7xx_HAL_Driver/Src/stm32h7xx_ll_sdmmc.o
                0x0800b580                SDMMC_CmdSendStatus
 .text.SDMMC_CmdStatusRegister
                0x0800b5c6       0x44 ./Drivers/STM32H7xx_HAL_Driver/Src/stm32h7xx_ll_sdmmc.o
                0x0800b5c6                SDMMC_CmdStatusRegister
 *fill*         0x0800b60a        0x2 
 .text.SDMMC_GetCmdResp1
                0x0800b60c      0x1e4 ./Drivers/STM32H7xx_HAL_Driver/Src/stm32h7xx_ll_sdmmc.o
                0x0800b60c                SDMMC_GetCmdResp1
 .text.SDMMC_GetCmdResp2
                0x0800b7f0       0x94 ./Drivers/STM32H7xx_HAL_Driver/Src/stm32h7xx_ll_sdmmc.o
                0x0800b7f0                SDMMC_GetCmdResp2
 .text.SDMMC_GetCmdResp3
                0x0800b884       0x80 ./Drivers/STM32H7xx_HAL_Driver/Src/stm32h7xx_ll_sdmmc.o
                0x0800b884                SDMMC_GetCmdResp3
 .text.SDMMC_GetCmdResp6
                0x0800b904       0xf0 ./Drivers/STM32H7xx_HAL_Driver/Src/stm32h7xx_ll_sdmmc.o
                0x0800b904                SDMMC_GetCmdResp6
 .text.SDMMC_GetCmdResp7
                0x0800b9f4       0x9c ./Drivers/STM32H7xx_HAL_Driver/Src/stm32h7xx_ll_sdmmc.o
                0x0800b9f4                SDMMC_GetCmdResp7
 .text.SDMMC_GetCmdError
                0x0800ba90       0x5c ./Drivers/STM32H7xx_HAL_Driver/Src/stm32h7xx_ll_sdmmc.o
 .text.MX_FATFS_Init
                0x0800baec       0x24 ./FATFS/App/fatfs.o
                0x0800baec                MX_FATFS_Init
 .text.BSP_SD_ReadBlocks
                0x0800bb10       0x3c ./FATFS/Target/bsp_driver_sd.o
                0x0800bb10                BSP_SD_ReadBlocks
 .text.BSP_SD_WriteBlocks
                0x0800bb4c       0x3c ./FATFS/Target/bsp_driver_sd.o
                0x0800bb4c                BSP_SD_WriteBlocks
 .text.BSP_SD_GetCardState
                0x0800bb88       0x20 ./FATFS/Target/bsp_driver_sd.o
                0x0800bb88                BSP_SD_GetCardState
 .text.BSP_SD_GetCardInfo
                0x0800bba8       0x1c ./FATFS/Target/bsp_driver_sd.o
                0x0800bba8                BSP_SD_GetCardInfo
 .text.SD_CheckStatus
                0x0800bbc4       0x3c ./FATFS/Target/sd_diskio.o
 .text.SD_initialize
                0x0800bc00       0x34 ./FATFS/Target/sd_diskio.o
                0x0800bc00                SD_initialize
 .text.SD_status
                0x0800bc34       0x1c ./FATFS/Target/sd_diskio.o
                0x0800bc34                SD_status
 .text.SD_read  0x0800bc50       0x42 ./FATFS/Target/sd_diskio.o
                0x0800bc50                SD_read
 .text.SD_write
                0x0800bc92       0x42 ./FATFS/Target/sd_diskio.o
                0x0800bc92                SD_write
 .text.SD_ioctl
                0x0800bcd4       0xb0 ./FATFS/Target/sd_diskio.o
                0x0800bcd4                SD_ioctl
 .text.disk_status
                0x0800bd84       0x34 ./Middlewares/Third_Party/FatFs/src/diskio.o
                0x0800bd84                disk_status
 .text.disk_initialize
                0x0800bdb8       0x50 ./Middlewares/Third_Party/FatFs/src/diskio.o
                0x0800bdb8                disk_initialize
 .text.disk_read
                0x0800be08       0x40 ./Middlewares/Third_Party/FatFs/src/diskio.o
                0x0800be08                disk_read
 .text.disk_write
                0x0800be48       0x40 ./Middlewares/Third_Party/FatFs/src/diskio.o
                0x0800be48                disk_write
 .text.disk_ioctl
                0x0800be88       0x3c ./Middlewares/Third_Party/FatFs/src/diskio.o
                0x0800be88                disk_ioctl
 .text.ld_word  0x0800bec4       0x32 ./Middlewares/Third_Party/FatFs/src/ff.o
 .text.ld_dword
                0x0800bef6       0x46 ./Middlewares/Third_Party/FatFs/src/ff.o
 .text.st_word  0x0800bf3c       0x36 ./Middlewares/Third_Party/FatFs/src/ff.o
 .text.st_dword
                0x0800bf72       0x58 ./Middlewares/Third_Party/FatFs/src/ff.o
 .text.mem_cpy  0x0800bfca       0x42 ./Middlewares/Third_Party/FatFs/src/ff.o
 .text.mem_set  0x0800c00c       0x36 ./Middlewares/Third_Party/FatFs/src/ff.o
 .text.mem_cmp  0x0800c042       0x4e ./Middlewares/Third_Party/FatFs/src/ff.o
 .text.chk_chr  0x0800c090       0x36 ./Middlewares/Third_Party/FatFs/src/ff.o
 *fill*         0x0800c0c6        0x2 
 .text.chk_lock
                0x0800c0c8       0xb8 ./Middlewares/Third_Party/FatFs/src/ff.o
 .text.enq_lock
                0x0800c180       0x44 ./Middlewares/Third_Party/FatFs/src/ff.o
 .text.inc_lock
                0x0800c1c4      0x11c ./Middlewares/Third_Party/FatFs/src/ff.o
 .text.dec_lock
                0x0800c2e0       0x78 ./Middlewares/Third_Party/FatFs/src/ff.o
 .text.clear_lock
                0x0800c358       0x48 ./Middlewares/Third_Party/FatFs/src/ff.o
 .text.sync_window
                0x0800c3a0       0x88 ./Middlewares/Third_Party/FatFs/src/ff.o
 .text.move_window
                0x0800c428       0x5a ./Middlewares/Third_Party/FatFs/src/ff.o
 *fill*         0x0800c482        0x2 
 .text.sync_fs  0x0800c484       0xdc ./Middlewares/Third_Party/FatFs/src/ff.o
 .text.clust2sect
                0x0800c560       0x3e ./Middlewares/Third_Party/FatFs/src/ff.o
 .text.get_fat  0x0800c59e      0x14e ./Middlewares/Third_Party/FatFs/src/ff.o
 .text.put_fat  0x0800c6ec      0x1d4 ./Middlewares/Third_Party/FatFs/src/ff.o
 .text.remove_chain
                0x0800c8c0       0xca ./Middlewares/Third_Party/FatFs/src/ff.o
 .text.create_chain
                0x0800c98a      0x130 ./Middlewares/Third_Party/FatFs/src/ff.o
 .text.dir_sdi  0x0800caba       0xf6 ./Middlewares/Third_Party/FatFs/src/ff.o
 .text.dir_next
                0x0800cbb0      0x18a ./Middlewares/Third_Party/FatFs/src/ff.o
 .text.dir_alloc
                0x0800cd3a       0x8e ./Middlewares/Third_Party/FatFs/src/ff.o
 .text.ld_clust
                0x0800cdc8       0x3e ./Middlewares/Third_Party/FatFs/src/ff.o
 .text.st_clust
                0x0800ce06       0x40 ./Middlewares/Third_Party/FatFs/src/ff.o
 .text.dir_read
                0x0800ce46       0xba ./Middlewares/Third_Party/FatFs/src/ff.o
 .text.dir_find
                0x0800cf00       0xaa ./Middlewares/Third_Party/FatFs/src/ff.o
 .text.dir_register
                0x0800cfaa       0x64 ./Middlewares/Third_Party/FatFs/src/ff.o
 .text.get_fileinfo
                0x0800d00e       0xc0 ./Middlewares/Third_Party/FatFs/src/ff.o
 *fill*         0x0800d0ce        0x2 
 .text.create_name
                0x0800d0d0      0x128 ./Middlewares/Third_Party/FatFs/src/ff.o
 .text.follow_path
                0x0800d1f8       0xe2 ./Middlewares/Third_Party/FatFs/src/ff.o
 .text.get_ldnumber
                0x0800d2da       0x88 ./Middlewares/Third_Party/FatFs/src/ff.o
 *fill*         0x0800d362        0x2 
 .text.check_fs
                0x0800d364       0xac ./Middlewares/Third_Party/FatFs/src/ff.o
 .text.find_volume
                0x0800d410      0x498 ./Middlewares/Third_Party/FatFs/src/ff.o
 .text.validate
                0x0800d8a8       0x6a ./Middlewares/Third_Party/FatFs/src/ff.o
 *fill*         0x0800d912        0x2 
 .text.f_mount  0x0800d914       0x8c ./Middlewares/Third_Party/FatFs/src/ff.o
                0x0800d914                f_mount
 .text.f_open   0x0800d9a0      0x370 ./Middlewares/Third_Party/FatFs/src/ff.o
                0x0800d9a0                f_open
 .text.f_read   0x0800dd10      0x266 ./Middlewares/Third_Party/FatFs/src/ff.o
                0x0800dd10                f_read
 .text.f_write  0x0800df76      0x2d2 ./Middlewares/Third_Party/FatFs/src/ff.o
                0x0800df76                f_write
 .text.f_sync   0x0800e248      0x100 ./Middlewares/Third_Party/FatFs/src/ff.o
                0x0800e248                f_sync
 .text.f_close  0x0800e348       0x54 ./Middlewares/Third_Party/FatFs/src/ff.o
                0x0800e348                f_close
 .text.f_opendir
                0x0800e39c       0xe6 ./Middlewares/Third_Party/FatFs/src/ff.o
                0x0800e39c                f_opendir
 .text.f_closedir
                0x0800e482       0x4c ./Middlewares/Third_Party/FatFs/src/ff.o
                0x0800e482                f_closedir
 .text.f_readdir
                0x0800e4ce       0x7a ./Middlewares/Third_Party/FatFs/src/ff.o
                0x0800e4ce                f_readdir
 .text.FATFS_LinkDriverEx
                0x0800e548       0x98 ./Middlewares/Third_Party/FatFs/src/ff_gen_drv.o
                0x0800e548                FATFS_LinkDriverEx
 .text.FATFS_LinkDriver
                0x0800e5e0       0x1e ./Middlewares/Third_Party/FatFs/src/ff_gen_drv.o
                0x0800e5e0                FATFS_LinkDriver
 *fill*         0x0800e5fe        0x2 
 .text.snprintf
                0x0800e600       0x6c C:/ST/STM32CubeIDE_2.2.0/STM32CubeIDE/plugins/com.st.stm32cube.ide.mcu.externaltools.gnu-tools-for-stm32.14.3.rel1.win32_1.0.100.202602081740/tools/bin/../lib/gcc/arm-none-eabi/14.3.1/../../../../arm-none-eabi/lib/thumb/v7e-m+dp/hard\libc_nano.a(libc_a-snprintf.o)
                0x0800e600                sniprintf
                0x0800e600                snprintf
 .text.memcmp   0x0800e66c       0x20 C:/ST/STM32CubeIDE_2.2.0/STM32CubeIDE/plugins/com.st.stm32cube.ide.mcu.externaltools.gnu-tools-for-stm32.14.3.rel1.win32_1.0.100.202602081740/tools/bin/../lib/gcc/arm-none-eabi/14.3.1/../../../../arm-none-eabi/lib/thumb/v7e-m+dp/hard\libc_nano.a(libc_a-memcmp.o)
                0x0800e66c                memcmp
 .text.memset   0x0800e68c       0x10 C:/ST/STM32CubeIDE_2.2.0/STM32CubeIDE/plugins/com.st.stm32cube.ide.mcu.externaltools.gnu-tools-for-stm32.14.3.rel1.win32_1.0.100.202602081740/tools/bin/../lib/gcc/arm-none-eabi/14.3.1/../../../../arm-none-eabi/lib/thumb/v7e-m+dp/hard\libc_nano.a(libc_a-memset.o)
                0x0800e68c                memset
 .text.__errno  0x0800e69c        0xc C:/ST/STM32CubeIDE_2.2.0/STM32CubeIDE/plugins/com.st.stm32cube.ide.mcu.externaltools.gnu-tools-for-stm32.14.3.rel1.win32_1.0.100.202602081740/tools/bin/../lib/gcc/arm-none-eabi/14.3.1/../../../../arm-none-eabi/lib/thumb/v7e-m+dp/hard\libc_nano.a(libc_a-errno.o)
                0x0800e69c                __errno
 .text.__libc_init_array
                0x0800e6a8       0x48 C:/ST/STM32CubeIDE_2.2.0/STM32CubeIDE/plugins/com.st.stm32cube.ide.mcu.externaltools.gnu-tools-for-stm32.14.3.rel1.win32_1.0.100.202602081740/tools/bin/../lib/gcc/arm-none-eabi/14.3.1/../../../../arm-none-eabi/lib/thumb/v7e-m+dp/hard\libc_nano.a(libc_a-init.o)
                0x0800e6a8                __libc_init_array
 .text.__retarget_lock_acquire_recursive
                0x0800e6f0        0x2 C:/ST/STM32CubeIDE_2.2.0/STM32CubeIDE/plugins/com.st.stm32cube.ide.mcu.externaltools.gnu-tools-for-stm32.14.3.rel1.win32_1.0.100.202602081740/tools/bin/../lib/gcc/arm-none-eabi/14.3.1/../../../../arm-none-eabi/lib/thumb/v7e-m+dp/hard\libc_nano.a(libc_a-lock.o)
                0x0800e6f0                __retarget_lock_acquire_recursive
 .text.__retarget_lock_release_recursive
                0x0800e6f2        0x2 C:/ST/STM32CubeIDE_2.2.0/STM32CubeIDE/plugins/com.st.stm32cube.ide.mcu.externaltools.gnu-tools-for-stm32.14.3.rel1.win32_1.0.100.202602081740/tools/bin/../lib/gcc/arm-none-eabi/14.3.1/../../../../arm-none-eabi/lib/thumb/v7e-m+dp/hard\libc_nano.a(libc_a-lock.o)
                0x0800e6f2                __retarget_lock_release_recursive
 .text.memcpy   0x0800e6f4       0x1c C:/ST/STM32CubeIDE_2.2.0/STM32CubeIDE/plugins/com.st.stm32cube.ide.mcu.externaltools.gnu-tools-for-stm32.14.3.rel1.win32_1.0.100.202602081740/tools/bin/../lib/gcc/arm-none-eabi/14.3.1/../../../../arm-none-eabi/lib/thumb/v7e-m+dp/hard\libc_nano.a(libc_a-memcpy-stub.o)
                0x0800e6f4                memcpy
 .text._free_r  0x0800e710       0x94 C:/ST/STM32CubeIDE_2.2.0/STM32CubeIDE/plugins/com.st.stm32cube.ide.mcu.externaltools.gnu-tools-for-stm32.14.3.rel1.win32_1.0.100.202602081740/tools/bin/../lib/gcc/arm-none-eabi/14.3.1/../../../../arm-none-eabi/lib/thumb/v7e-m+dp/hard\libc_nano.a(libc_a-freer.o)
                0x0800e710                _free_r
 .text.sbrk_aligned
                0x0800e7a4       0x44 C:/ST/STM32CubeIDE_2.2.0/STM32CubeIDE/plugins/com.st.stm32cube.ide.mcu.externaltools.gnu-tools-for-stm32.14.3.rel1.win32_1.0.100.202602081740/tools/bin/../lib/gcc/arm-none-eabi/14.3.1/../../../../arm-none-eabi/lib/thumb/v7e-m+dp/hard\libc_nano.a(libc_a-mallocr.o)
 .text._malloc_r
                0x0800e7e8      0x100 C:/ST/STM32CubeIDE_2.2.0/STM32CubeIDE/plugins/com.st.stm32cube.ide.mcu.externaltools.gnu-tools-for-stm32.14.3.rel1.win32_1.0.100.202602081740/tools/bin/../lib/gcc/arm-none-eabi/14.3.1/../../../../arm-none-eabi/lib/thumb/v7e-m+dp/hard\libc_nano.a(libc_a-mallocr.o)
                0x0800e7e8                _malloc_r
 .text.__malloc_lock
                0x0800e8e8        0xc C:/ST/STM32CubeIDE_2.2.0/STM32CubeIDE/plugins/com.st.stm32cube.ide.mcu.externaltools.gnu-tools-for-stm32.14.3.rel1.win32_1.0.100.202602081740/tools/bin/../lib/gcc/arm-none-eabi/14.3.1/../../../../arm-none-eabi/lib/thumb/v7e-m+dp/hard\libc_nano.a(libc_a-mlock.o)
                0x0800e8e8                __malloc_lock
 .text.__malloc_unlock
                0x0800e8f4        0xc C:/ST/STM32CubeIDE_2.2.0/STM32CubeIDE/plugins/com.st.stm32cube.ide.mcu.externaltools.gnu-tools-for-stm32.14.3.rel1.win32_1.0.100.202602081740/tools/bin/../lib/gcc/arm-none-eabi/14.3.1/../../../../arm-none-eabi/lib/thumb/v7e-m+dp/hard\libc_nano.a(libc_a-mlock.o)
                0x0800e8f4                __malloc_unlock
 .text.__ssputs_r
                0x0800e900       0xc0 C:/ST/STM32CubeIDE_2.2.0/STM32CubeIDE/plugins/com.st.stm32cube.ide.mcu.externaltools.gnu-tools-for-stm32.14.3.rel1.win32_1.0.100.202602081740/tools/bin/../lib/gcc/arm-none-eabi/14.3.1/../../../../arm-none-eabi/lib/thumb/v7e-m+dp/hard\libc_nano.a(libc_a-nano-svfprintf.o)
                0x0800e900                __ssputs_r
 .text._svfprintf_r
                0x0800e9c0      0x1f0 C:/ST/STM32CubeIDE_2.2.0/STM32CubeIDE/plugins/com.st.stm32cube.ide.mcu.externaltools.gnu-tools-for-stm32.14.3.rel1.win32_1.0.100.202602081740/tools/bin/../lib/gcc/arm-none-eabi/14.3.1/../../../../arm-none-eabi/lib/thumb/v7e-m+dp/hard\libc_nano.a(libc_a-nano-svfprintf.o)
                0x0800e9c0                _svfiprintf_r
                0x0800e9c0                _svfprintf_r
 .text._printf_common
                0x0800ebb0       0xda C:/ST/STM32CubeIDE_2.2.0/STM32CubeIDE/plugins/com.st.stm32cube.ide.mcu.externaltools.gnu-tools-for-stm32.14.3.rel1.win32_1.0.100.202602081740/tools/bin/../lib/gcc/arm-none-eabi/14.3.1/../../../../arm-none-eabi/lib/thumb/v7e-m+dp/hard\libc_nano.a(libc_a-nano-vfprintf_i.o)
                0x0800ebb0                _printf_common
 *fill*         0x0800ec8a        0x2 
 .text._printf_i
                0x0800ec8c      0x24c C:/ST/STM32CubeIDE_2.2.0/STM32CubeIDE/plugins/com.st.stm32cube.ide.mcu.externaltools.gnu-tools-for-stm32.14.3.rel1.win32_1.0.100.202602081740/tools/bin/../lib/gcc/arm-none-eabi/14.3.1/../../../../arm-none-eabi/lib/thumb/v7e-m+dp/hard\libc_nano.a(libc_a-nano-vfprintf_i.o)
                0x0800ec8c                _printf_i
 .text.memmove  0x0800eed8       0x32 C:/ST/STM32CubeIDE_2.2.0/STM32CubeIDE/plugins/com.st.stm32cube.ide.mcu.externaltools.gnu-tools-for-stm32.14.3.rel1.win32_1.0.100.202602081740/tools/bin/../lib/gcc/arm-none-eabi/14.3.1/../../../../arm-none-eabi/lib/thumb/v7e-m+dp/hard\libc_nano.a(libc_a-memmove.o)
                0x0800eed8                memmove
 *fill*         0x0800ef0a        0x2 
 .text._sbrk_r  0x0800ef0c       0x20 C:/ST/STM32CubeIDE_2.2.0/STM32CubeIDE/plugins/com.st.stm32cube.ide.mcu.externaltools.gnu-tools-for-stm32.14.3.rel1.win32_1.0.100.202602081740/tools/bin/../lib/gcc/arm-none-eabi/14.3.1/../../../../arm-none-eabi/lib/thumb/v7e-m+dp/hard\libc_nano.a(libc_a-sbrkr.o)
                0x0800ef0c                _sbrk_r
 .text._realloc_r
                0x0800ef2c       0x5c C:/ST/STM32CubeIDE_2.2.0/STM32CubeIDE/plugins/com.st.stm32cube.ide.mcu.externaltools.gnu-tools-for-stm32.14.3.rel1.win32_1.0.100.202602081740/tools/bin/../lib/gcc/arm-none-eabi/14.3.1/../../../../arm-none-eabi/lib/thumb/v7e-m+dp/hard\libc_nano.a(libc_a-reallocr.o)
                0x0800ef2c                _realloc_r
 .text._malloc_usable_size_r
                0x0800ef88       0x10 C:/ST/STM32CubeIDE_2.2.0/STM32CubeIDE/plugins/com.st.stm32cube.ide.mcu.externaltools.gnu-tools-for-stm32.14.3.rel1.win32_1.0.100.202602081740/tools/bin/../lib/gcc/arm-none-eabi/14.3.1/../../../../arm-none-eabi/lib/thumb/v7e-m+dp/hard\libc_nano.a(libc_a-msizer.o)
                0x0800ef88                _malloc_usable_size_r
 *(.glue_7)
 .glue_7        0x0800ef98        0x0 linker stubs
 *(.glue_7t)
 .glue_7t       0x0800ef98        0x0 linker stubs
 *(.eh_frame)
 .eh_frame      0x0800ef98        0x0 C:/ST/STM32CubeIDE_2.2.0/STM32CubeIDE/plugins/com.st.stm32cube.ide.mcu.externaltools.gnu-tools-for-stm32.14.3.rel1.win32_1.0.100.202602081740/tools/bin/../lib/gcc/arm-none-eabi/14.3.1/thumb/v7e-m+dp/hard/crtbegin.o
 *(.init)
 .init          0x0800ef98        0x4 C:/ST/STM32CubeIDE_2.2.0/STM32CubeIDE/plugins/com.st.stm32cube.ide.mcu.externaltools.gnu-tools-for-stm32.14.3.rel1.win32_1.0.100.202602081740/tools/bin/../lib/gcc/arm-none-eabi/14.3.1/thumb/v7e-m+dp/hard/crti.o
                0x0800ef98                _init
 .init          0x0800ef9c        0x8 C:/ST/STM32CubeIDE_2.2.0/STM32CubeIDE/plugins/com.st.stm32cube.ide.mcu.externaltools.gnu-tools-for-stm32.14.3.rel1.win32_1.0.100.202602081740/tools/bin/../lib/gcc/arm-none-eabi/14.3.1/thumb/v7e-m+dp/hard/crtn.o
 *(.fini)
 .fini          0x0800efa4        0x4 C:/ST/STM32CubeIDE_2.2.0/STM32CubeIDE/plugins/com.st.stm32cube.ide.mcu.externaltools.gnu-tools-for-stm32.14.3.rel1.win32_1.0.100.202602081740/tools/bin/../lib/gcc/arm-none-eabi/14.3.1/thumb/v7e-m+dp/hard/crti.o
                0x0800efa4                _fini
 .fini          0x0800efa8        0x8 C:/ST/STM32CubeIDE_2.2.0/STM32CubeIDE/plugins/com.st.stm32cube.ide.mcu.externaltools.gnu-tools-for-stm32.14.3.rel1.win32_1.0.100.202602081740/tools/bin/../lib/gcc/arm-none-eabi/14.3.1/thumb/v7e-m+dp/hard/crtn.o
                0x0800efb0                        . = ALIGN (0x4)
                0x0800efb0                        _etext = .

.vfp11_veneer   0x0800efb0        0x0
 .vfp11_veneer  0x0800efb0        0x0 linker stubs

.v4_bx          0x0800efb0        0x0
 .v4_bx         0x0800efb0        0x0 linker stubs

.iplt           0x0800efb0        0x0
 .iplt          0x0800efb0        0x0 C:/ST/STM32CubeIDE_2.2.0/STM32CubeIDE/plugins/com.st.stm32cube.ide.mcu.externaltools.gnu-tools-for-stm32.14.3.rel1.win32_1.0.100.202602081740/tools/bin/../lib/gcc/arm-none-eabi/14.3.1/thumb/v7e-m+dp/hard/crtbegin.o

.rodata         0x0800efb0      0xaec
                0x0800efb0                        . = ALIGN (0x4)
 *(.rodata)
 .rodata        0x0800efb0       0x4c ./Drivers/STM32H7xx_HAL_Driver/Src/stm32h7xx_hal_fdcan.o
 *(.rodata*)
 .rodata.CAN_Test_Init.str1.4
                0x0800effc      0x95f ./Core/Src/can_test.o
                                 0x28 (size before relaxing)
 .rodata.CAN_Test_Process.str1.4
                0x0800f95b       0x38 ./Core/Src/can_test.o
 .rodata.FATFS_Test_ReadOnly.str1.4
                0x0800f95b       0xf7 ./Core/Src/fatfs_test.o
 .rodata.FATFS_Test_ReadWrite.str1.4
                0x0800f95b      0x201 ./Core/Src/fatfs_test.o
 *fill*         0x0800f95b        0x1 
 .rodata.test_data.0
                0x0800f95c       0x30 ./Core/Src/fatfs_test.o
 .rodata.HyperRAM_Test_ID.str1.4
                0x0800f98c      0x22b ./Core/Src/hyperram_test.o
 .rodata.main.str1.4
                0x0800f98c       0x22 ./Core/Src/main.o
 .rodata.SD_Test_ReadOnly.str1.4
                0x0800f98c      0x26f ./Core/Src/sd_test.o
 .rodata.SD_CheckFilesystem.str1.4
                0x0800f98c      0x139 ./Core/Src/sd_test.o
 .rodata.D1CorePrescTable
                0x0800f98c       0x10 ./Core/Src/system_stm32h7xx.o
                0x0800f98c                D1CorePrescTable
 .rodata.DLCtoBytes
                0x0800f99c       0x10 ./Drivers/STM32H7xx_HAL_Driver/Src/stm32h7xx_hal_fdcan.o
 .rodata.UARTPrescTable
                0x0800f9ac       0x18 ./Drivers/STM32H7xx_HAL_Driver/Src/stm32h7xx_hal_uart.o
                0x0800f9ac                UARTPrescTable
 .rodata.numerator.1
                0x0800f9c4        0x8 ./Drivers/STM32H7xx_HAL_Driver/Src/stm32h7xx_hal_uart_ex.o
 .rodata.denominator.0
                0x0800f9cc        0x8 ./Drivers/STM32H7xx_HAL_Driver/Src/stm32h7xx_hal_uart_ex.o
 .rodata.SD_Driver
                0x0800f9d4       0x14 ./FATFS/Target/sd_diskio.o
                0x0800f9d4                SD_Driver
 .rodata.ExCvt  0x0800f9e8       0x80 ./Middlewares/Third_Party/FatFs/src/ff.o
 .rodata.create_name.str1.4
                0x0800fa68        0xf ./Middlewares/Third_Party/FatFs/src/ff.o
 .rodata._svfprintf_r.str1.1
                0x0800fa68       0x33 C:/ST/STM32CubeIDE_2.2.0/STM32CubeIDE/plugins/com.st.stm32cube.ide.mcu.externaltools.gnu-tools-for-stm32.14.3.rel1.win32_1.0.100.202602081740/tools/bin/../lib/gcc/arm-none-eabi/14.3.1/../../../../arm-none-eabi/lib/thumb/v7e-m+dp/hard\libc_nano.a(libc_a-nano-svfprintf.o)
                                 0x11 (size before relaxing)
 .rodata._printf_i.str1.1
                0x0800fa9b       0x22 C:/ST/STM32CubeIDE_2.2.0/STM32CubeIDE/plugins/com.st.stm32cube.ide.mcu.externaltools.gnu-tools-for-stm32.14.3.rel1.win32_1.0.100.202602081740/tools/bin/../lib/gcc/arm-none-eabi/14.3.1/../../../../arm-none-eabi/lib/thumb/v7e-m+dp/hard\libc_nano.a(libc_a-nano-vfprintf_i.o)
                0x0800fbfc                        . = ALIGN (0x4)
 *fill*         0x0800fa9b        0x1 

.ARM.extab
 *(.ARM.extab* .gnu.linkonce.armextab.*)

.ARM            0x0800fa9c        0x8
                0x0800fa9c                        __exidx_start = .
 *(.ARM.exidx*)
 .ARM.exidx     0x0800fa9c        0x8 C:/ST/STM32CubeIDE_2.2.0/STM32CubeIDE/plugins/com.st.stm32cube.ide.mcu.externaltools.gnu-tools-for-stm32.14.3.rel1.win32_1.0.100.202602081740/tools/bin/../lib/gcc/arm-none-eabi/14.3.1/../../../../arm-none-eabi/lib/thumb/v7e-m+dp/hard\libc_nano.a(libc_a-strlen.o)
 .ARM.exidx     0x0800faa4        0x0 C:/ST/STM32CubeIDE_2.2.0/STM32CubeIDE/plugins/com.st.stm32cube.ide.mcu.externaltools.gnu-tools-for-stm32.14.3.rel1.win32_1.0.100.202602081740/tools/bin/../lib/gcc/arm-none-eabi/14.3.1/../../../../arm-none-eabi/lib/thumb/v7e-m+dp/hard\libc_nano.a(libc_a-memchr.o)
                                  0x8 (size before relaxing)
 .ARM.exidx     0x0800faa4        0x0 C:/ST/STM32CubeIDE_2.2.0/STM32CubeIDE/plugins/com.st.stm32cube.ide.mcu.externaltools.gnu-tools-for-stm32.14.3.rel1.win32_1.0.100.202602081740/tools/bin/../lib/gcc/arm-none-eabi/14.3.1/thumb/v7e-m+dp/hard\libgcc.a(_udivmoddi4.o)
                                  0x8 (size before relaxing)
                0x0800faa4                        __exidx_end = .

.preinit_array  0x0800faa4        0x0
                0x0800faa4                        PROVIDE (__preinit_array_start = .)
 *(.preinit_array*)
                0x0800faa4                        PROVIDE (__preinit_array_end = .)

.init_array     0x0800faa4        0x4
                0x0800faa4                        PROVIDE (__init_array_start = .)
 *(SORT_BY_NAME(.init_array.*))
 *(.init_array*)
 .init_array    0x0800faa4        0x4 C:/ST/STM32CubeIDE_2.2.0/STM32CubeIDE/plugins/com.st.stm32cube.ide.mcu.externaltools.gnu-tools-for-stm32.14.3.rel1.win32_1.0.100.202602081740/tools/bin/../lib/gcc/arm-none-eabi/14.3.1/thumb/v7e-m+dp/hard/crtbegin.o
                0x0800faa8                        PROVIDE (__init_array_end = .)

.fini_array     0x0800faa8        0x4
                [!provide]                        PROVIDE (__fini_array_start = .)
 *(SORT_BY_NAME(.fini_array.*))
 *(.fini_array*)
 .fini_array    0x0800faa8        0x4 C:/ST/STM32CubeIDE_2.2.0/STM32CubeIDE/plugins/com.st.stm32cube.ide.mcu.externaltools.gnu-tools-for-stm32.14.3.rel1.win32_1.0.100.202602081740/tools/bin/../lib/gcc/arm-none-eabi/14.3.1/thumb/v7e-m+dp/hard/crtbegin.o
                [!provide]                        PROVIDE (__fini_array_end = .)
                0x0800faac                        _sidata = LOADADDR (.data)

.rel.dyn        0x0800faac        0x0
 .rel.iplt      0x0800faac        0x0 C:/ST/STM32CubeIDE_2.2.0/STM32CubeIDE/plugins/com.st.stm32cube.ide.mcu.externaltools.gnu-tools-for-stm32.14.3.rel1.win32_1.0.100.202602081740/tools/bin/../lib/gcc/arm-none-eabi/14.3.1/thumb/v7e-m+dp/hard/crtbegin.o

.data           0x24000000       0x60 load address 0x0800faac
                0x24000000                        . = ALIGN (0x4)
                0x24000000                        _sdata = .
 *(.data)
 *(.data*)
 .data.SystemCoreClock
                0x24000000        0x4 ./Core/Src/system_stm32h7xx.o
                0x24000000                SystemCoreClock
 .data.SystemD2Clock
                0x24000004        0x4 ./Core/Src/system_stm32h7xx.o
                0x24000004                SystemD2Clock
 .data.uwTickPrio
                0x24000008        0x4 ./Drivers/STM32H7xx_HAL_Driver/Src/stm32h7xx_hal.o
                0x24000008                uwTickPrio
 .data.uwTickFreq
                0x2400000c        0x1 ./Drivers/STM32H7xx_HAL_Driver/Src/stm32h7xx_hal.o
                0x2400000c                uwTickFreq
 .data.Stat     0x2400000d        0x1 ./FATFS/Target/sd_diskio.o
 *fill*         0x2400000e        0x2 
 .data._impure_ptr
                0x24000010        0x4 C:/ST/STM32CubeIDE_2.2.0/STM32CubeIDE/plugins/com.st.stm32cube.ide.mcu.externaltools.gnu-tools-for-stm32.14.3.rel1.win32_1.0.100.202602081740/tools/bin/../lib/gcc/arm-none-eabi/14.3.1/../../../../arm-none-eabi/lib/thumb/v7e-m+dp/hard\libc_nano.a(libc_a-impure.o)
                0x24000010                _impure_ptr
 .data._impure_data
                0x24000014       0x4c C:/ST/STM32CubeIDE_2.2.0/STM32CubeIDE/plugins/com.st.stm32cube.ide.mcu.externaltools.gnu-tools-for-stm32.14.3.rel1.win32_1.0.100.202602081740/tools/bin/../lib/gcc/arm-none-eabi/14.3.1/../../../../arm-none-eabi/lib/thumb/v7e-m+dp/hard\libc_nano.a(libc_a-impure.o)
                0x24000014                _impure_data
 *(.RamFunc)
 *(.RamFunc*)
                0x24000060                        . = ALIGN (0x4)
                0x24000060                        _edata = .

.igot.plt       0x24000060        0x0 load address 0x0800fb0c
 .igot.plt      0x24000060        0x0 C:/ST/STM32CubeIDE_2.2.0/STM32CubeIDE/plugins/com.st.stm32cube.ide.mcu.externaltools.gnu-tools-for-stm32.14.3.rel1.win32_1.0.100.202602081740/tools/bin/../lib/gcc/arm-none-eabi/14.3.1/thumb/v7e-m+dp/hard/crtbegin.o
                0x24000060                        . = ALIGN (0x4)

.bss            0x24000060      0x960 load address 0x0800fb0c
                0x24000060                        _sbss = .
                0x24000060                        __bss_start__ = _sbss
 *(.bss)
 .bss           0x24000060       0x1c C:/ST/STM32CubeIDE_2.2.0/STM32CubeIDE/plugins/com.st.stm32cube.ide.mcu.externaltools.gnu-tools-for-stm32.14.3.rel1.win32_1.0.100.202602081740/tools/bin/../lib/gcc/arm-none-eabi/14.3.1/thumb/v7e-m+dp/hard/crtbegin.o
 *(.bss*)
 .bss.can1_filter
                0x2400007c       0x20 ./Core/Src/can_test.o
                0x2400007c                can1_filter
 .bss.can3_filter
                0x2400009c       0x20 ./Core/Src/can_test.o
                0x2400009c                can3_filter
 .bss.can_tx_header
                0x240000bc       0x24 ./Core/Src/can_test.o
                0x240000bc                can_tx_header
 .bss.can_rx_header
                0x240000e0       0x28 ./Core/Src/can_test.o
                0x240000e0                can_rx_header
 .bss.can_tx_data
                0x24000108        0x8 ./Core/Src/can_test.o
                0x24000108                can_tx_data
 .bss.can_rx_data
                0x24000110        0x8 ./Core/Src/can_test.o
                0x24000110                can_rx_data
 .bss.can_counter
                0x24000118        0x4 ./Core/Src/can_test.o
                0x24000118                can_counter
 .bss.can_pending_tx
                0x2400011c        0x1 ./Core/Src/can_test.o
                0x2400011c                can_pending_tx
 *fill*         0x2400011d        0x3 
 .bss.can_reply_due
                0x24000120        0x4 ./Core/Src/can_test.o
                0x24000120                can_reply_due
 .bss.led_tick  0x24000124        0x4 ./Core/Src/can_test.o
                0x24000124                led_tick
 .bss.fdcan1_errors
                0x24000128       0x10 ./Core/Src/can_test.o
                0x24000128                fdcan1_errors
 .bss.fdcan3_errors
                0x24000138       0x10 ./Core/Src/can_test.o
                0x24000138                fdcan3_errors
 .bss.hfdcan1   0x24000148       0xa0 ./Core/Src/main.o
                0x24000148                hfdcan1
 .bss.hfdcan3   0x240001e8       0xa0 ./Core/Src/main.o
                0x240001e8                hfdcan3
 .bss.hospi1    0x24000288       0x5c ./Core/Src/main.o
                0x24000288                hospi1
 .bss.hsd1      0x240002e4       0x7c ./Core/Src/main.o
                0x240002e4                hsd1
 .bss.huart1    0x24000360       0x94 ./Core/Src/main.o
                0x24000360                huart1
 *fill*         0x240003f4        0xc 
 .bss.sd_sector
                0x24000400      0x200 ./Core/Src/sd_test.o
 .bss.HAL_RCC_FDCAN_CLK_ENABLED
                0x24000600        0x4 ./Core/Src/stm32h7xx_hal_msp.o
 .bss.__sbrk_heap_end
                0x24000604        0x4 ./Core/Src/sysmem.o
 .bss.uwTick    0x24000608        0x4 ./Drivers/STM32H7xx_HAL_Driver/Src/stm32h7xx_hal.o
                0x24000608                uwTick
 .bss.retSD     0x2400060c        0x1 ./FATFS/App/fatfs.o
                0x2400060c                retSD
 *fill*         0x2400060d        0x3 
 .bss.SDPath    0x24000610        0x4 ./FATFS/App/fatfs.o
                0x24000610                SDPath
 .bss.SDFatFS   0x24000614      0x230 ./FATFS/App/fatfs.o
                0x24000614                SDFatFS
 .bss.FatFs     0x24000844        0x4 ./Middlewares/Third_Party/FatFs/src/ff.o
 .bss.Fsid      0x24000848        0x2 ./Middlewares/Third_Party/FatFs/src/ff.o
 *fill*         0x2400084a        0x2 
 .bss.Files     0x2400084c       0x20 ./Middlewares/Third_Party/FatFs/src/ff.o
 .bss.disk      0x2400086c        0xc ./Middlewares/Third_Party/FatFs/src/ff_gen_drv.o
                0x2400086c                disk
 .bss.__sf      0x24000878      0x138 C:/ST/STM32CubeIDE_2.2.0/STM32CubeIDE/plugins/com.st.stm32cube.ide.mcu.externaltools.gnu-tools-for-stm32.14.3.rel1.win32_1.0.100.202602081740/tools/bin/../lib/gcc/arm-none-eabi/14.3.1/../../../../arm-none-eabi/lib/thumb/v7e-m+dp/hard\libc_nano.a(libc_a-findfp.o)
                0x24000878                __sf
 .bss.errno     0x240009b0        0x4 C:/ST/STM32CubeIDE_2.2.0/STM32CubeIDE/plugins/com.st.stm32cube.ide.mcu.externaltools.gnu-tools-for-stm32.14.3.rel1.win32_1.0.100.202602081740/tools/bin/../lib/gcc/arm-none-eabi/14.3.1/../../../../arm-none-eabi/lib/thumb/v7e-m+dp/hard\libc_nano.a(libc_a-reent.o)
                0x240009b0                errno
 .bss.__lock___malloc_recursive_mutex
                0x240009b4        0x1 C:/ST/STM32CubeIDE_2.2.0/STM32CubeIDE/plugins/com.st.stm32cube.ide.mcu.externaltools.gnu-tools-for-stm32.14.3.rel1.win32_1.0.100.202602081740/tools/bin/../lib/gcc/arm-none-eabi/14.3.1/../../../../arm-none-eabi/lib/thumb/v7e-m+dp/hard\libc_nano.a(libc_a-lock.o)
                0x240009b4                __lock___malloc_recursive_mutex
 *fill*         0x240009b5        0x3 
 .bss.__malloc_sbrk_start
                0x240009b8        0x4 C:/ST/STM32CubeIDE_2.2.0/STM32CubeIDE/plugins/com.st.stm32cube.ide.mcu.externaltools.gnu-tools-for-stm32.14.3.rel1.win32_1.0.100.202602081740/tools/bin/../lib/gcc/arm-none-eabi/14.3.1/../../../../arm-none-eabi/lib/thumb/v7e-m+dp/hard\libc_nano.a(libc_a-mallocr.o)
                0x240009b8                __malloc_sbrk_start
 .bss.__malloc_free_list
                0x240009bc        0x4 C:/ST/STM32CubeIDE_2.2.0/STM32CubeIDE/plugins/com.st.stm32cube.ide.mcu.externaltools.gnu-tools-for-stm32.14.3.rel1.win32_1.0.100.202602081740/tools/bin/../lib/gcc/arm-none-eabi/14.3.1/../../../../arm-none-eabi/lib/thumb/v7e-m+dp/hard\libc_nano.a(libc_a-mallocr.o)
                0x240009bc                __malloc_free_list
 *(COMMON)
                0x240009c0                        . = ALIGN (0x4)
                0x240009c0                        _ebss = .
                0x240009c0                        __bss_end__ = _ebss

._user_heap_stack
                0x240009c0      0x600 load address 0x0800fb0c
                0x240009c0                        . = ALIGN (0x8)
                [!provide]                        PROVIDE (end = .)
                0x240009c0                        PROVIDE (_end = .)
                0x24000bc0                        . = (. + _Min_Heap_Size)
 *fill*         0x240009c0      0x200 
                0x24000fc0                        . = (. + _Min_Stack_Size)
 *fill*         0x24000bc0      0x400 
                0x24000fc0                        . = ALIGN (0x8)

/DISCARD/
 libc.a(*)
 libm.a(*)
 libgcc.a(*)

.ARM.attributes
                0x00000000       0x2e
 *(.ARM.attributes)
 .ARM.attributes
                0x00000000       0x20 C:/ST/STM32CubeIDE_2.2.0/STM32CubeIDE/plugins/com.st.stm32cube.ide.mcu.externaltools.gnu-tools-for-stm32.14.3.rel1.win32_1.0.100.202602081740/tools/bin/../lib/gcc/arm-none-eabi/14.3.1/thumb/v7e-m+dp/hard/crti.o
 .ARM.attributes
                0x00000020       0x32 C:/ST/STM32CubeIDE_2.2.0/STM32CubeIDE/plugins/com.st.stm32cube.ide.mcu.externaltools.gnu-tools-for-stm32.14.3.rel1.win32_1.0.100.202602081740/tools/bin/../lib/gcc/arm-none-eabi/14.3.1/thumb/v7e-m+dp/hard/crtbegin.o
 .ARM.attributes
                0x00000052       0x32 ./Core/Src/can_test.o
 .ARM.attributes
                0x00000084       0x32 ./Core/Src/fatfs_test.o
 .ARM.attributes
                0x000000b6       0x32 ./Core/Src/hyperram_test.o
 .ARM.attributes
                0x000000e8       0x32 ./Core/Src/main.o
 .ARM.attributes
                0x0000011a       0x32 ./Core/Src/sd_test.o
 .ARM.attributes
                0x0000014c       0x32 ./Core/Src/stm32h7xx_hal_msp.o
 .ARM.attributes
                0x0000017e       0x32 ./Core/Src/stm32h7xx_it.o
 .ARM.attributes
                0x000001b0       0x32 ./Core/Src/sysmem.o
 .ARM.attributes
                0x000001e2       0x32 ./Core/Src/system_stm32h7xx.o
 .ARM.attributes
                0x00000214       0x21 ./Core/Startup/startup_stm32h735zgtx.o
 .ARM.attributes
                0x00000235       0x32 ./Drivers/STM32H7xx_HAL_Driver/Src/stm32h7xx_hal.o
 .ARM.attributes
                0x00000267       0x32 ./Drivers/STM32H7xx_HAL_Driver/Src/stm32h7xx_hal_cortex.o
 .ARM.attributes
                0x00000299       0x32 ./Drivers/STM32H7xx_HAL_Driver/Src/stm32h7xx_hal_fdcan.o
 .ARM.attributes
                0x000002cb       0x32 ./Drivers/STM32H7xx_HAL_Driver/Src/stm32h7xx_hal_gpio.o
 .ARM.attributes
                0x000002fd       0x32 ./Drivers/STM32H7xx_HAL_Driver/Src/stm32h7xx_hal_ospi.o
 .ARM.attributes
                0x0000032f       0x32 ./Drivers/STM32H7xx_HAL_Driver/Src/stm32h7xx_hal_pwr_ex.o
 .ARM.attributes
                0x00000361       0x32 ./Drivers/STM32H7xx_HAL_Driver/Src/stm32h7xx_hal_rcc.o
 .ARM.attributes
                0x00000393       0x32 ./Drivers/STM32H7xx_HAL_Driver/Src/stm32h7xx_hal_rcc_ex.o
 .ARM.attributes
                0x000003c5       0x32 ./Drivers/STM32H7xx_HAL_Driver/Src/stm32h7xx_hal_sd.o
 .ARM.attributes
                0x000003f7       0x32 ./Drivers/STM32H7xx_HAL_Driver/Src/stm32h7xx_hal_uart.o
 .ARM.attributes
                0x00000429       0x32 ./Drivers/STM32H7xx_HAL_Driver/Src/stm32h7xx_hal_uart_ex.o
 .ARM.attributes
                0x0000045b       0x32 ./Drivers/STM32H7xx_HAL_Driver/Src/stm32h7xx_ll_sdmmc.o
 .ARM.attributes
                0x0000048d       0x32 ./FATFS/App/fatfs.o
 .ARM.attributes
                0x000004bf       0x32 ./FATFS/Target/bsp_driver_sd.o
 .ARM.attributes
                0x000004f1       0x32 ./FATFS/Target/sd_diskio.o
 .ARM.attributes
                0x00000523       0x32 ./Middlewares/Third_Party/FatFs/src/diskio.o
 .ARM.attributes
                0x00000555       0x32 ./Middlewares/Third_Party/FatFs/src/ff.o
 .ARM.attributes
                0x00000587       0x32 ./Middlewares/Third_Party/FatFs/src/ff_gen_drv.o
 .ARM.attributes
                0x000005b9       0x32 C:/ST/STM32CubeIDE_2.2.0/STM32CubeIDE/plugins/com.st.stm32cube.ide.mcu.externaltools.gnu-tools-for-stm32.14.3.rel1.win32_1.0.100.202602081740/tools/bin/../lib/gcc/arm-none-eabi/14.3.1/../../../../arm-none-eabi/lib/thumb/v7e-m+dp/hard\libc_nano.a(libc_a-findfp.o)
 .ARM.attributes
                0x000005eb       0x32 C:/ST/STM32CubeIDE_2.2.0/STM32CubeIDE/plugins/com.st.stm32cube.ide.mcu.externaltools.gnu-tools-for-stm32.14.3.rel1.win32_1.0.100.202602081740/tools/bin/../lib/gcc/arm-none-eabi/14.3.1/../../../../arm-none-eabi/lib/thumb/v7e-m+dp/hard\libc_nano.a(libc_a-snprintf.o)
 .ARM.attributes
                0x0000061d       0x32 C:/ST/STM32CubeIDE_2.2.0/STM32CubeIDE/plugins/com.st.stm32cube.ide.mcu.externaltools.gnu-tools-for-stm32.14.3.rel1.win32_1.0.100.202602081740/tools/bin/../lib/gcc/arm-none-eabi/14.3.1/../../../../arm-none-eabi/lib/thumb/v7e-m+dp/hard\libc_nano.a(libc_a-memcmp.o)
 .ARM.attributes
                0x0000064f       0x32 C:/ST/STM32CubeIDE_2.2.0/STM32CubeIDE/plugins/com.st.stm32cube.ide.mcu.externaltools.gnu-tools-for-stm32.14.3.rel1.win32_1.0.100.202602081740/tools/bin/../lib/gcc/arm-none-eabi/14.3.1/../../../../arm-none-eabi/lib/thumb/v7e-m+dp/hard\libc_nano.a(libc_a-memset.o)
 .ARM.attributes
                0x00000681       0x32 C:/ST/STM32CubeIDE_2.2.0/STM32CubeIDE/plugins/com.st.stm32cube.ide.mcu.externaltools.gnu-tools-for-stm32.14.3.rel1.win32_1.0.100.202602081740/tools/bin/../lib/gcc/arm-none-eabi/14.3.1/../../../../arm-none-eabi/lib/thumb/v7e-m+dp/hard\libc_nano.a(libc_a-reent.o)
 .ARM.attributes
                0x000006b3       0x32 C:/ST/STM32CubeIDE_2.2.0/STM32CubeIDE/plugins/com.st.stm32cube.ide.mcu.externaltools.gnu-tools-for-stm32.14.3.rel1.win32_1.0.100.202602081740/tools/bin/../lib/gcc/arm-none-eabi/14.3.1/../../../../arm-none-eabi/lib/thumb/v7e-m+dp/hard\libc_nano.a(libc_a-impure.o)
 .ARM.attributes
                0x000006e5       0x32 C:/ST/STM32CubeIDE_2.2.0/STM32CubeIDE/plugins/com.st.stm32cube.ide.mcu.externaltools.gnu-tools-for-stm32.14.3.rel1.win32_1.0.100.202602081740/tools/bin/../lib/gcc/arm-none-eabi/14.3.1/../../../../arm-none-eabi/lib/thumb/v7e-m+dp/hard\libc_nano.a(libc_a-errno.o)
 .ARM.attributes
                0x00000717       0x32 C:/ST/STM32CubeIDE_2.2.0/STM32CubeIDE/plugins/com.st.stm32cube.ide.mcu.externaltools.gnu-tools-for-stm32.14.3.rel1.win32_1.0.100.202602081740/tools/bin/../lib/gcc/arm-none-eabi/14.3.1/../../../../arm-none-eabi/lib/thumb/v7e-m+dp/hard\libc_nano.a(libc_a-init.o)
 .ARM.attributes
                0x00000749       0x32 C:/ST/STM32CubeIDE_2.2.0/STM32CubeIDE/plugins/com.st.stm32cube.ide.mcu.externaltools.gnu-tools-for-stm32.14.3.rel1.win32_1.0.100.202602081740/tools/bin/../lib/gcc/arm-none-eabi/14.3.1/../../../../arm-none-eabi/lib/thumb/v7e-m+dp/hard\libc_nano.a(libc_a-lock.o)
 .ARM.attributes
                0x0000077b       0x32 C:/ST/STM32CubeIDE_2.2.0/STM32CubeIDE/plugins/com.st.stm32cube.ide.mcu.externaltools.gnu-tools-for-stm32.14.3.rel1.win32_1.0.100.202602081740/tools/bin/../lib/gcc/arm-none-eabi/14.3.1/../../../../arm-none-eabi/lib/thumb/v7e-m+dp/hard\libc_nano.a(libc_a-memcpy-stub.o)
 .ARM.attributes
                0x000007ad       0x17 C:/ST/STM32CubeIDE_2.2.0/STM32CubeIDE/plugins/com.st.stm32cube.ide.mcu.externaltools.gnu-tools-for-stm32.14.3.rel1.win32_1.0.100.202602081740/tools/bin/../lib/gcc/arm-none-eabi/14.3.1/../../../../arm-none-eabi/lib/thumb/v7e-m+dp/hard\libc_nano.a(libc_a-strlen.o)
 .ARM.attributes
                0x000007c4       0x32 C:/ST/STM32CubeIDE_2.2.0/STM32CubeIDE/plugins/com.st.stm32cube.ide.mcu.externaltools.gnu-tools-for-stm32.14.3.rel1.win32_1.0.100.202602081740/tools/bin/../lib/gcc/arm-none-eabi/14.3.1/../../../../arm-none-eabi/lib/thumb/v7e-m+dp/hard\libc_nano.a(libc_a-freer.o)
 .ARM.attributes
                0x000007f6       0x32 C:/ST/STM32CubeIDE_2.2.0/STM32CubeIDE/plugins/com.st.stm32cube.ide.mcu.externaltools.gnu-tools-for-stm32.14.3.rel1.win32_1.0.100.202602081740/tools/bin/../lib/gcc/arm-none-eabi/14.3.1/../../../../arm-none-eabi/lib/thumb/v7e-m+dp/hard\libc_nano.a(libc_a-mallocr.o)
 .ARM.attributes
                0x00000828       0x32 C:/ST/STM32CubeIDE_2.2.0/STM32CubeIDE/plugins/com.st.stm32cube.ide.mcu.externaltools.gnu-tools-for-stm32.14.3.rel1.win32_1.0.100.202602081740/tools/bin/../lib/gcc/arm-none-eabi/14.3.1/../../../../arm-none-eabi/lib/thumb/v7e-m+dp/hard\libc_nano.a(libc_a-mlock.o)
 .ARM.attributes
                0x0000085a       0x32 C:/ST/STM32CubeIDE_2.2.0/STM32CubeIDE/plugins/com.st.stm32cube.ide.mcu.externaltools.gnu-tools-for-stm32.14.3.rel1.win32_1.0.100.202602081740/tools/bin/../lib/gcc/arm-none-eabi/14.3.1/../../../../arm-none-eabi/lib/thumb/v7e-m+dp/hard\libc_nano.a(libc_a-nano-svfprintf.o)
 .ARM.attributes
                0x0000088c       0x32 C:/ST/STM32CubeIDE_2.2.0/STM32CubeIDE/plugins/com.st.stm32cube.ide.mcu.externaltools.gnu-tools-for-stm32.14.3.rel1.win32_1.0.100.202602081740/tools/bin/../lib/gcc/arm-none-eabi/14.3.1/../../../../arm-none-eabi/lib/thumb/v7e-m+dp/hard\libc_nano.a(libc_a-nano-vfprintf_i.o)
 .ARM.attributes
                0x000008be       0x32 C:/ST/STM32CubeIDE_2.2.0/STM32CubeIDE/plugins/com.st.stm32cube.ide.mcu.externaltools.gnu-tools-for-stm32.14.3.rel1.win32_1.0.100.202602081740/tools/bin/../lib/gcc/arm-none-eabi/14.3.1/../../../../arm-none-eabi/lib/thumb/v7e-m+dp/hard\libc_nano.a(libc_a-memmove.o)
 .ARM.attributes
                0x000008f0       0x32 C:/ST/STM32CubeIDE_2.2.0/STM32CubeIDE/plugins/com.st.stm32cube.ide.mcu.externaltools.gnu-tools-for-stm32.14.3.rel1.win32_1.0.100.202602081740/tools/bin/../lib/gcc/arm-none-eabi/14.3.1/../../../../arm-none-eabi/lib/thumb/v7e-m+dp/hard\libc_nano.a(libc_a-sbrkr.o)
 .ARM.attributes
                0x00000922       0x1c C:/ST/STM32CubeIDE_2.2.0/STM32CubeIDE/plugins/com.st.stm32cube.ide.mcu.externaltools.gnu-tools-for-stm32.14.3.rel1.win32_1.0.100.202602081740/tools/bin/../lib/gcc/arm-none-eabi/14.3.1/../../../../arm-none-eabi/lib/thumb/v7e-m+dp/hard\libc_nano.a(libc_a-memchr.o)
 .ARM.attributes
                0x0000093e       0x32 C:/ST/STM32CubeIDE_2.2.0/STM32CubeIDE/plugins/com.st.stm32cube.ide.mcu.externaltools.gnu-tools-for-stm32.14.3.rel1.win32_1.0.100.202602081740/tools/bin/../lib/gcc/arm-none-eabi/14.3.1/../../../../arm-none-eabi/lib/thumb/v7e-m+dp/hard\libc_nano.a(libc_a-reallocr.o)
 .ARM.attributes
                0x00000970       0x32 C:/ST/STM32CubeIDE_2.2.0/STM32CubeIDE/plugins/com.st.stm32cube.ide.mcu.externaltools.gnu-tools-for-stm32.14.3.rel1.win32_1.0.100.202602081740/tools/bin/../lib/gcc/arm-none-eabi/14.3.1/../../../../arm-none-eabi/lib/thumb/v7e-m+dp/hard\libc_nano.a(libc_a-msizer.o)
 .ARM.attributes
                0x000009a2       0x20 C:/ST/STM32CubeIDE_2.2.0/STM32CubeIDE/plugins/com.st.stm32cube.ide.mcu.externaltools.gnu-tools-for-stm32.14.3.rel1.win32_1.0.100.202602081740/tools/bin/../lib/gcc/arm-none-eabi/14.3.1/thumb/v7e-m+dp/hard\libgcc.a(_aeabi_uldivmod.o)
 .ARM.attributes
                0x000009c2       0x32 C:/ST/STM32CubeIDE_2.2.0/STM32CubeIDE/plugins/com.st.stm32cube.ide.mcu.externaltools.gnu-tools-for-stm32.14.3.rel1.win32_1.0.100.202602081740/tools/bin/../lib/gcc/arm-none-eabi/14.3.1/thumb/v7e-m+dp/hard\libgcc.a(_udivmoddi4.o)
 .ARM.attributes
                0x000009f4       0x20 C:/ST/STM32CubeIDE_2.2.0/STM32CubeIDE/plugins/com.st.stm32cube.ide.mcu.externaltools.gnu-tools-for-stm32.14.3.rel1.win32_1.0.100.202602081740/tools/bin/../lib/gcc/arm-none-eabi/14.3.1/thumb/v7e-m+dp/hard\libgcc.a(_dvmd_tls.o)
 .ARM.attributes
                0x00000a14       0x20 C:/ST/STM32CubeIDE_2.2.0/STM32CubeIDE/plugins/com.st.stm32cube.ide.mcu.externaltools.gnu-tools-for-stm32.14.3.rel1.win32_1.0.100.202602081740/tools/bin/../lib/gcc/arm-none-eabi/14.3.1/thumb/v7e-m+dp/hard/crtn.o
OUTPUT(firmBoard735.elf elf32-littlearm)
LOAD linker stubs
LOAD C:/ST/STM32CubeIDE_2.2.0/STM32CubeIDE/plugins/com.st.stm32cube.ide.mcu.externaltools.gnu-tools-for-stm32.14.3.rel1.win32_1.0.100.202602081740/tools/bin/../lib/gcc/arm-none-eabi/14.3.1/../../../../arm-none-eabi/lib/thumb/v7e-m+dp/hard\libc.a
LOAD C:/ST/STM32CubeIDE_2.2.0/STM32CubeIDE/plugins/com.st.stm32cube.ide.mcu.externaltools.gnu-tools-for-stm32.14.3.rel1.win32_1.0.100.202602081740/tools/bin/../lib/gcc/arm-none-eabi/14.3.1/../../../../arm-none-eabi/lib/thumb/v7e-m+dp/hard\libm.a
LOAD C:/ST/STM32CubeIDE_2.2.0/STM32CubeIDE/plugins/com.st.stm32cube.ide.mcu.externaltools.gnu-tools-for-stm32.14.3.rel1.win32_1.0.100.202602081740/tools/bin/../lib/gcc/arm-none-eabi/14.3.1/thumb/v7e-m+dp/hard\libgcc.a

.debug_info     0x00000000    0x20af5
 .debug_info    0x00000000     0x14ab ./Core/Src/can_test.o
 .debug_info    0x000014ab      0xe86 ./Core/Src/fatfs_test.o
 .debug_info    0x00002331     0x12c8 ./Core/Src/hyperram_test.o
 .debug_info    0x000035f9     0x2869 ./Core/Src/main.o
 .debug_info    0x00005e62      0xdfc ./Core/Src/sd_test.o
 .debug_info    0x00006c5e     0x2661 ./Core/Src/stm32h7xx_hal_msp.o
 .debug_info    0x000092bf      0x128 ./Core/Src/stm32h7xx_it.o
 .debug_info    0x000093e7      0x168 ./Core/Src/sysmem.o
 .debug_info    0x0000954f      0xbff ./Core/Src/system_stm32h7xx.o
 .debug_info    0x0000a14e       0x30 ./Core/Startup/startup_stm32h735zgtx.o
 .debug_info    0x0000a17e     0x16aa ./Drivers/STM32H7xx_HAL_Driver/Src/stm32h7xx_hal.o
 .debug_info    0x0000b828     0x10c4 ./Drivers/STM32H7xx_HAL_Driver/Src/stm32h7xx_hal_cortex.o
 .debug_info    0x0000c8ec     0x2baf ./Drivers/STM32H7xx_HAL_Driver/Src/stm32h7xx_hal_fdcan.o
 .debug_info    0x0000f49b      0xc6b ./Drivers/STM32H7xx_HAL_Driver/Src/stm32h7xx_hal_gpio.o
 .debug_info    0x00010106     0x19de ./Drivers/STM32H7xx_HAL_Driver/Src/stm32h7xx_hal_ospi.o
 .debug_info    0x00011ae4      0xddb ./Drivers/STM32H7xx_HAL_Driver/Src/stm32h7xx_hal_pwr_ex.o
 .debug_info    0x000128bf      0xd8c ./Drivers/STM32H7xx_HAL_Driver/Src/stm32h7xx_hal_rcc.o
 .debug_info    0x0001364b     0x120b ./Drivers/STM32H7xx_HAL_Driver/Src/stm32h7xx_hal_rcc_ex.o
 .debug_info    0x00014856     0x1a93 ./Drivers/STM32H7xx_HAL_Driver/Src/stm32h7xx_hal_sd.o
 .debug_info    0x000162e9     0x4b53 ./Drivers/STM32H7xx_HAL_Driver/Src/stm32h7xx_hal_uart.o
 .debug_info    0x0001ae3c      0xfbe ./Drivers/STM32H7xx_HAL_Driver/Src/stm32h7xx_hal_uart_ex.o
 .debug_info    0x0001bdfa     0x142c ./Drivers/STM32H7xx_HAL_Driver/Src/stm32h7xx_ll_sdmmc.o
 .debug_info    0x0001d226      0x4db ./FATFS/App/fatfs.o
 .debug_info    0x0001d701      0x8dd ./FATFS/Target/bsp_driver_sd.o
 .debug_info    0x0001dfde      0x4cb ./FATFS/Target/sd_diskio.o
 .debug_info    0x0001e4a9      0x3ed ./Middlewares/Third_Party/FatFs/src/diskio.o
 .debug_info    0x0001e896     0x1eba ./Middlewares/Third_Party/FatFs/src/ff.o
 .debug_info    0x00020750      0x3a5 ./Middlewares/Third_Party/FatFs/src/ff_gen_drv.o

.debug_abbrev   0x00000000     0x3ad6
 .debug_abbrev  0x00000000      0x224 ./Core/Src/can_test.o
 .debug_abbrev  0x00000224      0x201 ./Core/Src/fatfs_test.o
 .debug_abbrev  0x00000425      0x23f ./Core/Src/hyperram_test.o
 .debug_abbrev  0x00000664      0x30a ./Core/Src/main.o
 .debug_abbrev  0x0000096e      0x25d ./Core/Src/sd_test.o
 .debug_abbrev  0x00000bcb      0x26c ./Core/Src/stm32h7xx_hal_msp.o
 .debug_abbrev  0x00000e37       0x73 ./Core/Src/stm32h7xx_it.o
 .debug_abbrev  0x00000eaa       0xbc ./Core/Src/sysmem.o
 .debug_abbrev  0x00000f66      0x153 ./Core/Src/system_stm32h7xx.o
 .debug_abbrev  0x000010b9       0x24 ./Core/Startup/startup_stm32h735zgtx.o
 .debug_abbrev  0x000010dd      0x29e ./Drivers/STM32H7xx_HAL_Driver/Src/stm32h7xx_hal.o
 .debug_abbrev  0x0000137b      0x339 ./Drivers/STM32H7xx_HAL_Driver/Src/stm32h7xx_hal_cortex.o
 .debug_abbrev  0x000016b4      0x288 ./Drivers/STM32H7xx_HAL_Driver/Src/stm32h7xx_hal_fdcan.o
 .debug_abbrev  0x0000193c      0x205 ./Drivers/STM32H7xx_HAL_Driver/Src/stm32h7xx_hal_gpio.o
 .debug_abbrev  0x00001b41      0x2be ./Drivers/STM32H7xx_HAL_Driver/Src/stm32h7xx_hal_ospi.o
 .debug_abbrev  0x00001dff      0x295 ./Drivers/STM32H7xx_HAL_Driver/Src/stm32h7xx_hal_pwr_ex.o
 .debug_abbrev  0x00002094      0x2b1 ./Drivers/STM32H7xx_HAL_Driver/Src/stm32h7xx_hal_rcc.o
 .debug_abbrev  0x00002345      0x269 ./Drivers/STM32H7xx_HAL_Driver/Src/stm32h7xx_hal_rcc_ex.o
 .debug_abbrev  0x000025ae      0x26b ./Drivers/STM32H7xx_HAL_Driver/Src/stm32h7xx_hal_sd.o
 .debug_abbrev  0x00002819      0x33d ./Drivers/STM32H7xx_HAL_Driver/Src/stm32h7xx_hal_uart.o
 .debug_abbrev  0x00002b56      0x2d2 ./Drivers/STM32H7xx_HAL_Driver/Src/stm32h7xx_hal_uart_ex.o
 .debug_abbrev  0x00002e28      0x206 ./Drivers/STM32H7xx_HAL_Driver/Src/stm32h7xx_ll_sdmmc.o
 .debug_abbrev  0x0000302e      0x143 ./FATFS/App/fatfs.o
 .debug_abbrev  0x00003171      0x24b ./FATFS/Target/bsp_driver_sd.o
 .debug_abbrev  0x000033bc      0x18f ./FATFS/Target/sd_diskio.o
 .debug_abbrev  0x0000354b      0x181 ./Middlewares/Third_Party/FatFs/src/diskio.o
 .debug_abbrev  0x000036cc      0x26b ./Middlewares/Third_Party/FatFs/src/ff.o
 .debug_abbrev  0x00003937      0x19f ./Middlewares/Third_Party/FatFs/src/ff_gen_drv.o

.debug_aranges  0x00000000     0x16d0
 .debug_aranges
                0x00000000       0x28 ./Core/Src/can_test.o
 .debug_aranges
                0x00000028       0x30 ./Core/Src/fatfs_test.o
 .debug_aranges
                0x00000058       0x30 ./Core/Src/hyperram_test.o
 .debug_aranges
                0x00000088       0x68 ./Core/Src/main.o
 .debug_aranges
                0x000000f0       0x30 ./Core/Src/sd_test.o
 .debug_aranges
                0x00000120       0x60 ./Core/Src/stm32h7xx_hal_msp.o
 .debug_aranges
                0x00000180       0x60 ./Core/Src/stm32h7xx_it.o
 .debug_aranges
                0x000001e0       0x20 ./Core/Src/sysmem.o
 .debug_aranges
                0x00000200       0x30 ./Core/Src/system_stm32h7xx.o
 .debug_aranges
                0x00000230       0x28 ./Core/Startup/startup_stm32h735zgtx.o
 .debug_aranges
                0x00000258      0x1c8 ./Drivers/STM32H7xx_HAL_Driver/Src/stm32h7xx_hal.o
 .debug_aranges
                0x00000420      0x130 ./Drivers/STM32H7xx_HAL_Driver/Src/stm32h7xx_hal_cortex.o
 .debug_aranges
                0x00000550      0x338 ./Drivers/STM32H7xx_HAL_Driver/Src/stm32h7xx_hal_fdcan.o
 .debug_aranges
                0x00000888       0x58 ./Drivers/STM32H7xx_HAL_Driver/Src/stm32h7xx_hal_gpio.o
 .debug_aranges
                0x000008e0      0x178 ./Drivers/STM32H7xx_HAL_Driver/Src/stm32h7xx_hal_ospi.o
 .debug_aranges
                0x00000a58      0x148 ./Drivers/STM32H7xx_HAL_Driver/Src/stm32h7xx_hal_pwr_ex.o
 .debug_aranges
                0x00000ba0       0x88 ./Drivers/STM32H7xx_HAL_Driver/Src/stm32h7xx_hal_rcc.o
 .debug_aranges
                0x00000c28       0xf8 ./Drivers/STM32H7xx_HAL_Driver/Src/stm32h7xx_hal_rcc_ex.o
 .debug_aranges
                0x00000d20      0x170 ./Drivers/STM32H7xx_HAL_Driver/Src/stm32h7xx_hal_sd.o
 .debug_aranges
                0x00000e90      0x248 ./Drivers/STM32H7xx_HAL_Driver/Src/stm32h7xx_hal_uart.o
 .debug_aranges
                0x000010d8       0xa8 ./Drivers/STM32H7xx_HAL_Driver/Src/stm32h7xx_hal_uart_ex.o
 .debug_aranges
                0x00001180      0x1d0 ./Drivers/STM32H7xx_HAL_Driver/Src/stm32h7xx_ll_sdmmc.o
 .debug_aranges
                0x00001350       0x20 ./FATFS/App/fatfs.o
 .debug_aranges
                0x00001370       0x98 ./FATFS/Target/bsp_driver_sd.o
 .debug_aranges
                0x00001408       0x48 ./FATFS/Target/sd_diskio.o
 .debug_aranges
                0x00001450       0x48 ./Middlewares/Third_Party/FatFs/src/diskio.o
 .debug_aranges
                0x00001498      0x1f8 ./Middlewares/Third_Party/FatFs/src/ff.o
 .debug_aranges
                0x00001690       0x40 ./Middlewares/Third_Party/FatFs/src/ff_gen_drv.o

.debug_rnglists
                0x00000000     0x118b
 .debug_rnglists
                0x00000000       0x1b ./Core/Src/can_test.o
 .debug_rnglists
                0x0000001b       0x21 ./Core/Src/fatfs_test.o
 .debug_rnglists
                0x0000003c       0x21 ./Core/Src/hyperram_test.o
 .debug_rnglists
                0x0000005d       0x4f ./Core/Src/main.o
 .debug_rnglists
                0x000000ac       0x21 ./Core/Src/sd_test.o
 .debug_rnglists
                0x000000cd       0x48 ./Core/Src/stm32h7xx_hal_msp.o
 .debug_rnglists
                0x00000115       0x43 ./Core/Src/stm32h7xx_it.o
 .debug_rnglists
                0x00000158       0x13 ./Core/Src/sysmem.o
 .debug_rnglists
                0x0000016b       0x21 ./Core/Src/system_stm32h7xx.o
 .debug_rnglists
                0x0000018c       0x19 ./Core/Startup/startup_stm32h735zgtx.o
 .debug_rnglists
                0x000001a5      0x155 ./Drivers/STM32H7xx_HAL_Driver/Src/stm32h7xx_hal.o
 .debug_rnglists
                0x000002fa       0xe0 ./Drivers/STM32H7xx_HAL_Driver/Src/stm32h7xx_hal_cortex.o
 .debug_rnglists
                0x000003da      0x28b ./Drivers/STM32H7xx_HAL_Driver/Src/stm32h7xx_hal_fdcan.o
 .debug_rnglists
                0x00000665       0x3f ./Drivers/STM32H7xx_HAL_Driver/Src/stm32h7xx_hal_gpio.o
 .debug_rnglists
                0x000006a4      0x128 ./Drivers/STM32H7xx_HAL_Driver/Src/stm32h7xx_hal_ospi.o
 .debug_rnglists