Archive member included to satisfy reference by file (symbol)

C:/ST/STM32CubeIDE_2.2.0/STM32CubeIDE/plugins/com.st.stm32cube.ide.mcu.externaltools.gnu-tools-for-stm32.14.3.rel1.win32_1.0.100.202602081740/tools/bin/../lib/gcc/arm-none-eabi/14.3.1/../../../../arm-none-eabi/lib/thumb/v7e-m+dp/hard\libc_nano.a(libc_a-exit.o)
                              C:/ST/STM32CubeIDE_2.2.0/STM32CubeIDE/plugins/com.st.stm32cube.ide.mcu.externaltools.gnu-tools-for-stm32.14.3.rel1.win32_1.0.100.202602081740/tools/bin/../lib/gcc/arm-none-eabi/14.3.1/../../../../arm-none-eabi/lib/thumb/v7e-m+dp/hard/crt0.o (exit)
C:/ST/STM32CubeIDE_2.2.0/STM32CubeIDE/plugins/com.st.stm32cube.ide.mcu.externaltools.gnu-tools-for-stm32.14.3.rel1.win32_1.0.100.202602081740/tools/bin/../lib/gcc/arm-none-eabi/14.3.1/../../../../arm-none-eabi/lib/thumb/v7e-m+dp/hard\libc_nano.a(libc_a-findfp.o)
                              C:/ST/STM32CubeIDE_2.2.0/STM32CubeIDE/plugins/com.st.stm32cube.ide.mcu.externaltools.gnu-tools-for-stm32.14.3.rel1.win32_1.0.100.202602081740/tools/bin/../lib/gcc/arm-none-eabi/14.3.1/../../../../arm-none-eabi/lib/thumb/v7e-m+dp/hard\libc_nano.a(libc_a-exit.o) (__stdio_exit_handler)
C:/ST/STM32CubeIDE_2.2.0/STM32CubeIDE/plugins/com.st.stm32cube.ide.mcu.externaltools.gnu-tools-for-stm32.14.3.rel1.win32_1.0.100.202602081740/tools/bin/../lib/gcc/arm-none-eabi/14.3.1/../../../../arm-none-eabi/lib/thumb/v7e-m+dp/hard\libc_nano.a(libc_a-fwalk.o)
                              C:/ST/STM32CubeIDE_2.2.0/STM32CubeIDE/plugins/com.st.stm32cube.ide.mcu.externaltools.gnu-tools-for-stm32.14.3.rel1.win32_1.0.100.202602081740/tools/bin/../lib/gcc/arm-none-eabi/14.3.1/../../../../arm-none-eabi/lib/thumb/v7e-m+dp/hard\libc_nano.a(libc_a-findfp.o) (_fwalk_sglue)
C:/ST/STM32CubeIDE_2.2.0/STM32CubeIDE/plugins/com.st.stm32cube.ide.mcu.externaltools.gnu-tools-for-stm32.14.3.rel1.win32_1.0.100.202602081740/tools/bin/../lib/gcc/arm-none-eabi/14.3.1/../../../../arm-none-eabi/lib/thumb/v7e-m+dp/hard\libc_nano.a(libc_a-printf.o)
                              ./Core/Src/can_test.o (printf)
C:/ST/STM32CubeIDE_2.2.0/STM32CubeIDE/plugins/com.st.stm32cube.ide.mcu.externaltools.gnu-tools-for-stm32.14.3.rel1.win32_1.0.100.202602081740/tools/bin/../lib/gcc/arm-none-eabi/14.3.1/../../../../arm-none-eabi/lib/thumb/v7e-m+dp/hard\libc_nano.a(libc_a-puts.o)
                              ./Core/Src/can_test.o (puts)
C:/ST/STM32CubeIDE_2.2.0/STM32CubeIDE/plugins/com.st.stm32cube.ide.mcu.externaltools.gnu-tools-for-stm32.14.3.rel1.win32_1.0.100.202602081740/tools/bin/../lib/gcc/arm-none-eabi/14.3.1/../../../../arm-none-eabi/lib/thumb/v7e-m+dp/hard\libc_nano.a(libc_a-setvbuf.o)
                              ./Core/Src/console.o (setvbuf)
C:/ST/STM32CubeIDE_2.2.0/STM32CubeIDE/plugins/com.st.stm32cube.ide.mcu.externaltools.gnu-tools-for-stm32.14.3.rel1.win32_1.0.100.202602081740/tools/bin/../lib/gcc/arm-none-eabi/14.3.1/../../../../arm-none-eabi/lib/thumb/v7e-m+dp/hard\libc_nano.a(libc_a-snprintf.o)
                              ./Core/Src/board_id.o (snprintf)
C:/ST/STM32CubeIDE_2.2.0/STM32CubeIDE/plugins/com.st.stm32cube.ide.mcu.externaltools.gnu-tools-for-stm32.14.3.rel1.win32_1.0.100.202602081740/tools/bin/../lib/gcc/arm-none-eabi/14.3.1/../../../../arm-none-eabi/lib/thumb/v7e-m+dp/hard\libc_nano.a(libc_a-stdio.o)
                              C:/ST/STM32CubeIDE_2.2.0/STM32CubeIDE/plugins/com.st.stm32cube.ide.mcu.externaltools.gnu-tools-for-stm32.14.3.rel1.win32_1.0.100.202602081740/tools/bin/../lib/gcc/arm-none-eabi/14.3.1/../../../../arm-none-eabi/lib/thumb/v7e-m+dp/hard\libc_nano.a(libc_a-findfp.o) (__sread)
C:/ST/STM32CubeIDE_2.2.0/STM32CubeIDE/plugins/com.st.stm32cube.ide.mcu.externaltools.gnu-tools-for-stm32.14.3.rel1.win32_1.0.100.202602081740/tools/bin/../lib/gcc/arm-none-eabi/14.3.1/../../../../arm-none-eabi/lib/thumb/v7e-m+dp/hard\libc_nano.a(libc_a-wbuf.o)
                              C:/ST/STM32CubeIDE_2.2.0/STM32CubeIDE/plugins/com.st.stm32cube.ide.mcu.externaltools.gnu-tools-for-stm32.14.3.rel1.win32_1.0.100.202602081740/tools/bin/../lib/gcc/arm-none-eabi/14.3.1/../../../../arm-none-eabi/lib/thumb/v7e-m+dp/hard\libc_nano.a(libc_a-puts.o) (__swbuf_r)
C:/ST/STM32CubeIDE_2.2.0/STM32CubeIDE/plugins/com.st.stm32cube.ide.mcu.externaltools.gnu-tools-for-stm32.14.3.rel1.win32_1.0.100.202602081740/tools/bin/../lib/gcc/arm-none-eabi/14.3.1/../../../../arm-none-eabi/lib/thumb/v7e-m+dp/hard\libc_nano.a(libc_a-wsetup.o)
                              C:/ST/STM32CubeIDE_2.2.0/STM32CubeIDE/plugins/com.st.stm32cube.ide.mcu.externaltools.gnu-tools-for-stm32.14.3.rel1.win32_1.0.100.202602081740/tools/bin/../lib/gcc/arm-none-eabi/14.3.1/../../../../arm-none-eabi/lib/thumb/v7e-m+dp/hard\libc_nano.a(libc_a-puts.o) (__swsetup_r)
[...]
Memory Configuration

Name             Origin             Length             Attributes
ITCMRAM          0x00000000         0x00010000         xrw
DTCMRAM          0x20000000         0x00020000         xrw
FLASH            0x08000000         0x00100000         xr
RAM_D1           0x24000000         0x00050000         xrw
RAM_D2           0x30000000         0x00008000         xrw
RAM_D3           0x38000000         0x00004000         xrw
*default*        0x00000000         0xffffffff

Linker script and memory map

LOAD C:/ST/STM32CubeIDE_2.2.0/STM32CubeIDE/plugins/com.st.stm32cube.ide.mcu.externaltools.gnu-tools-for-stm32.14.3.rel1.win32_1.0.100.202602081740/tools/bin/../lib/gcc/arm-none-eabi/14.3.1/thumb/v7e-m+dp/hard/crti.o
LOAD C:/ST/STM32CubeIDE_2.2.0/STM32CubeIDE/plugins/com.st.stm32cube.ide.mcu.externaltools.gnu-tools-for-stm32.14.3.rel1.win32_1.0.100.202602081740/tools/bin/../lib/gcc/arm-none-eabi/14.3.1/thumb/v7e-m+dp/hard/crtbegin.o
LOAD C:/ST/STM32CubeIDE_2.2.0/STM32CubeIDE/plugins/com.st.stm32cube.ide.mcu.externaltools.gnu-tools-for-stm32.14.3.rel1.win32_1.0.100.202602081740/tools/bin/../lib/gcc/arm-none-eabi/14.3.1/../../../../arm-none-eabi/lib/thumb/v7e-m+dp/hard/crt0.o
LOAD ./Core/Src/board_id.o
LOAD ./Core/Src/can_test.o
LOAD ./Core/Src/console.o
LOAD ./Core/Src/fatfs_rtc.o
LOAD ./Core/Src/fatfs_test.o
LOAD ./Core/Src/hyperram_test.o
LOAD ./Core/Src/main.o
LOAD ./Core/Src/rtc_test.o
LOAD ./Core/Src/sd_test.o
LOAD ./Core/Src/stm32h7xx_hal_msp.o
LOAD ./Core/Src/stm32h7xx_it.o
LOAD ./Core/Src/syscalls.o
LOAD ./Core/Src/sysmem.o
LOAD ./Core/Src/system_stm32h7xx.o
LOAD ./Core/Startup/startup_stm32h735zgtx.o
LOAD ./Drivers/STM32H7xx_HAL_Driver/Src/stm32h7xx_hal.o
LOAD ./Drivers/STM32H7xx_HAL_Driver/Src/stm32h7xx_hal_cortex.o
LOAD ./Drivers/STM32H7xx_HAL_Driver/Src/stm32h7xx_hal_dma.o
LOAD ./Drivers/STM32H7xx_HAL_Driver/Src/stm32h7xx_hal_dma_ex.o
LOAD ./Drivers/STM32H7xx_HAL_Driver/Src/stm32h7xx_hal_exti.o
LOAD ./Drivers/STM32H7xx_HAL_Driver/Src/stm32h7xx_hal_fdcan.o
LOAD ./Drivers/STM32H7xx_HAL_Driver/Src/stm32h7xx_hal_flash.o
LOAD ./Drivers/STM32H7xx_HAL_Driver/Src/stm32h7xx_hal_flash_ex.o
LOAD ./Drivers/STM32H7xx_HAL_Driver/Src/stm32h7xx_hal_gpio.o
LOAD ./Drivers/STM32H7xx_HAL_Driver/Src/stm32h7xx_hal_hsem.o
LOAD ./Drivers/STM32H7xx_HAL_Driver/Src/stm32h7xx_hal_i2c.o
LOAD ./Drivers/STM32H7xx_HAL_Driver/Src/stm32h7xx_hal_i2c_ex.o
LOAD ./Drivers/STM32H7xx_HAL_Driver/Src/stm32h7xx_hal_mdma.o
LOAD ./Drivers/STM32H7xx_HAL_Driver/Src/stm32h7xx_hal_mmc.o
LOAD ./Drivers/STM32H7xx_HAL_Driver/Src/stm32h7xx_hal_mmc_ex.o
LOAD ./Drivers/STM32H7xx_HAL_Driver/Src/stm32h7xx_hal_ospi.o
LOAD ./Drivers/STM32H7xx_HAL_Driver/Src/stm32h7xx_hal_pwr.o
LOAD ./Drivers/STM32H7xx_HAL_Driver/Src/stm32h7xx_hal_pwr_ex.o
LOAD ./Drivers/STM32H7xx_HAL_Driver/Src/stm32h7xx_hal_rcc.o
LOAD ./Drivers/STM32H7xx_HAL_Driver/Src/stm32h7xx_hal_rcc_ex.o
LOAD ./Drivers/STM32H7xx_HAL_Driver/Src/stm32h7xx_hal_rtc.o
LOAD ./Drivers/STM32H7xx_HAL_Driver/Src/stm32h7xx_hal_rtc_ex.o
LOAD ./Drivers/STM32H7xx_HAL_Driver/Src/stm32h7xx_hal_sd.o
LOAD ./Drivers/STM32H7xx_HAL_Driver/Src/stm32h7xx_hal_sd_ex.o
LOAD ./Drivers/STM32H7xx_HAL_Driver/Src/stm32h7xx_hal_tim.o
LOAD ./Drivers/STM32H7xx_HAL_Driver/Src/stm32h7xx_hal_tim_ex.o
LOAD ./Drivers/STM32H7xx_HAL_Driver/Src/stm32h7xx_hal_uart.o
LOAD ./Drivers/STM32H7xx_HAL_Driver/Src/stm32h7xx_hal_uart_ex.o
LOAD ./Drivers/STM32H7xx_HAL_Driver/Src/stm32h7xx_ll_delayblock.o
LOAD ./Drivers/STM32H7xx_HAL_Driver/Src/stm32h7xx_ll_sdmmc.o
LOAD ./FATFS/App/fatfs.o
LOAD ./FATFS/Target/bsp_driver_sd.o
LOAD ./FATFS/Target/sd_diskio.o
LOAD ./Middlewares/Third_Party/FatFs/src/diskio.o
LOAD ./Middlewares/Third_Party/FatFs/src/ff.o
LOAD ./Middlewares/Third_Party/FatFs/src/ff_gen_drv.o
LOAD ./Middlewares/Third_Party/FatFs/src/option/syscall.o
START GROUP
LOAD C:/ST/STM32CubeIDE_2.2.0/STM32CubeIDE/plugins/com.st.stm32cube.ide.mcu.externaltools.gnu-tools-for-stm32.14.3.rel1.win32_1.0.100.202602081740/tools/bin/../lib/gcc/arm-none-eabi/14.3.1/../../../../arm-none-eabi/lib/thumb/v7e-m+dp/hard\libc_nano.a
LOAD C:/ST/STM32CubeIDE_2.2.0/STM32CubeIDE/plugins/com.st.stm32cube.ide.mcu.externaltools.gnu-tools-for-stm32.14.3.rel1.win32_1.0.100.202602081740/tools/bin/../lib/gcc/arm-none-eabi/14.3.1/../../../../arm-none-eabi/lib/thumb/v7e-m+dp/hard\libm.a
END GROUP
START GROUP
LOAD C:/ST/STM32CubeIDE_2.2.0/STM32CubeIDE/plugins/com.st.stm32cube.ide.mcu.externaltools.gnu-tools-for-stm32.14.3.rel1.win32_1.0.100.202602081740/tools/bin/../lib/gcc/arm-none-eabi/14.3.1/thumb/v7e-m+dp/hard\libgcc.a
LOAD C:/ST/STM32CubeIDE_2.2.0/STM32CubeIDE/plugins/com.st.stm32cube.ide.mcu.externaltools.gnu-tools-for-stm32.14.3.rel1.win32_1.0.100.202602081740/tools/bin/../lib/gcc/arm-none-eabi/14.3.1/../../../../arm-none-eabi/lib/thumb/v7e-m+dp/hard\libc_nano.a
END GROUP
START GROUP
LOAD C:/ST/STM32CubeIDE_2.2.0/STM32CubeIDE/plugins/com.st.stm32cube.ide.mcu.externaltools.gnu-tools-for-stm32.14.3.rel1.win32_1.0.100.202602081740/tools/bin/../lib/gcc/arm-none-eabi/14.3.1/thumb/v7e-m+dp/hard\libgcc.a
LOAD C:/ST/STM32CubeIDE_2.2.0/STM32CubeIDE/plugins/com.st.stm32cube.ide.mcu.externaltools.gnu-tools-for-stm32.14.3.rel1.win32_1.0.100.202602081740/tools/bin/../lib/gcc/arm-none-eabi/14.3.1/../../../../arm-none-eabi/lib/thumb/v7e-m+dp/hard\libc_nano.a
LOAD C:/ST/STM32CubeIDE_2.2.0/STM32CubeIDE/plugins/com.st.stm32cube.ide.mcu.externaltools.gnu-tools-for-stm32.14.3.rel1.win32_1.0.100.202602081740/tools/bin/../lib/gcc/arm-none-eabi/14.3.1/../../../../arm-none-eabi/lib/thumb/v7e-m+dp/hard\libnosys.a
END GROUP
START GROUP
LOAD C:/ST/STM32CubeIDE_2.2.0/STM32CubeIDE/plugins/com.st.stm32cube.ide.mcu.externaltools.gnu-tools-for-stm32.14.3.rel1.win32_1.0.100.202602081740/tools/bin/../lib/gcc/arm-none-eabi/14.3.1/thumb/v7e-m+dp/hard\libgcc.a
LOAD C:/ST/STM32CubeIDE_2.2.0/STM32CubeIDE/plugins/com.st.stm32cube.ide.mcu.externaltools.gnu-tools-for-stm32.14.3.rel1.win32_1.0.100.202602081740/tools/bin/../lib/gcc/arm-none-eabi/14.3.1/../../../../arm-none-eabi/lib/thumb/v7e-m+dp/hard\libc_nano.a
LOAD C:/ST/STM32CubeIDE_2.2.0/STM32CubeIDE/plugins/com.st.stm32cube.ide.mcu.externaltools.gnu-tools-for-stm32.14.3.rel1.win32_1.0.100.202602081740/tools/bin/../lib/gcc/arm-none-eabi/14.3.1/../../../../arm-none-eabi/lib/thumb/v7e-m+dp/hard\libnosys.a
END GROUP
LOAD C:/ST/STM32CubeIDE_2.2.0/STM32CubeIDE/plugins/com.st.stm32cube.ide.mcu.externaltools.gnu-tools-for-stm32.14.3.rel1.win32_1.0.100.202602081740/tools/bin/../lib/gcc/arm-none-eabi/14.3.1/thumb/v7e-m+dp/hard/crtend.o
LOAD C:/ST/STM32CubeIDE_2.2.0/STM32CubeIDE/plugins/com.st.stm32cube.ide.mcu.externaltools.gnu-tools-for-stm32.14.3.rel1.win32_1.0.100.202602081740/tools/bin/../lib/gcc/arm-none-eabi/14.3.1/thumb/v7e-m+dp/hard/crtn.o
                0x24050000                        _estack = (ORIGIN (RAM_D1) + LENGTH (RAM_D1))
                0x00000200                        _Min_Heap_Size = 0x200
                0x00000400                        _Min_Stack_Size = 0x400

.isr_vector     0x08000000      0x2cc
                0x08000000                        . = ALIGN (0x4)
 *(.isr_vector)
 .isr_vector    0x08000000      0x2cc ./Core/Startup/startup_stm32h735zgtx.o
                0x08000000                g_pfnVectors
                0x080002cc                        . = ALIGN (0x4)

.text           0x080002d0     0xff2c
                0x080002d0                        . = ALIGN (0x4)
 *(.text)
 .text          0x080002d0       0x40 C:/ST/STM32CubeIDE_2.2.0/STM32CubeIDE/plugins/com.st.stm32cube.ide.mcu.externaltools.gnu-tools-for-stm32.14.3.rel1.win32_1.0.100.202602081740/tools/bin/../lib/gcc/arm-none-eabi/14.3.1/thumb/v7e-m+dp/hard/crtbegin.o
 .text          0x08000310       0x10 C:/ST/STM32CubeIDE_2.2.0/STM32CubeIDE/plugins/com.st.stm32cube.ide.mcu.externaltools.gnu-tools-for-stm32.14.3.rel1.win32_1.0.100.202602081740/tools/bin/../lib/gcc/arm-none-eabi/14.3.1/../../../../arm-none-eabi/lib/thumb/v7e-m+dp/hard\libc_nano.a(libc_a-strlen.o)
                0x08000310                strlen
 .text          0x08000320       0xa0 C:/ST/STM32CubeIDE_2.2.0/STM32CubeIDE/plugins/com.st.stm32cube.ide.mcu.externaltools.gnu-tools-for-stm32.14.3.rel1.win32_1.0.100.202602081740/tools/bin/../lib/gcc/arm-none-eabi/14.3.1/../../../../arm-none-eabi/lib/thumb/v7e-m+dp/hard\libc_nano.a(libc_a-memchr.o)
                0x08000320                memchr
 .text          0x080003c0       0x30 C:/ST/STM32CubeIDE_2.2.0/STM32CubeIDE/plugins/com.st.stm32cube.ide.mcu.externaltools.gnu-tools-for-stm32.14.3.rel1.win32_1.0.100.202602081740/tools/bin/../lib/gcc/arm-none-eabi/14.3.1/thumb/v7e-m+dp/hard\libgcc.a(_aeabi_uldivmod.o)
                0x080003c0                __aeabi_uldivmod
 .text          0x080003f0      0x2f8 C:/ST/STM32CubeIDE_2.2.0/STM32CubeIDE/plugins/com.st.stm32cube.ide.mcu.externaltools.gnu-tools-for-stm32.14.3.rel1.win32_1.0.100.202602081740/tools/bin/../lib/gcc/arm-none-eabi/14.3.1/thumb/v7e-m+dp/hard\libgcc.a(_udivmoddi4.o)
                0x080003f0                __udivmoddi4
 .text          0x080006e8        0x4 C:/ST/STM32CubeIDE_2.2.0/STM32CubeIDE/plugins/com.st.stm32cube.ide.mcu.externaltools.gnu-tools-for-stm32.14.3.rel1.win32_1.0.100.202602081740/tools/bin/../lib/gcc/arm-none-eabi/14.3.1/thumb/v7e-m+dp/hard\libgcc.a(_dvmd_tls.o)
                0x080006e8                __aeabi_idiv0
                0x080006e8                __aeabi_ldiv0
 *(.text*)
 .text.BoardID_Init
                0x080006ec       0xe8 ./Core/Src/board_id.o
                0x080006ec                BoardID_Init
 .text.BoardID_Print
                0x080007d4       0xac ./Core/Src/board_id.o
                0x080007d4                BoardID_Print
 .text.CAN_Test_Init
                0x08000880      0x194 ./Core/Src/can_test.o
                0x08000880                CAN_Test_Init
 .text.CAN_Test_Process
                0x08000a14      0x228 ./Core/Src/can_test.o
                0x08000a14                CAN_Test_Process
 .text.Console_Init
                0x08000c3c       0x40 ./Core/Src/console.o
                0x08000c3c                Console_Init
 .text._write   0x08000c7c       0x68 ./Core/Src/console.o
                0x08000c7c                _write
 .text.get_fattime
                0x08000ce4       0xbc ./Core/Src/fatfs_rtc.o
                0x08000ce4                get_fattime
 .text.FATFS_Test_ReadOnly
                0x08000da0      0x154 ./Core/Src/fatfs_test.o
                0x08000da0                FATFS_Test_ReadOnly
 .text.FATFS_Test_ReadWrite
                0x08000ef4      0x40c ./Core/Src/fatfs_test.o
                0x08000ef4                FATFS_Test_ReadWrite
 .text.main     0x08001300       0x70 ./Core/Src/main.o
                0x08001300                main
 .text.SystemClock_Config
                0x08001370       0xf4 ./Core/Src/main.o
                0x08001370                SystemClock_Config
 .text.MX_FDCAN1_Init
                0x08001464       0xc8 ./Core/Src/main.o
 .text.MX_FDCAN3_Init
                0x0800152c       0xc8 ./Core/Src/main.o
 .text.MX_OCTOSPI1_Init
                0x080015f4      0x104 ./Core/Src/main.o
 .text.MX_RTC_Init
                0x080016f8       0x50 ./Core/Src/main.o
 .text.MX_SDMMC1_SD_Init
                0x08001748       0x48 ./Core/Src/main.o
 .text.MX_USART1_UART_Init
                0x08001790       0x98 ./Core/Src/main.o
 .text.MX_GPIO_Init
                0x08001828      0x17c ./Core/Src/main.o
 .text.MPU_Config
                0x080019a4       0x58 ./Core/Src/main.o
 .text.Error_Handler
                0x080019fc        0xc ./Core/Src/main.o
                0x080019fc                Error_Handler
 .text.rtc_seconds_of_day
                0x08001a08       0x38 ./Core/Src/rtc_test.o
 .text.RTC_Test
                0x08001a40      0x2f0 ./Core/Src/rtc_test.o
                0x08001a40                RTC_Test
 .text.SD_Test_ReadOnly
                0x08001d30      0x24c ./Core/Src/sd_test.o
                0x08001d30                SD_Test_ReadOnly
 .text.SD_CheckFilesystem
                0x08001f7c      0x1d4 ./Core/Src/sd_test.o
 .text.HAL_MspInit
                0x08002150       0x34 ./Core/Src/stm32h7xx_hal_msp.o
                0x08002150                HAL_MspInit
 .text.HAL_FDCAN_MspInit
                0x08002184      0x19c ./Core/Src/stm32h7xx_hal_msp.o
                0x08002184                HAL_FDCAN_MspInit
 .text.HAL_OSPI_MspInit
                0x08002320      0x284 ./Core/Src/stm32h7xx_hal_msp.o
                0x08002320                HAL_OSPI_MspInit
 .text.HAL_RTC_MspInit
                0x080025a4       0x64 ./Core/Src/stm32h7xx_hal_msp.o
                0x080025a4                HAL_RTC_MspInit
 .text.HAL_SD_MspInit
                0x08002608      0x140 ./Core/Src/stm32h7xx_hal_msp.o
                0x08002608                HAL_SD_MspInit
 .text.HAL_UART_MspInit
                0x08002748       0xd4 ./Core/Src/stm32h7xx_hal_msp.o
                0x08002748                HAL_UART_MspInit
 .text.NMI_Handler
                0x0800281c        0x8 ./Core/Src/stm32h7xx_it.o
                0x0800281c                NMI_Handler
 .text.HardFault_Handler
                0x08002824        0x8 ./Core/Src/stm32h7xx_it.o
                0x08002824                HardFault_Handler
 .text.MemManage_Handler
                0x0800282c        0x8 ./Core/Src/stm32h7xx_it.o
                0x0800282c                MemManage_Handler
 .text.BusFault_Handler
                0x08002834        0x8 ./Core/Src/stm32h7xx_it.o
                0x08002834                BusFault_Handler
 .text.UsageFault_Handler
                0x0800283c        0x8 ./Core/Src/stm32h7xx_it.o
                0x0800283c                UsageFault_Handler
 .text.SVC_Handler
                0x08002844        0xe ./Core/Src/stm32h7xx_it.o
                0x08002844                SVC_Handler
 .text.DebugMon_Handler
                0x08002852        0xe ./Core/Src/stm32h7xx_it.o
                0x08002852                DebugMon_Handler
 .text.PendSV_Handler
                0x08002860        0xe ./Core/Src/stm32h7xx_it.o
                0x08002860                PendSV_Handler
 .text.SysTick_Handler
                0x0800286e        0xc ./Core/Src/stm32h7xx_it.o
                0x0800286e                SysTick_Handler
 .text._read    0x0800287a       0x3a ./Core/Src/syscalls.o
                0x0800287a                _read
 .text._close   0x080028b4       0x18 ./Core/Src/syscalls.o
                0x080028b4                _close
 .text._fstat   0x080028cc       0x20 ./Core/Src/syscalls.o
                0x080028cc                _fstat
 .text._isatty  0x080028ec       0x16 ./Core/Src/syscalls.o
                0x080028ec                _isatty
 .text._lseek   0x08002902       0x1a ./Core/Src/syscalls.o
                0x08002902                _lseek
 .text._sbrk    0x0800291c       0x6c ./Core/Src/sysmem.o
                0x0800291c                _sbrk
 .text.SystemInit
                0x08002988      0x120 ./Core/Src/system_stm32h7xx.o
                0x08002988                SystemInit
 .text.ExitRun0Mode
                0x08002aa8       0x1c ./Core/Src/system_stm32h7xx.o
                0x08002aa8                ExitRun0Mode
 .text.Reset_Handler
                0x08002ac4       0x54 ./Core/Startup/startup_stm32h735zgtx.o
                0x08002ac4                Reset_Handler
 .text.Default_Handler
                0x08002b18        0x2 ./Core/Startup/startup_stm32h735zgtx.o
                0x08002b18                RTC_Alarm_IRQHandler
                0x08002b18                HASH_RNG_IRQHandler
                0x08002b18                EXTI2_IRQHandler
                0x08002b18                TIM8_CC_IRQHandler
                0x08002b18                UART8_IRQHandler
                0x08002b18                SPI4_IRQHandler
                0x08002b18                FDCAN3_IT0_IRQHandler
                0x08002b18                TIM1_CC_IRQHandler
                0x08002b18                BDMA_Channel6_IRQHandler
                0x08002b18                DMA2_Stream5_IRQHandler
                0x08002b18                DMA1_Stream5_IRQHandler
                0x08002b18                CORDIC_IRQHandler
                0x08002b18                BDMA_Channel1_IRQHandler
                0x08002b18                TAMP_STAMP_IRQHandler
                0x08002b18                EXTI3_IRQHandler
                0x08002b18                LPTIM4_IRQHandler
                0x08002b18                TIM8_TRG_COM_TIM14_IRQHandler
                0x08002b18                LPTIM2_IRQHandler
                0x08002b18                DFSDM1_FLT1_IRQHandler
                0x08002b18                DMAMUX2_OVR_IRQHandler
                0x08002b18                TIM8_UP_TIM13_IRQHandler
                0x08002b18                I2C3_ER_IRQHandler
                0x08002b18                DFSDM1_FLT2_IRQHandler
                0x08002b18                I2C5_EV_IRQHandler
                0x08002b18                USART10_IRQHandler
                0x08002b18                MDMA_IRQHandler
                0x08002b18                LPTIM3_IRQHandler
                0x08002b18                HSEM1_IRQHandler
                0x08002b18                EXTI0_IRQHandler
                0x08002b18                I2C2_EV_IRQHandler
                0x08002b18                DMA1_Stream2_IRQHandler
                0x08002b18                FPU_IRQHandler
                0x08002b18                OTG_HS_WKUP_IRQHandler
                0x08002b18                FDCAN1_IT1_IRQHandler
                0x08002b18                LTDC_ER_IRQHandler
                0x08002b18                DMA2_Stream2_IRQHandler
                0x08002b18                SPI1_IRQHandler
                0x08002b18                OCTOSPI1_IRQHandler
                0x08002b18                TIM6_DAC_IRQHandler
                0x08002b18                DMA2_Stream3_IRQHandler
                0x08002b18                OCTOSPI2_IRQHandler
                0x08002b18                DFSDM1_FLT3_IRQHandler
                0x08002b18                TIM23_IRQHandler
                0x08002b18                USART6_IRQHandler
                0x08002b18                TIM17_IRQHandler
                0x08002b18                USART3_IRQHandler
                0x08002b18                BDMA_Channel7_IRQHandler
                0x08002b18                CRYP_IRQHandler
                0x08002b18                LPTIM5_IRQHandler
                0x08002b18                UART5_IRQHandler
                0x08002b18                ADC3_IRQHandler
                0x08002b18                DMA2_Stream0_IRQHandler
                0x08002b18                TIM4_IRQHandler
                0x08002b18                BDMA_Channel2_IRQHandler
                0x08002b18                I2C1_EV_IRQHandler
                0x08002b18                DMA1_Stream6_IRQHandler
                0x08002b18                DMAMUX1_OVR_IRQHandler
                0x08002b18                DMA1_Stream1_IRQHandler
                0x08002b18                TIM16_IRQHandler
                0x08002b18                UART4_IRQHandler
                0x08002b18                BDMA_Channel5_IRQHandler
                0x08002b18                TIM3_IRQHandler
                0x08002b18                RCC_IRQHandler
                0x08002b18                UART9_IRQHandler
                0x08002b18                TIM8_BRK_TIM12_IRQHandler
                0x08002b18                TIM1_TRG_COM_IRQHandler
                0x08002b18                Default_Handler
                0x08002b18                ECC_IRQHandler
                0x08002b18                FMAC_IRQHandler
                0x08002b18                CEC_IRQHandler
                0x08002b18                EXTI15_10_IRQHandler
                0x08002b18                BDMA_Channel0_IRQHandler
                0x08002b18                ADC_IRQHandler
                0x08002b18                I2C5_ER_IRQHandler
                0x08002b18                OTFDEC1_IRQHandler
                0x08002b18                DMA1_Stream7_IRQHandler
                0x08002b18                SPI5_IRQHandler
                0x08002b18                TIM7_IRQHandler
                0x08002b18                FDCAN3_IT1_IRQHandler
                0x08002b18                SDMMC1_IRQHandler
                0x08002b18                TIM5_IRQHandler
                0x08002b18                DMA2_Stream7_IRQHandler
                0x08002b18                TIM15_IRQHandler
                0x08002b18                PVD_AVD_IRQHandler
                0x08002b18                I2C3_EV_IRQHandler
                0x08002b18                EXTI9_5_IRQHandler
                0x08002b18                RTC_WKUP_IRQHandler
                0x08002b18                LTDC_IRQHandler
                0x08002b18                ETH_WKUP_IRQHandler
                0x08002b18                SPDIF_RX_IRQHandler
                0x08002b18                SPI2_IRQHandler
                0x08002b18                OTG_HS_EP1_IN_IRQHandler
                0x08002b18                DMA1_Stream0_IRQHandler
                0x08002b18                OTFDEC2_IRQHandler
                0x08002b18                TIM24_IRQHandler
                0x08002b18                CRS_IRQHandler
                0x08002b18                EXTI4_IRQHandler
                0x08002b18                FDCAN2_IT1_IRQHandler
                0x08002b18                ETH_IRQHandler
                0x08002b18                TIM1_UP_IRQHandler
                0x08002b18                BDMA_Channel4_IRQHandler
                0x08002b18                OTG_HS_EP1_OUT_IRQHandler
                0x08002b18                WWDG_IRQHandler
                0x08002b18                SPI6_IRQHandler
                0x08002b18                MDIOS_IRQHandler
                0x08002b18                I2C4_EV_IRQHandler
                0x08002b18                FDCAN2_IT0_IRQHandler
                0x08002b18                LPUART1_IRQHandler
                0x08002b18                FDCAN1_IT0_IRQHandler
                0x08002b18                TIM2_IRQHandler
                0x08002b18                OTG_HS_IRQHandler
                0x08002b18                DMA2D_IRQHandler
                0x08002b18                TIM1_BRK_IRQHandler
                0x08002b18                EXTI1_IRQHandler
                0x08002b18                SDMMC2_IRQHandler
                0x08002b18                BDMA_Channel3_IRQHandler
                0x08002b18                DTS_IRQHandler
                0x08002b18                UART7_IRQHandler
                0x08002b18                MDIOS_WKUP_IRQHandler
                0x08002b18                USART2_IRQHandler
                0x08002b18                DFSDM1_FLT0_IRQHandler
                0x08002b18                SAI4_IRQHandler
                0x08002b18                I2C2_ER_IRQHandler
                0x08002b18                DMA2_Stream1_IRQHandler
                0x08002b18                FLASH_IRQHandler
                0x08002b18                DMA2_Stream4_IRQHandler
                0x08002b18                USART1_IRQHandler
                0x08002b18                SPI3_IRQHandler
                0x08002b18                WAKEUP_PIN_IRQHandler
                0x08002b18                DMA1_Stream4_IRQHandler
                0x08002b18                I2C1_ER_IRQHandler
                0x08002b18                FMC_IRQHandler
                0x08002b18                FDCAN_CAL_IRQHandler
                0x08002b18                SWPMI1_IRQHandler
                0x08002b18                COMP1_IRQHandler
                0x08002b18                LPTIM1_IRQHandler
                0x08002b18                DCMI_PSSI_IRQHandler
                0x08002b18                I2C4_ER_IRQHandler
                0x08002b18                DMA2_Stream6_IRQHandler
                0x08002b18                SAI1_IRQHandler
                0x08002b18                DMA1_Stream3_IRQHandler
 *fill*         0x08002b1a        0x2 
 .text.HAL_Init
                0x08002b1c       0x78 ./Drivers/STM32H7xx_HAL_Driver/Src/stm32h7xx_hal.o
                0x08002b1c                HAL_Init
 .text.HAL_InitTick
                0x08002b94       0x6c ./Drivers/STM32H7xx_HAL_Driver/Src/stm32h7xx_hal.o
                0x08002b94                HAL_InitTick
 .text.HAL_IncTick
                0x08002c00       0x28 ./Drivers/STM32H7xx_HAL_Driver/Src/stm32h7xx_hal.o
                0x08002c00                HAL_IncTick
 .text.HAL_GetTick
                0x08002c28       0x18 ./Drivers/STM32H7xx_HAL_Driver/Src/stm32h7xx_hal.o
                0x08002c28                HAL_GetTick
 .text.HAL_Delay
                0x08002c40       0x48 ./Drivers/STM32H7xx_HAL_Driver/Src/stm32h7xx_hal.o
                0x08002c40                HAL_Delay
 .text.HAL_GetREVID
                0x08002c88       0x18 ./Drivers/STM32H7xx_HAL_Driver/Src/stm32h7xx_hal.o
                0x08002c88                HAL_GetREVID
 .text.HAL_GetDEVID
                0x08002ca0       0x1c ./Drivers/STM32H7xx_HAL_Driver/Src/stm32h7xx_hal.o
                0x08002ca0                HAL_GetDEVID
 .text.HAL_GetUIDw0
                0x08002cbc       0x18 ./Drivers/STM32H7xx_HAL_Driver/Src/stm32h7xx_hal.o
                0x08002cbc                HAL_GetUIDw0
 .text.HAL_GetUIDw1
                0x08002cd4       0x18 ./Drivers/STM32H7xx_HAL_Driver/Src/stm32h7xx_hal.o
                0x08002cd4                HAL_GetUIDw1
 .text.HAL_GetUIDw2
                0x08002cec       0x18 ./Drivers/STM32H7xx_HAL_Driver/Src/stm32h7xx_hal.o
                0x08002cec                HAL_GetUIDw2
 .text.__NVIC_SetPriorityGrouping
                0x08002d04       0x48 ./Drivers/STM32H7xx_HAL_Driver/Src/stm32h7xx_hal_cortex.o
 .text.__NVIC_GetPriorityGrouping
                0x08002d4c       0x1c ./Drivers/STM32H7xx_HAL_Driver/Src/stm32h7xx_hal_cortex.o
 .text.__NVIC_SetPriority
                0x08002d68       0x54 ./Drivers/STM32H7xx_HAL_Driver/Src/stm32h7xx_hal_cortex.o
 .text.NVIC_EncodePriority
                0x08002dbc       0x66 ./Drivers/STM32H7xx_HAL_Driver/Src/stm32h7xx_hal_cortex.o
 *fill*         0x08002e22        0x2 
 .text.SysTick_Config
                0x08002e24       0x44 ./Drivers/STM32H7xx_HAL_Driver/Src/stm32h7xx_hal_cortex.o
 .text.HAL_NVIC_SetPriorityGrouping
                0x08002e68       0x16 ./Drivers/STM32H7xx_HAL_Driver/Src/stm32h7xx_hal_cortex.o
                0x08002e68                HAL_NVIC_SetPriorityGrouping
 .text.HAL_NVIC_SetPriority
                0x08002e7e       0x34 ./Drivers/STM32H7xx_HAL_Driver/Src/stm32h7xx_hal_cortex.o
                0x08002e7e                HAL_NVIC_SetPriority
 .text.HAL_SYSTICK_Config
                0x08002eb2       0x18 ./Drivers/STM32H7xx_HAL_Driver/Src/stm32h7xx_hal_cortex.o
                0x08002eb2                HAL_SYSTICK_Config
 *fill*         0x08002eca        0x2 
 .text.HAL_MPU_Disable
                0x08002ecc       0x30 ./Drivers/STM32H7xx_HAL_Driver/Src/stm32h7xx_hal_cortex.o
                0x08002ecc                HAL_MPU_Disable
 .text.HAL_MPU_Enable
                0x08002efc       0x40 ./Drivers/STM32H7xx_HAL_Driver/Src/stm32h7xx_hal_cortex.o
                0x08002efc                HAL_MPU_Enable
 .text.HAL_MPU_ConfigRegion
                0x08002f3c       0x80 ./Drivers/STM32H7xx_HAL_Driver/Src/stm32h7xx_hal_cortex.o
                0x08002f3c                HAL_MPU_ConfigRegion
 .text.HAL_FDCAN_Init
                0x08002fbc      0x3bc ./Drivers/STM32H7xx_HAL_Driver/Src/stm32h7xx_hal_fdcan.o
                0x08002fbc                HAL_FDCAN_Init
 .text.HAL_FDCAN_ConfigFilter
                0x08003378       0xec ./Drivers/STM32H7xx_HAL_Driver/Src/stm32h7xx_hal_fdcan.o
                0x08003378                HAL_FDCAN_ConfigFilter
 .text.HAL_FDCAN_ConfigGlobalFilter
                0x08003464       0x5a ./Drivers/STM32H7xx_HAL_Driver/Src/stm32h7xx_hal_fdcan.o
                0x08003464                HAL_FDCAN_ConfigGlobalFilter
 .text.HAL_FDCAN_Start
                0x080034be       0x56 ./Drivers/STM32H7xx_HAL_Driver/Src/stm32h7xx_hal_fdcan.o
                0x080034be                HAL_FDCAN_Start
 .text.HAL_FDCAN_AddMessageToTxFifoQ
                0x08003514       0xb6 ./Drivers/STM32H7xx_HAL_Driver/Src/stm32h7xx_hal_fdcan.o
                0x08003514                HAL_FDCAN_AddMessageToTxFifoQ
 *fill*         0x080035ca        0x2 
 .text.HAL_FDCAN_GetRxMessage
                0x080035cc      0x2f4 ./Drivers/STM32H7xx_HAL_Driver/Src/stm32h7xx_hal_fdcan.o
                0x080035cc                HAL_FDCAN_GetRxMessage
 .text.HAL_FDCAN_GetRxFifoFillLevel
                0x080038c0       0x3c ./Drivers/STM32H7xx_HAL_Driver/Src/stm32h7xx_hal_fdcan.o
                0x080038c0                HAL_FDCAN_GetRxFifoFillLevel
 .text.FDCAN_CalculateRamBlockAddresses
                0x080038fc      0x30c ./Drivers/STM32H7xx_HAL_Driver/Src/stm32h7xx_hal_fdcan.o
 .text.FDCAN_CopyMessageToRAM
                0x08003c08       0xfc ./Drivers/STM32H7xx_HAL_Driver/Src/stm32h7xx_hal_fdcan.o
 .text.HAL_GPIO_Init
                0x08003d04      0x364 ./Drivers/STM32H7xx_HAL_Driver/Src/stm32h7xx_hal_gpio.o
                0x08003d04                HAL_GPIO_Init
 .text.HAL_GPIO_WritePin
                0x08004068       0x32 ./Drivers/STM32H7xx_HAL_Driver/Src/stm32h7xx_hal_gpio.o
                0x08004068                HAL_GPIO_WritePin
 .text.HAL_GPIO_TogglePin
                0x0800409a       0x34 ./Drivers/STM32H7xx_HAL_Driver/Src/stm32h7xx_hal_gpio.o
                0x0800409a                HAL_GPIO_TogglePin
 *fill*         0x080040ce        0x2 
 .text.HAL_OSPI_Init
                0x080040d0      0x178 ./Drivers/STM32H7xx_HAL_Driver/Src/stm32h7xx_hal_ospi.o
                0x080040d0                HAL_OSPI_Init
 .text.HAL_OSPI_HyperbusCfg
                0x08004248       0x7e ./Drivers/STM32H7xx_HAL_Driver/Src/stm32h7xx_hal_ospi.o
                0x08004248                HAL_OSPI_HyperbusCfg
 .text.HAL_OSPI_SetTimeout
                0x080042c6       0x1e ./Drivers/STM32H7xx_HAL_Driver/Src/stm32h7xx_hal_ospi.o
                0x080042c6                HAL_OSPI_SetTimeout
 .text.HAL_OSPIM_Config
                0x080042e4      0x9e8 ./Drivers/STM32H7xx_HAL_Driver/Src/stm32h7xx_hal_ospi.o
                0x080042e4                HAL_OSPIM_Config
 .text.OSPI_WaitFlagStateUntilTimeout
                0x08004ccc       0x6e ./Drivers/STM32H7xx_HAL_Driver/Src/stm32h7xx_hal_ospi.o
 *fill*         0x08004d3a        0x2 
 .text.OSPIM_GetConfig
                0x08004d3c      0x174 ./Drivers/STM32H7xx_HAL_Driver/Src/stm32h7xx_hal_ospi.o
 .text.HAL_PWR_EnableBkUpAccess
                0x08004eb0       0x20 ./Drivers/STM32H7xx_HAL_Driver/Src/stm32h7xx_hal_pwr.o
                0x08004eb0                HAL_PWR_EnableBkUpAccess
 .text.HAL_PWREx_ConfigSupply
                0x08004ed0       0xb4 ./Drivers/STM32H7xx_HAL_Driver/Src/stm32h7xx_hal_pwr_ex.o
                0x08004ed0                HAL_PWREx_ConfigSupply
 .text.HAL_RCC_OscConfig
                0x08004f84      0x7b4 ./Drivers/STM32H7xx_HAL_Driver/Src/stm32h7xx_hal_rcc.o
                0x08004f84                HAL_RCC_OscConfig
 .text.HAL_RCC_ClockConfig
                0x08005738      0x36c ./Drivers/STM32H7xx_HAL_Driver/Src/stm32h7xx_hal_rcc.o
                0x08005738                HAL_RCC_ClockConfig
 .text.HAL_RCC_GetSysClockFreq
                0x08005aa4      0x2f4 ./Drivers/STM32H7xx_HAL_Driver/Src/stm32h7xx_hal_rcc.o
                0x08005aa4                HAL_RCC_GetSysClockFreq
 .text.HAL_RCC_GetHCLKFreq
                0x08005d98       0x60 ./Drivers/STM32H7xx_HAL_Driver/Src/stm32h7xx_hal_rcc.o
                0x08005d98                HAL_RCC_GetHCLKFreq
 .text.HAL_RCC_GetPCLK1Freq
                0x08005df8       0x2c ./Drivers/STM32H7xx_HAL_Driver/Src/stm32h7xx_hal_rcc.o
                0x08005df8                HAL_RCC_GetPCLK1Freq
 .text.HAL_RCC_GetPCLK2Freq
                0x08005e24       0x2c ./Drivers/STM32H7xx_HAL_Driver/Src/stm32h7xx_hal_rcc.o
                0x08005e24                HAL_RCC_GetPCLK2Freq
 .text.HAL_RCCEx_PeriphCLKConfig
                0x08005e50     0x1340 ./Drivers/STM32H7xx_HAL_Driver/Src/stm32h7xx_hal_rcc_ex.o
                0x08005e50                HAL_RCCEx_PeriphCLKConfig
 .text.HAL_RCCEx_GetPeriphCLKFreq
                0x08007190      0x9a4 ./Drivers/STM32H7xx_HAL_Driver/Src/stm32h7xx_hal_rcc_ex.o
                0x08007190                HAL_RCCEx_GetPeriphCLKFreq
 .text.HAL_RCCEx_GetD3PCLK1Freq
                0x08007b34       0x2c ./Drivers/STM32H7xx_HAL_Driver/Src/stm32h7xx_hal_rcc_ex.o
                0x08007b34                HAL_RCCEx_GetD3PCLK1Freq
 .text.HAL_RCCEx_GetPLL2ClockFreq
                0x08007b60      0x2a8 ./Drivers/STM32H7xx_HAL_Driver/Src/stm32h7xx_hal_rcc_ex.o
                0x08007b60                HAL_RCCEx_GetPLL2ClockFreq
 .text.HAL_RCCEx_GetPLL3ClockFreq
                0x08007e08      0x2a8 ./Drivers/STM32H7xx_HAL_Driver/Src/stm32h7xx_hal_rcc_ex.o
                0x08007e08                HAL_RCCEx_GetPLL3ClockFreq
 .text.HAL_RCCEx_GetPLL1ClockFreq
                0x080080b0      0x2a4 ./Drivers/STM32H7xx_HAL_Driver/Src/stm32h7xx_hal_rcc_ex.o
                0x080080b0                HAL_RCCEx_GetPLL1ClockFreq
 .text.RCCEx_PLL2_Config
                0x08008354      0x164 ./Drivers/STM32H7xx_HAL_Driver/Src/stm32h7xx_hal_rcc_ex.o
 .text.RCCEx_PLL3_Config
                0x080084b8      0x164 ./Drivers/STM32H7xx_HAL_Driver/Src/stm32h7xx_hal_rcc_ex.o
 .text.HAL_RTC_Init
                0x0800861c      0x104 ./Drivers/STM32H7xx_HAL_Driver/Src/stm32h7xx_hal_rtc.o
                0x0800861c                HAL_RTC_Init
 .text.HAL_RTC_GetTime
                0x08008720       0xb8 ./Drivers/STM32H7xx_HAL_Driver/Src/stm32h7xx_hal_rtc.o
                0x08008720                HAL_RTC_GetTime
 .text.HAL_RTC_GetDate
                0x080087d8       0x9c ./Drivers/STM32H7xx_HAL_Driver/Src/stm32h7xx_hal_rtc.o
                0x080087d8                HAL_RTC_GetDate
 .text.HAL_RTC_WaitForSynchro
                0x08008874       0x48 ./Drivers/STM32H7xx_HAL_Driver/Src/stm32h7xx_hal_rtc.o
                0x08008874                HAL_RTC_WaitForSynchro
 .text.RTC_EnterInitMode
                0x080088bc       0x66 ./Drivers/STM32H7xx_HAL_Driver/Src/stm32h7xx_hal_rtc.o
                0x080088bc                RTC_EnterInitMode
 *fill*         0x08008922        0x2 
 .text.RTC_ExitInitMode
                0x08008924       0x7c ./Drivers/STM32H7xx_HAL_Driver/Src/stm32h7xx_hal_rtc.o
                0x08008924                RTC_ExitInitMode
 .text.RTC_Bcd2ToByte
                0x080089a0       0x34 ./Drivers/STM32H7xx_HAL_Driver/Src/stm32h7xx_hal_rtc.o
                0x080089a0                RTC_Bcd2ToByte
 .text.HAL_SD_Init
                0x080089d4      0x106 ./Drivers/STM32H7xx_HAL_Driver/Src/stm32h7xx_hal_sd.o
                0x080089d4                HAL_SD_Init
 *fill*         0x08008ada        0x2 
 .text.HAL_SD_InitCard
                0x08008adc      0x15c ./Drivers/STM32H7xx_HAL_Driver/Src/stm32h7xx_hal_sd.o
                0x08008adc                HAL_SD_InitCard
 .text.HAL_SD_ReadBlocks
                0x08008c38      0x314 ./Drivers/STM32H7xx_HAL_Driver/Src/stm32h7xx_hal_sd.o
                0x08008c38                HAL_SD_ReadBlocks
 .text.HAL_SD_WriteBlocks
                0x08008f4c      0x31c ./Drivers/STM32H7xx_HAL_Driver/Src/stm32h7xx_hal_sd.o
                0x08008f4c                HAL_SD_WriteBlocks
 .text.HAL_SD_GetCardCSD
                0x08009268      0x348 ./Drivers/STM32H7xx_HAL_Driver/Src/stm32h7xx_hal_sd.o
                0x08009268                HAL_SD_GetCardCSD
 .text.HAL_SD_GetCardStatus
                0x080095b0      0x17c ./Drivers/STM32H7xx_HAL_Driver/Src/stm32h7xx_hal_sd.o
                0x080095b0                HAL_SD_GetCardStatus
 .text.HAL_SD_GetCardInfo
                0x0800972c       0x58 ./Drivers/STM32H7xx_HAL_Driver/Src/stm32h7xx_hal_sd.o
                0x0800972c                HAL_SD_GetCardInfo
 .text.HAL_SD_ConfigWideBusOperation
                0x08009784      0x224 ./Drivers/STM32H7xx_HAL_Driver/Src/stm32h7xx_hal_sd.o
                0x08009784                HAL_SD_ConfigWideBusOperation
 .text.HAL_SD_GetCardState
                0x080099a8       0x40 ./Drivers/STM32H7xx_HAL_Driver/Src/stm32h7xx_hal_sd.o
                0x080099a8                HAL_SD_GetCardState
 .text.SD_InitCard
                0x080099e8      0x19c ./Drivers/STM32H7xx_HAL_Driver/Src/stm32h7xx_hal_sd.o
 .text.SD_PowerON
                0x08009b84      0x11c ./Drivers/STM32H7xx_HAL_Driver/Src/stm32h7xx_hal_sd.o
 .text.SD_SendSDStatus
                0x08009ca0      0x1a0 ./Drivers/STM32H7xx_HAL_Driver/Src/stm32h7xx_hal_sd.o
 .text.SD_SendStatus
                0x08009e40       0x50 ./Drivers/STM32H7xx_HAL_Driver/Src/stm32h7xx_hal_sd.o
 .text.SD_WideBus_Enable
                0x08009e90       0x96 ./Drivers/STM32H7xx_HAL_Driver/Src/stm32h7xx_hal_sd.o
 .text.SD_WideBus_Disable
                0x08009f26       0x96 ./Drivers/STM32H7xx_HAL_Driver/Src/stm32h7xx_hal_sd.o
 .text.SD_FindSCR
                0x08009fbc      0x1a0 ./Drivers/STM32H7xx_HAL_Driver/Src/stm32h7xx_hal_sd.o
 .text.HAL_UART_Init
                0x0800a15c       0xa0 ./Drivers/STM32H7xx_HAL_Driver/Src/stm32h7xx_hal_uart.o
                0x0800a15c                HAL_UART_Init
 .text.HAL_UART_Transmit
                0x0800a1fc      0x132 ./Drivers/STM32H7xx_HAL_Driver/Src/stm32h7xx_hal_uart.o
                0x0800a1fc                HAL_UART_Transmit
 *fill*         0x0800a32e        0x2 
 .text.UART_SetConfig
                0x0800a330      0xcd8 ./Drivers/STM32H7xx_HAL_Driver/Src/stm32h7xx_hal_uart.o
                0x0800a330                UART_SetConfig
 .text.UART_AdvFeatureConfig
                0x0800b008      0x144 ./Drivers/STM32H7xx_HAL_Driver/Src/stm32h7xx_hal_uart.o
                0x0800b008                UART_AdvFeatureConfig
 .text.UART_CheckIdleState
                0x0800b14c      0x154 ./Drivers/STM32H7xx_HAL_Driver/Src/stm32h7xx_hal_uart.o
                0x0800b14c                UART_CheckIdleState
 .text.UART_WaitOnFlagUntilTimeout
                0x0800b2a0       0xda ./Drivers/STM32H7xx_HAL_Driver/Src/stm32h7xx_hal_uart.o
                0x0800b2a0                UART_WaitOnFlagUntilTimeout
 *fill*         0x0800b37a        0x2 
 .text.UART_EndRxTransfer
                0x0800b37c       0xcc ./Drivers/STM32H7xx_HAL_Driver/Src/stm32h7xx_hal_uart.o
 .text.HAL_UARTEx_DisableFifoMode
                0x0800b448       0x72 ./Drivers/STM32H7xx_HAL_Driver/Src/stm32h7xx_hal_uart_ex.o
                0x0800b448                HAL_UARTEx_DisableFifoMode
 .text.HAL_UARTEx_SetTxFifoThreshold
                0x0800b4ba       0x7c ./Drivers/STM32H7xx_HAL_Driver/Src/stm32h7xx_hal_uart_ex.o
                0x0800b4ba                HAL_UARTEx_SetTxFifoThreshold
 .text.HAL_UARTEx_SetRxFifoThreshold
                0x0800b536       0x7c ./Drivers/STM32H7xx_HAL_Driver/Src/stm32h7xx_hal_uart_ex.o
                0x0800b536                HAL_UARTEx_SetRxFifoThreshold
 *fill*         0x0800b5b2        0x2 
 .text.UARTEx_SetNbDataToProcess
                0x0800b5b4       0x9c ./Drivers/STM32H7xx_HAL_Driver/Src/stm32h7xx_hal_uart_ex.o
 .text.SDMMC_Init
                0x0800b650       0x54 ./Drivers/STM32H7xx_HAL_Driver/Src/stm32h7xx_ll_sdmmc.o
                0x0800b650                SDMMC_Init
 .text.SDMMC_ReadFIFO
                0x0800b6a4       0x1a ./Drivers/STM32H7xx_HAL_Driver/Src/stm32h7xx_ll_sdmmc.o
                0x0800b6a4                SDMMC_ReadFIFO
 .text.SDMMC_WriteFIFO
                0x0800b6be       0x22 ./Drivers/STM32H7xx_HAL_Driver/Src/stm32h7xx_ll_sdmmc.o
                0x0800b6be                SDMMC_WriteFIFO
 .text.SDMMC_PowerState_ON
                0x0800b6e0       0x22 ./Drivers/STM32H7xx_HAL_Driver/Src/stm32h7xx_ll_sdmmc.o
                0x0800b6e0                SDMMC_PowerState_ON
 .text.SDMMC_GetPowerState
                0x0800b702       0x1c ./Drivers/STM32H7xx_HAL_Driver/Src/stm32h7xx_ll_sdmmc.o
                0x0800b702                SDMMC_GetPowerState
 *fill*         0x0800b71e        0x2 
 .text.SDMMC_SendCommand
                0x0800b720       0x54 ./Drivers/STM32H7xx_HAL_Driver/Src/stm32h7xx_ll_sdmmc.o
                0x0800b720                SDMMC_SendCommand
 .text.SDMMC_GetCommandResponse
                0x0800b774       0x1a ./Drivers/STM32H7xx_HAL_Driver/Src/stm32h7xx_ll_sdmmc.o
                0x0800b774                SDMMC_GetCommandResponse
 .text.SDMMC_GetResponse
                0x0800b78e       0x26 ./Drivers/STM32H7xx_HAL_Driver/Src/stm32h7xx_ll_sdmmc.o
                0x0800b78e                SDMMC_GetResponse
 .text.SDMMC_ConfigData
                0x0800b7b4       0x58 ./Drivers/STM32H7xx_HAL_Driver/Src/stm32h7xx_ll_sdmmc.o
                0x0800b7b4                SDMMC_ConfigData
 .text.SDMMC_CmdBlockLength
                0x0800b80c       0x46 ./Drivers/STM32H7xx_HAL_Driver/Src/stm32h7xx_ll_sdmmc.o
                0x0800b80c                SDMMC_CmdBlockLength
 .text.SDMMC_CmdReadSingleBlock
                0x0800b852       0x46 ./Drivers/STM32H7xx_HAL_Driver/Src/stm32h7xx_ll_sdmmc.o
                0x0800b852                SDMMC_CmdReadSingleBlock
 .text.SDMMC_CmdReadMultiBlock
                0x0800b898       0x46 ./Drivers/STM32H7xx_HAL_Driver/Src/stm32h7xx_ll_sdmmc.o
                0x0800b898                SDMMC_CmdReadMultiBlock
 .text.SDMMC_CmdWriteSingleBlock
                0x0800b8de       0x46 ./Drivers/STM32H7xx_HAL_Driver/Src/stm32h7xx_ll_sdmmc.o
                0x0800b8de                SDMMC_CmdWriteSingleBlock
 .text.SDMMC_CmdWriteMultiBlock
                0x0800b924       0x46 ./Drivers/STM32H7xx_HAL_Driver/Src/stm32h7xx_ll_sdmmc.o
                0x0800b924                SDMMC_CmdWriteMultiBlock
 *fill*         0x0800b96a        0x2 
 .text.SDMMC_CmdStopTransfer
                0x0800b96c       0x78 ./Drivers/STM32H7xx_HAL_Driver/Src/stm32h7xx_ll_sdmmc.o
                0x0800b96c                SDMMC_CmdStopTransfer
 .text.SDMMC_CmdSelDesel
                0x0800b9e4       0x46 ./Drivers/STM32H7xx_HAL_Driver/Src/stm32h7xx_ll_sdmmc.o
                0x0800b9e4                SDMMC_CmdSelDesel
 .text.SDMMC_CmdGoIdleState
                0x0800ba2a       0x3c ./Drivers/STM32H7xx_HAL_Driver/Src/stm32h7xx_ll_sdmmc.o
                0x0800ba2a                SDMMC_CmdGoIdleState
 .text.SDMMC_CmdOperCond
                0x0800ba66       0x40 ./Drivers/STM32H7xx_HAL_Driver/Src/stm32h7xx_ll_sdmmc.o
                0x0800ba66                SDMMC_CmdOperCond
 .text.SDMMC_CmdAppCommand
                0x0800baa6       0x46 ./Drivers/STM32H7xx_HAL_Driver/Src/stm32h7xx_ll_sdmmc.o
                0x0800baa6                SDMMC_CmdAppCommand
 .text.SDMMC_CmdAppOperCommand
                0x0800baec       0x40 ./Drivers/STM32H7xx_HAL_Driver/Src/stm32h7xx_ll_sdmmc.o
                0x0800baec                SDMMC_CmdAppOperCommand
 .text.SDMMC_CmdBusWidth
                0x0800bb2c       0x46 ./Drivers/STM32H7xx_HAL_Driver/Src/stm32h7xx_ll_sdmmc.o
                0x0800bb2c                SDMMC_CmdBusWidth
 .text.SDMMC_CmdSendSCR
                0x0800bb72       0x44 ./Drivers/STM32H7xx_HAL_Driver/Src/stm32h7xx_ll_sdmmc.o
                0x0800bb72                SDMMC_CmdSendSCR
 .text.SDMMC_CmdSendCID
                0x0800bbb6       0x3e ./Drivers/STM32H7xx_HAL_Driver/Src/stm32h7xx_ll_sdmmc.o
                0x0800bbb6                SDMMC_CmdSendCID
 .text.SDMMC_CmdSendCSD
                0x0800bbf4       0x40 ./Drivers/STM32H7xx_HAL_Driver/Src/stm32h7xx_ll_sdmmc.o
                0x0800bbf4                SDMMC_CmdSendCSD
 .text.SDMMC_CmdSetRelAdd
                0x0800bc34       0x44 ./Drivers/STM32H7xx_HAL_Driver/Src/stm32h7xx_ll_sdmmc.o
                0x0800bc34                SDMMC_CmdSetRelAdd
 .text.SDMMC_CmdSendStatus
                0x0800bc78       0x46 ./Drivers/STM32H7xx_HAL_Driver/Src/stm32h7xx_ll_sdmmc.o
                0x0800bc78                SDMMC_CmdSendStatus
 .text.SDMMC_CmdStatusRegister
                0x0800bcbe       0x44 ./Drivers/STM32H7xx_HAL_Driver/Src/stm32h7xx_ll_sdmmc.o
                0x0800bcbe                SDMMC_CmdStatusRegister
 *fill*         0x0800bd02        0x2 
 .text.SDMMC_GetCmdResp1
                0x0800bd04      0x1e4 ./Drivers/STM32H7xx_HAL_Driver/Src/stm32h7xx_ll_sdmmc.o
                0x0800bd04                SDMMC_GetCmdResp1
 .text.SDMMC_GetCmdResp2
                0x0800bee8       0x94 ./Drivers/STM32H7xx_HAL_Driver/Src/stm32h7xx_ll_sdmmc.o
                0x0800bee8                SDMMC_GetCmdResp2
 .text.SDMMC_GetCmdResp3
                0x0800bf7c       0x80 ./Drivers/STM32H7xx_HAL_Driver/Src/stm32h7xx_ll_sdmmc.o
                0x0800bf7c                SDMMC_GetCmdResp3
 .text.SDMMC_GetCmdResp6
                0x0800bffc       0xf0 ./Drivers/STM32H7xx_HAL_Driver/Src/stm32h7xx_ll_sdmmc.o
                0x0800bffc                SDMMC_GetCmdResp6
 .text.SDMMC_GetCmdResp7
                0x0800c0ec       0x9c ./Drivers/STM32H7xx_HAL_Driver/Src/stm32h7xx_ll_sdmmc.o
                0x0800c0ec                SDMMC_GetCmdResp7
 .text.SDMMC_GetCmdError
                0x0800c188       0x5c ./Drivers/STM32H7xx_HAL_Driver/Src/stm32h7xx_ll_sdmmc.o
 .text.MX_FATFS_Init
                0x0800c1e4       0x24 ./FATFS/App/fatfs.o
                0x0800c1e4                MX_FATFS_Init
 .text.BSP_SD_ReadBlocks
                0x0800c208       0x3c ./FATFS/Target/bsp_driver_sd.o
                0x0800c208                BSP_SD_ReadBlocks
 .text.BSP_SD_WriteBlocks
                0x0800c244       0x3c ./FATFS/Target/bsp_driver_sd.o
                0x0800c244                BSP_SD_WriteBlocks
 .text.BSP_SD_GetCardState
                0x0800c280       0x20 ./FATFS/Target/bsp_driver_sd.o
                0x0800c280                BSP_SD_GetCardState
 .text.BSP_SD_GetCardInfo
                0x0800c2a0       0x1c ./FATFS/Target/bsp_driver_sd.o
                0x0800c2a0                BSP_SD_GetCardInfo
 .text.SD_CheckStatus
                0x0800c2bc       0x3c ./FATFS/Target/sd_diskio.o
 .text.SD_initialize
                0x0800c2f8       0x34 ./FATFS/Target/sd_diskio.o
                0x0800c2f8                SD_initialize
 .text.SD_status
                0x0800c32c       0x1c ./FATFS/Target/sd_diskio.o
                0x0800c32c                SD_status
 .text.SD_read  0x0800c348       0x42 ./FATFS/Target/sd_diskio.o
                0x0800c348                SD_read
 .text.SD_write
                0x0800c38a       0x42 ./FATFS/Target/sd_diskio.o
                0x0800c38a                SD_write
 .text.SD_ioctl
                0x0800c3cc       0xb0 ./FATFS/Target/sd_diskio.o
                0x0800c3cc                SD_ioctl
 .text.disk_status
                0x0800c47c       0x34 ./Middlewares/Third_Party/FatFs/src/diskio.o
                0x0800c47c                disk_status
 .text.disk_initialize
                0x0800c4b0       0x50 ./Middlewares/Third_Party/FatFs/src/diskio.o
                0x0800c4b0                disk_initialize
 .text.disk_read
                0x0800c500       0x40 ./Middlewares/Third_Party/FatFs/src/diskio.o
                0x0800c500                disk_read
 .text.disk_write
                0x0800c540       0x40 ./Middlewares/Third_Party/FatFs/src/diskio.o
                0x0800c540                disk_write
 .text.disk_ioctl
                0x0800c580       0x3c ./Middlewares/Third_Party/FatFs/src/diskio.o
                0x0800c580                disk_ioctl
 .text.ld_word  0x0800c5bc       0x32 ./Middlewares/Third_Party/FatFs/src/ff.o
 .text.ld_dword
                0x0800c5ee       0x46 ./Middlewares/Third_Party/FatFs/src/ff.o
 .text.st_word  0x0800c634       0x36 ./Middlewares/Third_Party/FatFs/src/ff.o
 .text.st_dword
                0x0800c66a       0x58 ./Middlewares/Third_Party/FatFs/src/ff.o
 .text.mem_cpy  0x0800c6c2       0x42 ./Middlewares/Third_Party/FatFs/src/ff.o
 .text.mem_set  0x0800c704       0x36 ./Middlewares/Third_Party/FatFs/src/ff.o
 .text.mem_cmp  0x0800c73a       0x4e ./Middlewares/Third_Party/FatFs/src/ff.o
 .text.chk_chr  0x0800c788       0x36 ./Middlewares/Third_Party/FatFs/src/ff.o
 *fill*         0x0800c7be        0x2 
 .text.chk_lock
                0x0800c7c0       0xb8 ./Middlewares/Third_Party/FatFs/src/ff.o
 .text.enq_lock
                0x0800c878       0x44 ./Middlewares/Third_Party/FatFs/src/ff.o
 .text.inc_lock
                0x0800c8bc      0x11c ./Middlewares/Third_Party/FatFs/src/ff.o
 .text.dec_lock
                0x0800c9d8       0x78 ./Middlewares/Third_Party/FatFs/src/ff.o
 .text.clear_lock
                0x0800ca50       0x48 ./Middlewares/Third_Party/FatFs/src/ff.o
 .text.sync_window
                0x0800ca98       0x88 ./Middlewares/Third_Party/FatFs/src/ff.o
 .text.move_window
                0x0800cb20       0x5a ./Middlewares/Third_Party/FatFs/src/ff.o
 *fill*         0x0800cb7a        0x2 
 .text.sync_fs  0x0800cb7c       0xdc ./Middlewares/Third_Party/FatFs/src/ff.o
 .text.clust2sect
                0x0800cc58       0x3e ./Middlewares/Third_Party/FatFs/src/ff.o
 .text.get_fat  0x0800cc96      0x14e ./Middlewares/Third_Party/FatFs/src/ff.o
 .text.put_fat  0x0800cde4      0x1d4 ./Middlewares/Third_Party/FatFs/src/ff.o
 .text.remove_chain
                0x0800cfb8       0xca ./Middlewares/Third_Party/FatFs/src/ff.o
 .text.create_chain
                0x0800d082      0x130 ./Middlewares/Third_Party/FatFs/src/ff.o
 .text.dir_sdi  0x0800d1b2       0xf6 ./Middlewares/Third_Party/FatFs/src/ff.o
 .text.dir_next
                0x0800d2a8      0x18a ./Middlewares/Third_Party/FatFs/src/ff.o
 .text.dir_alloc
                0x0800d432       0x8e ./Middlewares/Third_Party/FatFs/src/ff.o
 .text.ld_clust
                0x0800d4c0       0x3e ./Middlewares/Third_Party/FatFs/src/ff.o
 .text.st_clust
                0x0800d4fe       0x40 ./Middlewares/Third_Party/FatFs/src/ff.o
 .text.dir_read
                0x0800d53e       0xba ./Middlewares/Third_Party/FatFs/src/ff.o
 .text.dir_find
                0x0800d5f8       0xaa ./Middlewares/Third_Party/FatFs/src/ff.o
 .text.dir_register
                0x0800d6a2       0x64 ./Middlewares/Third_Party/FatFs/src/ff.o
 .text.get_fileinfo
                0x0800d706       0xc0 ./Middlewares/Third_Party/FatFs/src/ff.o
 *fill*         0x0800d7c6        0x2 
 .text.create_name
                0x0800d7c8      0x128 ./Middlewares/Third_Party/FatFs/src/ff.o
 .text.follow_path
                0x0800d8f0       0xe2 ./Middlewares/Third_Party/FatFs/src/ff.o
 .text.get_ldnumber
                0x0800d9d2       0x88 ./Middlewares/Third_Party/FatFs/src/ff.o
 *fill*         0x0800da5a        0x2 
 .text.check_fs
                0x0800da5c       0xac ./Middlewares/Third_Party/FatFs/src/ff.o
 .text.find_volume
                0x0800db08      0x498 ./Middlewares/Third_Party/FatFs/src/ff.o
 .text.validate
                0x0800dfa0       0x6a ./Middlewares/Third_Party/FatFs/src/ff.o
 *fill*         0x0800e00a        0x2 
 .text.f_mount  0x0800e00c       0x8c ./Middlewares/Third_Party/FatFs/src/ff.o
                0x0800e00c                f_mount
 .text.f_open   0x0800e098      0x36e ./Middlewares/Third_Party/FatFs/src/ff.o
                0x0800e098                f_open
 .text.f_read   0x0800e406      0x266 ./Middlewares/Third_Party/FatFs/src/ff.o
                0x0800e406                f_read
 .text.f_write  0x0800e66c      0x2d2 ./Middlewares/Third_Party/FatFs/src/ff.o
                0x0800e66c                f_write
 .text.f_sync   0x0800e93e       0xfc ./Middlewares/Third_Party/FatFs/src/ff.o
                0x0800e93e                f_sync
 .text.f_close  0x0800ea3a       0x54 ./Middlewares/Third_Party/FatFs/src/ff.o
                0x0800ea3a                f_close
 .text.f_opendir
                0x0800ea8e       0xe6 ./Middlewares/Third_Party/FatFs/src/ff.o
                0x0800ea8e                f_opendir
 .text.f_closedir
                0x0800eb74       0x4c ./Middlewares/Third_Party/FatFs/src/ff.o
                0x0800eb74                f_closedir
 .text.f_readdir
                0x0800ebc0       0x7a ./Middlewares/Third_Party/FatFs/src/ff.o
                0x0800ebc0                f_readdir
 .text.f_stat   0x0800ec3a       0x72 ./Middlewares/Third_Party/FatFs/src/ff.o
                0x0800ec3a                f_stat
 .text.FATFS_LinkDriverEx
                0x0800ecac       0x98 ./Middlewares/Third_Party/FatFs/src/ff_gen_drv.o
                0x0800ecac                FATFS_LinkDriverEx
 .text.FATFS_LinkDriver
                0x0800ed44       0x1e ./Middlewares/Third_Party/FatFs/src/ff_gen_drv.o
                0x0800ed44                FATFS_LinkDriver
 *fill*         0x0800ed62        0x2 
 .text.std      0x0800ed64       0x6c C:/ST/STM32CubeIDE_2.2.0/STM32CubeIDE/plugins/com.st.stm32cube.ide.mcu.externaltools.gnu-tools-for-stm32.14.3.rel1.win32_1.0.100.202602081740/tools/bin/../lib/gcc/arm-none-eabi/14.3.1/../../../../arm-none-eabi/lib/thumb/v7e-m+dp/hard\libc_nano.a(libc_a-findfp.o)
 .text.stdio_exit_handler
                0x0800edd0       0x18 C:/ST/STM32CubeIDE_2.2.0/STM32CubeIDE/plugins/com.st.stm32cube.ide.mcu.externaltools.gnu-tools-for-stm32.14.3.rel1.win32_1.0.100.202602081740/tools/bin/../lib/gcc/arm-none-eabi/14.3.1/../../../../arm-none-eabi/lib/thumb/v7e-m+dp/hard\libc_nano.a(libc_a-findfp.o)
 .text.cleanup_stdio
                0x0800ede8       0x40 C:/ST/STM32CubeIDE_2.2.0/STM32CubeIDE/plugins/com.st.stm32cube.ide.mcu.externaltools.gnu-tools-for-stm32.14.3.rel1.win32_1.0.100.202602081740/tools/bin/../lib/gcc/arm-none-eabi/14.3.1/../../../../arm-none-eabi/lib/thumb/v7e-m+dp/hard\libc_nano.a(libc_a-findfp.o)
 .text.global_stdio_init.part.0
                0x0800ee28       0x40 C:/ST/STM32CubeIDE_2.2.0/STM32CubeIDE/plugins/com.st.stm32cube.ide.mcu.externaltools.gnu-tools-for-stm32.14.3.rel1.win32_1.0.100.202602081740/tools/bin/../lib/gcc/arm-none-eabi/14.3.1/../../../../arm-none-eabi/lib/thumb/v7e-m+dp/hard\libc_nano.a(libc_a-findfp.o)
 .text.__sfp_lock_acquire
                0x0800ee68        0xc C:/ST/STM32CubeIDE_2.2.0/STM32CubeIDE/plugins/com.st.stm32cube.ide.mcu.externaltools.gnu-tools-for-stm32.14.3.rel1.win32_1.0.100.202602081740/tools/bin/../lib/gcc/arm-none-eabi/14.3.1/../../../../arm-none-eabi/lib/thumb/v7e-m+dp/hard\libc_nano.a(libc_a-findfp.o)
                0x0800ee68                __sfp_lock_acquire
 .text.__sfp_lock_release
                0x0800ee74        0xc C:/ST/STM32CubeIDE_2.2.0/STM32CubeIDE/plugins/com.st.stm32cube.ide.mcu.externaltools.gnu-tools-for-stm32.14.3.rel1.win32_1.0.100.202602081740/tools/bin/../lib/gcc/arm-none-eabi/14.3.1/../../../../arm-none-eabi/lib/thumb/v7e-m+dp/hard\libc_nano.a(libc_a-findfp.o)
                0x0800ee74                __sfp_lock_release
 .text.__sinit  0x0800ee80       0x30 C:/ST/STM32CubeIDE_2.2.0/STM32CubeIDE/plugins/com.st.stm32cube.ide.mcu.externaltools.gnu-tools-for-stm32.14.3.rel1.win32_1.0.100.202602081740/tools/bin/../lib/gcc/arm-none-eabi/14.3.1/../../../../arm-none-eabi/lib/thumb/v7e-m+dp/hard\libc_nano.a(libc_a-findfp.o)
                0x0800ee80                __sinit
 .text._fwalk_sglue
                0x0800eeb0       0x3c C:/ST/STM32CubeIDE_2.2.0/STM32CubeIDE/plugins/com.st.stm32cube.ide.mcu.externaltools.gnu-tools-for-stm32.14.3.rel1.win32_1.0.100.202602081740/tools/bin/../lib/gcc/arm-none-eabi/14.3.1/../../../../arm-none-eabi/lib/thumb/v7e-m+dp/hard\libc_nano.a(libc_a-fwalk.o)
                0x0800eeb0                _fwalk_sglue
 .text.printf   0x0800eeec       0x24 C:/ST/STM32CubeIDE_2.2.0/STM32CubeIDE/plugins/com.st.stm32cube.ide.mcu.externaltools.gnu-tools-for-stm32.14.3.rel1.win32_1.0.100.202602081740/tools/bin/../lib/gcc/arm-none-eabi/14.3.1/../../../../arm-none-eabi/lib/thumb/v7e-m+dp/hard\libc_nano.a(libc_a-printf.o)
                0x0800eeec                iprintf
                0x0800eeec                printf
 .text._puts_r  0x0800ef10       0xaa C:/ST/STM32CubeIDE_2.2.0/STM32CubeIDE/plugins/com.st.stm32cube.ide.mcu.externaltools.gnu-tools-for-stm32.14.3.rel1.win32_1.0.100.202602081740/tools/bin/../lib/gcc/arm-none-eabi/14.3.1/../../../../arm-none-eabi/lib/thumb/v7e-m+dp/hard\libc_nano.a(libc_a-puts.o)
                0x0800ef10                _puts_r
 *fill*         0x0800efba        0x2 
 .text.puts     0x0800efbc       0x10 C:/ST/STM32CubeIDE_2.2.0/STM32CubeIDE/plugins/com.st.stm32cube.ide.mcu.externaltools.gnu-tools-for-stm32.14.3.rel1.win32_1.0.100.202602081740/tools/bin/../lib/gcc/arm-none-eabi/14.3.1/../../../../arm-none-eabi/lib/thumb/v7e-m+dp/hard\libc_nano.a(libc_a-puts.o)
                0x0800efbc                puts
 .text.setvbuf  0x0800efcc      0x168 C:/ST/STM32CubeIDE_2.2.0/STM32CubeIDE/plugins/com.st.stm32cube.ide.mcu.externaltools.gnu-tools-for-stm32.14.3.rel1.win32_1.0.100.202602081740/tools/bin/../lib/gcc/arm-none-eabi/14.3.1/../../../../arm-none-eabi/lib/thumb/v7e-m+dp/hard\libc_nano.a(libc_a-setvbuf.o)
                0x0800efcc                setvbuf
 .text.snprintf
                0x0800f134       0x6c C:/ST/STM32CubeIDE_2.2.0/STM32CubeIDE/plugins/com.st.stm32cube.ide.mcu.externaltools.gnu-tools-for-stm32.14.3.rel1.win32_1.0.100.202602081740/tools/bin/../lib/gcc/arm-none-eabi/14.3.1/../../../../arm-none-eabi/lib/thumb/v7e-m+dp/hard\libc_nano.a(libc_a-snprintf.o)
                0x0800f134                sniprintf
                0x0800f134                snprintf
 .text.__sread  0x0800f1a0       0x22 C:/ST/STM32CubeIDE_2.2.0/STM32CubeIDE/plugins/com.st.stm32cube.ide.mcu.externaltools.gnu-tools-for-stm32.14.3.rel1.win32_1.0.100.202602081740/tools/bin/../lib/gcc/arm-none-eabi/14.3.1/../../../../arm-none-eabi/lib/thumb/v7e-m+dp/hard\libc_nano.a(libc_a-stdio.o)
                0x0800f1a0                __sread
 .text.__swrite
                0x0800f1c2       0x38 C:/ST/STM32CubeIDE_2.2.0/STM32CubeIDE/plugins/com.st.stm32cube.ide.mcu.externaltools.gnu-tools-for-stm32.14.3.rel1.win32_1.0.100.202602081740/tools/bin/../lib/gcc/arm-none-eabi/14.3.1/../../../../arm-none-eabi/lib/thumb/v7e-m+dp/hard\libc_nano.a(libc_a-stdio.o)
                0x0800f1c2                __swrite
 .text.__sseek  0x0800f1fa       0x26 C:/ST/STM32CubeIDE_2.2.0/STM32CubeIDE/plugins/com.st.stm32cube.ide.mcu.externaltools.gnu-tools-for-stm32.14.3.rel1.win32_1.0.100.202602081740/tools/bin/../lib/gcc/arm-none-eabi/14.3.1/../../../../arm-none-eabi/lib/thumb/v7e-m+dp/hard\libc_nano.a(libc_a-stdio.o)
                0x0800f1fa                __sseek
 .text.__sclose
                0x0800f220        0x8 C:/ST/STM32CubeIDE_2.2.0/STM32CubeIDE/plugins/com.st.stm32cube.ide.mcu.externaltools.gnu-tools-for-stm32.14.3.rel1.win32_1.0.100.202602081740/tools/bin/../lib/gcc/arm-none-eabi/14.3.1/../../../../arm-none-eabi/lib/thumb/v7e-m+dp/hard\libc_nano.a(libc_a-stdio.o)
                0x0800f220                __sclose
 .text.__swbuf_r
                0x0800f228       0x7c C:/ST/STM32CubeIDE_2.2.0/STM32CubeIDE/plugins/com.st.stm32cube.ide.mcu.externaltools.gnu-tools-for-stm32.14.3.rel1.win32_1.0.100.202602081740/tools/bin/../lib/gcc/arm-none-eabi/14.3.1/../../../../arm-none-eabi/lib/thumb/v7e-m+dp/hard\libc_nano.a(libc_a-wbuf.o)
                0x0800f228                __swbuf_r
 .text.__swsetup_r
                0x0800f2a4       0xa8 C:/ST/STM32CubeIDE_2.2.0/STM32CubeIDE/plugins/com.st.stm32cube.ide.mcu.externaltools.gnu-tools-for-stm32.14.3.rel1.win32_1.0.100.202602081740/tools/bin/../lib/gcc/arm-none-eabi/14.3.1/../../../../arm-none-eabi/lib/thumb/v7e-m+dp/hard\libc_nano.a(libc_a-wsetup.o)
                0x0800f2a4                __swsetup_r
 .text.memcmp   0x0800f34c       0x20 C:/ST/STM32CubeIDE_2.2.0/STM32CubeIDE/plugins/com.st.stm32cube.ide.mcu.externaltools.gnu-tools-for-stm32.14.3.rel1.win32_1.0.100.202602081740/tools/bin/../lib/gcc/arm-none-eabi/14.3.1/../../../../arm-none-eabi/lib/thumb/v7e-m+dp/hard\libc_nano.a(libc_a-memcmp.o)
                0x0800f34c                memcmp
 .text.memset   0x0800f36c       0x10 C:/ST/STM32CubeIDE_2.2.0/STM32CubeIDE/plugins/com.st.stm32cube.ide.mcu.externaltools.gnu-tools-for-stm32.14.3.rel1.win32_1.0.100.202602081740/tools/bin/../lib/gcc/arm-none-eabi/14.3.1/../../../../arm-none-eabi/lib/thumb/v7e-m+dp/hard\libc_nano.a(libc_a-memset.o)
                0x0800f36c                memset
 .text._close_r
                0x0800f37c       0x20 C:/ST/STM32CubeIDE_2.2.0/STM32CubeIDE/plugins/com.st.stm32cube.ide.mcu.externaltools.gnu-tools-for-stm32.14.3.rel1.win32_1.0.100.202602081740/tools/bin/../lib/gcc/arm-none-eabi/14.3.1/../../../../arm-none-eabi/lib/thumb/v7e-m+dp/hard\libc_nano.a(libc_a-closer.o)
                0x0800f37c                _close_r
 .text._lseek_r
                0x0800f39c       0x24 C:/ST/STM32CubeIDE_2.2.0/STM32CubeIDE/plugins/com.st.stm32cube.ide.mcu.externaltools.gnu-tools-for-stm32.14.3.rel1.win32_1.0.100.202602081740/tools/bin/../lib/gcc/arm-none-eabi/14.3.1/../../../../arm-none-eabi/lib/thumb/v7e-m+dp/hard\libc_nano.a(libc_a-lseekr.o)
                0x0800f39c                _lseek_r
 .text._read_r  0x0800f3c0       0x24 C:/ST/STM32CubeIDE_2.2.0/STM32CubeIDE/plugins/com.st.stm32cube.ide.mcu.externaltools.gnu-tools-for-stm32.14.3.rel1.win32_1.0.100.202602081740/tools/bin/../lib/gcc/arm-none-eabi/14.3.1/../../../../arm-none-eabi/lib/thumb/v7e-m+dp/hard\libc_nano.a(libc_a-readr.o)
                0x0800f3c0                _read_r
 .text._write_r
                0x0800f3e4       0x24 C:/ST/STM32CubeIDE_2.2.0/STM32CubeIDE/plugins/com.st.stm32cube.ide.mcu.externaltools.gnu-tools-for-stm32.14.3.rel1.win32_1.0.100.202602081740/tools/bin/../lib/gcc/arm-none-eabi/14.3.1/../../../../arm-none-eabi/lib/thumb/v7e-m+dp/hard\libc_nano.a(libc_a-writer.o)
                0x0800f3e4                _write_r
 .text.__errno  0x0800f408        0xc C:/ST/STM32CubeIDE_2.2.0/STM32CubeIDE/plugins/com.st.stm32cube.ide.mcu.externaltools.gnu-tools-for-stm32.14.3.rel1.win32_1.0.100.202602081740/tools/bin/../lib/gcc/arm-none-eabi/14.3.1/../../../../arm-none-eabi/lib/thumb/v7e-m+dp/hard\libc_nano.a(libc_a-errno.o)
                0x0800f408                __errno
 .text.__libc_init_array
                0x0800f414       0x48 C:/ST/STM32CubeIDE_2.2.0/STM32CubeIDE/plugins/com.st.stm32cube.ide.mcu.externaltools.gnu-tools-for-stm32.14.3.rel1.win32_1.0.100.202602081740/tools/bin/../lib/gcc/arm-none-eabi/14.3.1/../../../../arm-none-eabi/lib/thumb/v7e-m+dp/hard\libc_nano.a(libc_a-init.o)
                0x0800f414                __libc_init_array
 .text.__retarget_lock_init_recursive
                0x0800f45c        0x2 C:/ST/STM32CubeIDE_2.2.0/STM32CubeIDE/plugins/com.st.stm32cube.ide.mcu.externaltools.gnu-tools-for-stm32.14.3.rel1.win32_1.0.100.202602081740/tools/bin/../lib/gcc/arm-none-eabi/14.3.1/../../../../arm-none-eabi/lib/thumb/v7e-m+dp/hard\libc_nano.a(libc_a-lock.o)
                0x0800f45c                __retarget_lock_init_recursive
 .text.__retarget_lock_acquire_recursive
                0x0800f45e        0x2 C:/ST/STM32CubeIDE_2.2.0/STM32CubeIDE/plugins/com.st.stm32cube.ide.mcu.externaltools.gnu-tools-for-stm32.14.3.rel1.win32_1.0.100.202602081740/tools/bin/../lib/gcc/arm-none-eabi/14.3.1/../../../../arm-none-eabi/lib/thumb/v7e-m+dp/hard\libc_nano.a(libc_a-lock.o)
                0x0800f45e                __retarget_lock_acquire_recursive
 .text.__retarget_lock_release_recursive
                0x0800f460        0x2 C:/ST/STM32CubeIDE_2.2.0/STM32CubeIDE/plugins/com.st.stm32cube.ide.mcu.externaltools.gnu-tools-for-stm32.14.3.rel1.win32_1.0.100.202602081740/tools/bin/../lib/gcc/arm-none-eabi/14.3.1/../../../../arm-none-eabi/lib/thumb/v7e-m+dp/hard\libc_nano.a(libc_a-lock.o)
                0x0800f460                __retarget_lock_release_recursive
 .text.memcpy   0x0800f462       0x1c C:/ST/STM32CubeIDE_2.2.0/STM32CubeIDE/plugins/com.st.stm32cube.ide.mcu.externaltools.gnu-tools-for-stm32.14.3.rel1.win32_1.0.100.202602081740/tools/bin/../lib/gcc/arm-none-eabi/14.3.1/../../../../arm-none-eabi/lib/thumb/v7e-m+dp/hard\libc_nano.a(libc_a-memcpy-stub.o)
                0x0800f462                memcpy
 *fill*         0x0800f47e        0x2 
 .text._free_r  0x0800f480       0x94 C:/ST/STM32CubeIDE_2.2.0/STM32CubeIDE/plugins/com.st.stm32cube.ide.mcu.externaltools.gnu-tools-for-stm32.14.3.rel1.win32_1.0.100.202602081740/tools/bin/../lib/gcc/arm-none-eabi/14.3.1/../../../../arm-none-eabi/lib/thumb/v7e-m+dp/hard\libc_nano.a(libc_a-freer.o)
                0x0800f480                _free_r
 .text.malloc   0x0800f514       0x10 C:/ST/STM32CubeIDE_2.2.0/STM32CubeIDE/plugins/com.st.stm32cube.ide.mcu.externaltools.gnu-tools-for-stm32.14.3.rel1.win32_1.0.100.202602081740/tools/bin/../lib/gcc/arm-none-eabi/14.3.1/../../../../arm-none-eabi/lib/thumb/v7e-m+dp/hard\libc_nano.a(libc_a-malloc.o)
                0x0800f514                malloc
 .text.sbrk_aligned
                0x0800f524       0x44 C:/ST/STM32CubeIDE_2.2.0/STM32CubeIDE/plugins/com.st.stm32cube.ide.mcu.externaltools.gnu-tools-for-stm32.14.3.rel1.win32_1.0.100.202602081740/tools/bin/../lib/gcc/arm-none-eabi/14.3.1/../../../../arm-none-eabi/lib/thumb/v7e-m+dp/hard\libc_nano.a(libc_a-mallocr.o)
 .text._malloc_r
                0x0800f568      0x100 C:/ST/STM32CubeIDE_2.2.0/STM32CubeIDE/plugins/com.st.stm32cube.ide.mcu.externaltools.gnu-tools-for-stm32.14.3.rel1.win32_1.0.100.202602081740/tools/bin/../lib/gcc/arm-none-eabi/14.3.1/../../../../arm-none-eabi/lib/thumb/v7e-m+dp/hard\libc_nano.a(libc_a-mallocr.o)
                0x0800f568                _malloc_r
 .text.__malloc_lock
                0x0800f668        0xc C:/ST/STM32CubeIDE_2.2.0/STM32CubeIDE/plugins/com.st.stm32cube.ide.mcu.externaltools.gnu-tools-for-stm32.14.3.rel1.win32_1.0.100.202602081740/tools/bin/../lib/gcc/arm-none-eabi/14.3.1/../../../../arm-none-eabi/lib/thumb/v7e-m+dp/hard\libc_nano.a(libc_a-mlock.o)
                0x0800f668                __malloc_lock
 .text.__malloc_unlock
                0x0800f674        0xc C:/ST/STM32CubeIDE_2.2.0/STM32CubeIDE/plugins/com.st.stm32cube.ide.mcu.externaltools.gnu-tools-for-stm32.14.3.rel1.win32_1.0.100.202602081740/tools/bin/../lib/gcc/arm-none-eabi/14.3.1/../../../../arm-none-eabi/lib/thumb/v7e-m+dp/hard\libc_nano.a(libc_a-mlock.o)
                0x0800f674                __malloc_unlock
 .text.__ssputs_r
                0x0800f680       0xc0 C:/ST/STM32CubeIDE_2.2.0/STM32CubeIDE/plugins/com.st.stm32cube.ide.mcu.externaltools.gnu-tools-for-stm32.14.3.rel1.win32_1.0.100.202602081740/tools/bin/../lib/gcc/arm-none-eabi/14.3.1/../../../../arm-none-eabi/lib/thumb/v7e-m+dp/hard\libc_nano.a(libc_a-nano-svfprintf.o)
                0x0800f680                __ssputs_r
 .text._svfprintf_r
                0x0800f740      0x1f0 C:/ST/STM32CubeIDE_2.2.0/STM32CubeIDE/plugins/com.st.stm32cube.ide.mcu.externaltools.gnu-tools-for-stm32.14.3.rel1.win32_1.0.100.202602081740/tools/bin/../lib/gcc/arm-none-eabi/14.3.1/../../../../arm-none-eabi/lib/thumb/v7e-m+dp/hard\libc_nano.a(libc_a-nano-svfprintf.o)
                0x0800f740                _svfiprintf_r
                0x0800f740                _svfprintf_r
 .text.__sfputc_r
                0x0800f930       0x2e C:/ST/STM32CubeIDE_2.2.0/STM32CubeIDE/plugins/com.st.stm32cube.ide.mcu.externaltools.gnu-tools-for-stm32.14.3.rel1.win32_1.0.100.202602081740/tools/bin/../lib/gcc/arm-none-eabi/14.3.1/../../../../arm-none-eabi/lib/thumb/v7e-m+dp/hard\libc_nano.a(libc_a-nano-vfprintf.o)
 .text.__sfputs_r
                0x0800f95e       0x24 C:/ST/STM32CubeIDE_2.2.0/STM32CubeIDE/plugins/com.st.stm32cube.ide.mcu.externaltools.gnu-tools-for-stm32.14.3.rel1.win32_1.0.100.202602081740/tools/bin/../lib/gcc/arm-none-eabi/14.3.1/../../../../arm-none-eabi/lib/thumb/v7e-m+dp/hard\libc_nano.a(libc_a-nano-vfprintf.o)
                0x0800f95e                __sfputs_r
 *fill*         0x0800f982        0x2 
 .text._vfprintf_r
                0x0800f984      0x228 C:/ST/STM32CubeIDE_2.2.0/STM32CubeIDE/plugins/com.st.stm32cube.ide.mcu.externaltools.gnu-tools-for-stm32.14.3.rel1.win32_1.0.100.202602081740/tools/bin/../lib/gcc/arm-none-eabi/14.3.1/../../../../arm-none-eabi/lib/thumb/v7e-m+dp/hard\libc_nano.a(libc_a-nano-vfprintf.o)
                0x0800f984                _vfprintf_r
                0x0800f984                _vfiprintf_r
 .text._printf_common
                0x0800fbac       0xda C:/ST/STM32CubeIDE_2.2.0/STM32CubeIDE/plugins/com.st.stm32cube.ide.mcu.externaltools.gnu-tools-for-stm32.14.3.rel1.win32_1.0.100.202602081740/tools/bin/../lib/gcc/arm-none-eabi/14.3.1/../../../../arm-none-eabi/lib/thumb/v7e-m+dp/hard\libc_nano.a(libc_a-nano-vfprintf_i.o)
                0x0800fbac                _printf_common
 *fill*         0x0800fc86        0x2 
 .text._printf_i
                0x0800fc88      0x24c C:/ST/STM32CubeIDE_2.2.0/STM32CubeIDE/plugins/com.st.stm32cube.ide.mcu.externaltools.gnu-tools-for-stm32.14.3.rel1.win32_1.0.100.202602081740/tools/bin/../lib/gcc/arm-none-eabi/14.3.1/../../../../arm-none-eabi/lib/thumb/v7e-m+dp/hard\libc_nano.a(libc_a-nano-vfprintf_i.o)
                0x0800fc88                _printf_i
 .text.__sflush_r
                0x0800fed4      0x104 C:/ST/STM32CubeIDE_2.2.0/STM32CubeIDE/plugins/com.st.stm32cube.ide.mcu.externaltools.gnu-tools-for-stm32.14.3.rel1.win32_1.0.100.202602081740/tools/bin/../lib/gcc/arm-none-eabi/14.3.1/../../../../arm-none-eabi/lib/thumb/v7e-m+dp/hard\libc_nano.a(libc_a-fflush.o)
                0x0800fed4                __sflush_r
 .text._fflush_r
                0x0800ffd8       0x50 C:/ST/STM32CubeIDE_2.2.0/STM32CubeIDE/plugins/com.st.stm32cube.ide.mcu.externaltools.gnu-tools-for-stm32.14.3.rel1.win32_1.0.100.202602081740/tools/bin/../lib/gcc/arm-none-eabi/14.3.1/../../../../arm-none-eabi/lib/thumb/v7e-m+dp/hard\libc_nano.a(libc_a-fflush.o)
                0x0800ffd8                _fflush_r
 .text.__swhatbuf_r
                0x08010028       0x48 C:/ST/STM32CubeIDE_2.2.0/STM32CubeIDE/plugins/com.st.stm32cube.ide.mcu.externaltools.gnu-tools-for-stm32.14.3.rel1.win32_1.0.100.202602081740/tools/bin/../lib/gcc/arm-none-eabi/14.3.1/../../../../arm-none-eabi/lib/thumb/v7e-m+dp/hard\libc_nano.a(libc_a-makebuf.o)
                0x08010028                __swhatbuf_r
 .text.__smakebuf_r
                0x08010070       0x72 C:/ST/STM32CubeIDE_2.2.0/STM32CubeIDE/plugins/com.st.stm32cube.ide.mcu.externaltools.gnu-tools-for-stm32.14.3.rel1.win32_1.0.100.202602081740/tools/bin/../lib/gcc/arm-none-eabi/14.3.1/../../../../arm-none-eabi/lib/thumb/v7e-m+dp/hard\libc_nano.a(libc_a-makebuf.o)
                0x08010070                __smakebuf_r
 .text.memmove  0x080100e2       0x32 C:/ST/STM32CubeIDE_2.2.0/STM32CubeIDE/plugins/com.st.stm32cube.ide.mcu.externaltools.gnu-tools-for-stm32.14.3.rel1.win32_1.0.100.202602081740/tools/bin/../lib/gcc/arm-none-eabi/14.3.1/../../../../arm-none-eabi/lib/thumb/v7e-m+dp/hard\libc_nano.a(libc_a-memmove.o)
                0x080100e2                memmove
 .text._fstat_r
                0x08010114       0x24 C:/ST/STM32CubeIDE_2.2.0/STM32CubeIDE/plugins/com.st.stm32cube.ide.mcu.externaltools.gnu-tools-for-stm32.14.3.rel1.win32_1.0.100.202602081740/tools/bin/../lib/gcc/arm-none-eabi/14.3.1/../../../../arm-none-eabi/lib/thumb/v7e-m+dp/hard\libc_nano.a(libc_a-fstatr.o)
                0x08010114                _fstat_r
 .text._isatty_r
                0x08010138       0x20 C:/ST/STM32CubeIDE_2.2.0/STM32CubeIDE/plugins/com.st.stm32cube.ide.mcu.externaltools.gnu-tools-for-stm32.14.3.rel1.win32_1.0.100.202602081740/tools/bin/../lib/gcc/arm-none-eabi/14.3.1/../../../../arm-none-eabi/lib/thumb/v7e-m+dp/hard\libc_nano.a(libc_a-isattyr.o)
                0x08010138                _isatty_r
 .text._sbrk_r  0x08010158       0x20 C:/ST/STM32CubeIDE_2.2.0/STM32CubeIDE/plugins/com.st.stm32cube.ide.mcu.externaltools.gnu-tools-for-stm32.14.3.rel1.win32_1.0.100.202602081740/tools/bin/../lib/gcc/arm-none-eabi/14.3.1/../../../../arm-none-eabi/lib/thumb/v7e-m+dp/hard\libc_nano.a(libc_a-sbrkr.o)
                0x08010158                _sbrk_r
 .text._realloc_r
                0x08010178       0x5c C:/ST/STM32CubeIDE_2.2.0/STM32CubeIDE/plugins/com.st.stm32cube.ide.mcu.externaltools.gnu-tools-for-stm32.14.3.rel1.win32_1.0.100.202602081740/tools/bin/../lib/gcc/arm-none-eabi/14.3.1/../../../../arm-none-eabi/lib/thumb/v7e-m+dp/hard\libc_nano.a(libc_a-reallocr.o)
                0x08010178                _realloc_r
 .text._malloc_usable_size_r
                0x080101d4       0x10 C:/ST/STM32CubeIDE_2.2.0/STM32CubeIDE/plugins/com.st.stm32cube.ide.mcu.externaltools.gnu-tools-for-stm32.14.3.rel1.win32_1.0.100.202602081740/tools/bin/../lib/gcc/arm-none-eabi/14.3.1/../../../../arm-none-eabi/lib/thumb/v7e-m+dp/hard\libc_nano.a(libc_a-msizer.o)
                0x080101d4                _malloc_usable_size_r
 *(.glue_7)
 .glue_7        0x080101e4        0x0 linker stubs
 *(.glue_7t)
 .glue_7t       0x080101e4        0x0 linker stubs
 *(.eh_frame)
 .eh_frame      0x080101e4        0x0 C:/ST/STM32CubeIDE_2.2.0/STM32CubeIDE/plugins/com.st.stm32cube.ide.mcu.externaltools.gnu-tools-for-stm32.14.3.rel1.win32_1.0.100.202602081740/tools/bin/../lib/gcc/arm-none-eabi/14.3.1/thumb/v7e-m+dp/hard/crtbegin.o
 *(.init)
 .init          0x080101e4        0x4 C:/ST/STM32CubeIDE_2.2.0/STM32CubeIDE/plugins/com.st.stm32cube.ide.mcu.externaltools.gnu-tools-for-stm32.14.3.rel1.win32_1.0.100.202602081740/tools/bin/../lib/gcc/arm-none-eabi/14.3.1/thumb/v7e-m+dp/hard/crti.o
                0x080101e4                _init
 .init          0x080101e8        0x8 C:/ST/STM32CubeIDE_2.2.0/STM32CubeIDE/plugins/com.st.stm32cube.ide.mcu.externaltools.gnu-tools-for-stm32.14.3.rel1.win32_1.0.100.202602081740/tools/bin/../lib/gcc/arm-none-eabi/14.3.1/thumb/v7e-m+dp/hard/crtn.o
 *(.fini)
 .fini          0x080101f0        0x4 C:/ST/STM32CubeIDE_2.2.0/STM32CubeIDE/plugins/com.st.stm32cube.ide.mcu.externaltools.gnu-tools-for-stm32.14.3.rel1.win32_1.0.100.202602081740/tools/bin/../lib/gcc/arm-none-eabi/14.3.1/thumb/v7e-m+dp/hard/crti.o
                0x080101f0                _fini
 .fini          0x080101f4        0x8 C:/ST/STM32CubeIDE_2.2.0/STM32CubeIDE/plugins/com.st.stm32cube.ide.mcu.externaltools.gnu-tools-for-stm32.14.3.rel1.win32_1.0.100.202602081740/tools/bin/../lib/gcc/arm-none-eabi/14.3.1/thumb/v7e-m+dp/hard/crtn.o
                0x080101fc                        . = ALIGN (0x4)
                0x080101fc                        _etext = .

.vfp11_veneer   0x080101fc        0x0
 .vfp11_veneer  0x080101fc        0x0 linker stubs

.v4_bx          0x080101fc        0x0
 .v4_bx         0x080101fc        0x0 linker stubs

.iplt           0x080101fc        0x0
 .iplt          0x080101fc        0x0 C:/ST/STM32CubeIDE_2.2.0/STM32CubeIDE/plugins/com.st.stm32cube.ide.mcu.externaltools.gnu-tools-for-stm32.14.3.rel1.win32_1.0.100.202602081740/tools/bin/../lib/gcc/arm-none-eabi/14.3.1/thumb/v7e-m+dp/hard/crtbegin.o

.rodata         0x080101fc      0xcd4
                0x080101fc                        . = ALIGN (0x4)
 *(.rodata)
 .rodata        0x080101fc       0x4c ./Drivers/STM32H7xx_HAL_Driver/Src/stm32h7xx_hal_fdcan.o
 *(.rodata*)
 .rodata.str1.4
                0x08010248      0xb1f ./Core/Src/board_id.o
                                 0x38 (size before relaxing)
 *fill*         0x08010d67        0x1 
 .rodata.board_table
                0x08010d68       0x28 ./Core/Src/board_id.o
 .rodata.BoardID_Print.str1.4
                0x08010d90      0x107 ./Core/Src/board_id.o
 .rodata.CAN_Test_Init.str1.4
                0x08010d90       0x27 ./Core/Src/can_test.o
 .rodata.CAN_Test_Process.str1.4
                0x08010d90       0x38 ./Core/Src/can_test.o
 .rodata.FATFS_Test_ReadOnly.str1.4
                0x08010d90       0xf2 ./Core/Src/fatfs_test.o
 .rodata.FATFS_Test_ReadWrite.str1.4
                0x08010d90      0x234 ./Core/Src/fatfs_test.o
 .rodata.test_data.0
                0x08010d90       0x30 ./Core/Src/fatfs_test.o
 .rodata.main.str1.4
                0x08010dc0       0x1f ./Core/Src/main.o
 .rodata.RTC_Test.str1.4
                0x08010dc0      0x289 ./Core/Src/rtc_test.o
 .rodata.SD_Test_ReadOnly.str1.4
                0x08010dc0      0x26a ./Core/Src/sd_test.o
 .rodata.SD_CheckFilesystem.str1.4
                0x08010dc0      0x13a ./Core/Src/sd_test.o
 .rodata.D1CorePrescTable
                0x08010dc0       0x10 ./Core/Src/system_stm32h7xx.o
                0x08010dc0                D1CorePrescTable
 .rodata.DLCtoBytes
                0x08010dd0       0x10 ./Drivers/STM32H7xx_HAL_Driver/Src/stm32h7xx_hal_fdcan.o
 .rodata.UARTPrescTable
                0x08010de0       0x18 ./Drivers/STM32H7xx_HAL_Driver/Src/stm32h7xx_hal_uart.o
                0x08010de0                UARTPrescTable
 .rodata.numerator.1
                0x08010df8        0x8 ./Drivers/STM32H7xx_HAL_Driver/Src/stm32h7xx_hal_uart_ex.o
 .rodata.denominator.0
                0x08010e00        0x8 ./Drivers/STM32H7xx_HAL_Driver/Src/stm32h7xx_hal_uart_ex.o
 .rodata.SD_Driver
                0x08010e08       0x14 ./FATFS/Target/sd_diskio.o
                0x08010e08                SD_Driver
 .rodata.ExCvt  0x08010e1c       0x80 ./Middlewares/Third_Party/FatFs/src/ff.o
 .rodata.create_name.str1.4
                0x08010e9c        0xf ./Middlewares/Third_Party/FatFs/src/ff.o
 .rodata._svfprintf_r.str1.1
                0x08010e9c       0x33 C:/ST/STM32CubeIDE_2.2.0/STM32CubeIDE/plugins/com.st.stm32cube.ide.mcu.externaltools.gnu-tools-for-stm32.14.3.rel1.win32_1.0.100.202602081740/tools/bin/../lib/gcc/arm-none-eabi/14.3.1/../../../../arm-none-eabi/lib/thumb/v7e-m+dp/hard\libc_nano.a(libc_a-nano-svfprintf.o)
                                 0x11 (size before relaxing)
 .rodata._vfprintf_r.str1.1
                0x08010ecf       0x11 C:/ST/STM32CubeIDE_2.2.0/STM32CubeIDE/plugins/com.st.stm32cube.ide.mcu.externaltools.gnu-tools-for-stm32.14.3.rel1.win32_1.0.100.202602081740/tools/bin/../lib/gcc/arm-none-eabi/14.3.1/../../../../arm-none-eabi/lib/thumb/v7e-m+dp/hard\libc_nano.a(libc_a-nano-vfprintf.o)
 .rodata._printf_i.str1.1
                0x08010ecf       0x22 C:/ST/STM32CubeIDE_2.2.0/STM32CubeIDE/plugins/com.st.stm32cube.ide.mcu.externaltools.gnu-tools-for-stm32.14.3.rel1.win32_1.0.100.202602081740/tools/bin/../lib/gcc/arm-none-eabi/14.3.1/../../../../arm-none-eabi/lib/thumb/v7e-m+dp/hard\libc_nano.a(libc_a-nano-vfprintf_i.o)
                0x0801104c                        . = ALIGN (0x4)
 *fill*         0x08010ecf        0x1 

.ARM.extab
 *(.ARM.extab* .gnu.linkonce.armextab.*)

.ARM            0x08010ed0        0x8
                0x08010ed0                        __exidx_start = .
 *(.ARM.exidx*)
 .ARM.exidx     0x08010ed0        0x8 C:/ST/STM32CubeIDE_2.2.0/STM32CubeIDE/plugins/com.st.stm32cube.ide.mcu.externaltools.gnu-tools-for-stm32.14.3.rel1.win32_1.0.100.202602081740/tools/bin/../lib/gcc/arm-none-eabi/14.3.1/../../../../arm-none-eabi/lib/thumb/v7e-m+dp/hard\libc_nano.a(libc_a-strlen.o)
 .ARM.exidx     0x08010ed8        0x0 C:/ST/STM32CubeIDE_2.2.0/STM32CubeIDE/plugins/com.st.stm32cube.ide.mcu.externaltools.gnu-tools-for-stm32.14.3.rel1.win32_1.0.100.202602081740/tools/bin/../lib/gcc/arm-none-eabi/14.3.1/../../../../arm-none-eabi/lib/thumb/v7e-m+dp/hard\libc_nano.a(libc_a-memchr.o)
                                  0x8 (size before relaxing)
 .ARM.exidx     0x08010ed8        0x0 C:/ST/STM32CubeIDE_2.2.0/STM32CubeIDE/plugins/com.st.stm32cube.ide.mcu.externaltools.gnu-tools-for-stm32.14.3.rel1.win32_1.0.100.202602081740/tools/bin/../lib/gcc/arm-none-eabi/14.3.1/thumb/v7e-m+dp/hard\libgcc.a(_udivmoddi4.o)
                                  0x8 (size before relaxing)
                0x08010ed8                        __exidx_end = .

.preinit_array  0x08010ed8        0x0
                0x08010ed8                        PROVIDE (__preinit_array_start = .)
 *(.preinit_array*)
                0x08010ed8                        PROVIDE (__preinit_array_end = .)

.init_array     0x08010ed8        0x4
                0x08010ed8                        PROVIDE (__init_array_start = .)
 *(SORT_BY_NAME(.init_array.*))
 *(.init_array*)
 .init_array    0x08010ed8        0x4 C:/ST/STM32CubeIDE_2.2.0/STM32CubeIDE/plugins/com.st.stm32cube.ide.mcu.externaltools.gnu-tools-for-stm32.14.3.rel1.win32_1.0.100.202602081740/tools/bin/../lib/gcc/arm-none-eabi/14.3.1/thumb/v7e-m+dp/hard/crtbegin.o
                0x08010edc                        PROVIDE (__init_array_end = .)

.fini_array     0x08010edc        0x4
                [!provide]                        PROVIDE (__fini_array_start = .)
 *(SORT_BY_NAME(.fini_array.*))
 *(.fini_array*)
 .fini_array    0x08010edc        0x4 C:/ST/STM32CubeIDE_2.2.0/STM32CubeIDE/plugins/com.st.stm32cube.ide.mcu.externaltools.gnu-tools-for-stm32.14.3.rel1.win32_1.0.100.202602081740/tools/bin/../lib/gcc/arm-none-eabi/14.3.1/thumb/v7e-m+dp/hard/crtbegin.o
                [!provide]                        PROVIDE (__fini_array_end = .)
                0x08010ee0                        _sidata = LOADADDR (.data)

.rel.dyn        0x08010ee0        0x0
 .rel.iplt      0x08010ee0        0x0 C:/ST/STM32CubeIDE_2.2.0/STM32CubeIDE/plugins/com.st.stm32cube.ide.mcu.externaltools.gnu-tools-for-stm32.14.3.rel1.win32_1.0.100.202602081740/tools/bin/../lib/gcc/arm-none-eabi/14.3.1/thumb/v7e-m+dp/hard/crtbegin.o

.data           0x24000000       0x70 load address 0x08010ee0
                0x24000000                        . = ALIGN (0x4)
                0x24000000                        _sdata = .
 *(.data)
 *(.data*)
 .data.current_board_name
                0x24000000        0x4 ./Core/Src/board_id.o
 .data.SystemCoreClock
                0x24000004        0x4 ./Core/Src/system_stm32h7xx.o
                0x24000004                SystemCoreClock
 .data.SystemD2Clock
                0x24000008        0x4 ./Core/Src/system_stm32h7xx.o
                0x24000008                SystemD2Clock
 .data.uwTickPrio
                0x2400000c        0x4 ./Drivers/STM32H7xx_HAL_Driver/Src/stm32h7xx_hal.o
                0x2400000c                uwTickPrio
 .data.uwTickFreq
                0x24000010        0x1 ./Drivers/STM32H7xx_HAL_Driver/Src/stm32h7xx_hal.o
                0x24000010                uwTickFreq
 .data.Stat     0x24000011        0x1 ./FATFS/Target/sd_diskio.o
 *fill*         0x24000012        0x2 
 .data.__sglue  0x24000014        0xc C:/ST/STM32CubeIDE_2.2.0/STM32CubeIDE/plugins/com.st.stm32cube.ide.mcu.externaltools.gnu-tools-for-stm32.14.3.rel1.win32_1.0.100.202602081740/tools/bin/../lib/gcc/arm-none-eabi/14.3.1/../../../../arm-none-eabi/lib/thumb/v7e-m+dp/hard\libc_nano.a(libc_a-findfp.o)
                0x24000014                __sglue
 .data._impure_ptr
                0x24000020        0x4 C:/ST/STM32CubeIDE_2.2.0/STM32CubeIDE/plugins/com.st.stm32cube.ide.mcu.externaltools.gnu-tools-for-stm32.14.3.rel1.win32_1.0.100.202602081740/tools/bin/../lib/gcc/arm-none-eabi/14.3.1/../../../../arm-none-eabi/lib/thumb/v7e-m+dp/hard\libc_nano.a(libc_a-impure.o)
                0x24000020                _impure_ptr
 .data._impure_data
                0x24000024       0x4c C:/ST/STM32CubeIDE_2.2.0/STM32CubeIDE/plugins/com.st.stm32cube.ide.mcu.externaltools.gnu-tools-for-stm32.14.3.rel1.win32_1.0.100.202602081740/tools/bin/../lib/gcc/arm-none-eabi/14.3.1/../../../../arm-none-eabi/lib/thumb/v7e-m+dp/hard\libc_nano.a(libc_a-impure.o)
                0x24000024                _impure_data
 *(.RamFunc)
 *(.RamFunc*)
                0x24000070                        . = ALIGN (0x4)
                0x24000070                        _edata = .

.igot.plt       0x24000070        0x0 load address 0x08010f50
 .igot.plt      0x24000070        0x0 C:/ST/STM32CubeIDE_2.2.0/STM32CubeIDE/plugins/com.st.stm32cube.ide.mcu.externaltools.gnu-tools-for-stm32.14.3.rel1.win32_1.0.100.202602081740/tools/bin/../lib/gcc/arm-none-eabi/14.3.1/thumb/v7e-m+dp/hard/crtbegin.o
                0x24000070                        . = ALIGN (0x4)

.bss            0x24000080      0x9a4 load address 0x08010f50
                0x24000080                        _sbss = .
                0x24000080                        __bss_start__ = _sbss
 *(.bss)
 .bss           0x24000080       0x1c C:/ST/STM32CubeIDE_2.2.0/STM32CubeIDE/plugins/com.st.stm32cube.ide.mcu.externaltools.gnu-tools-for-stm32.14.3.rel1.win32_1.0.100.202602081740/tools/bin/../lib/gcc/arm-none-eabi/14.3.1/thumb/v7e-m+dp/hard/crtbegin.o
 *(.bss*)
 .bss.board_uid0
                0x2400009c        0x4 ./Core/Src/board_id.o
 .bss.board_uid1
                0x240000a0        0x4 ./Core/Src/board_id.o
 .bss.board_uid2
                0x240000a4        0x4 ./Core/Src/board_id.o
 .bss.current_board
                0x240000a8        0x1 ./Core/Src/board_id.o
 *fill*         0x240000a9        0x3 
 .bss.can1_filter
                0x240000ac       0x20 ./Core/Src/can_test.o
                0x240000ac                can1_filter
 .bss.can3_filter
                0x240000cc       0x20 ./Core/Src/can_test.o
                0x240000cc                can3_filter
 .bss.can_tx_header
                0x240000ec       0x24 ./Core/Src/can_test.o
                0x240000ec                can_tx_header
 .bss.can_rx_header
                0x24000110       0x28 ./Core/Src/can_test.o
                0x24000110                can_rx_header
 .bss.can_tx_data
                0x24000138        0x8 ./Core/Src/can_test.o
                0x24000138                can_tx_data
 .bss.can_rx_data
                0x24000140        0x8 ./Core/Src/can_test.o
                0x24000140                can_rx_data
 .bss.can_counter
                0x24000148        0x4 ./Core/Src/can_test.o
                0x24000148                can_counter
 .bss.can_pending_tx
                0x2400014c        0x1 ./Core/Src/can_test.o
                0x2400014c                can_pending_tx
 *fill*         0x2400014d        0x3 
 .bss.can_reply_due
                0x24000150        0x4 ./Core/Src/can_test.o
                0x24000150                can_reply_due
 .bss.led_tick  0x24000154        0x4 ./Core/Src/can_test.o
                0x24000154                led_tick
 .bss.fdcan1_errors
                0x24000158       0x10 ./Core/Src/can_test.o
                0x24000158                fdcan1_errors
 .bss.fdcan3_errors
                0x24000168       0x10 ./Core/Src/can_test.o
                0x24000168                fdcan3_errors
 .bss.console_uart
                0x24000178        0x4 ./Core/Src/console.o
 .bss.hfdcan1   0x2400017c       0xa0 ./Core/Src/main.o
                0x2400017c                hfdcan1
 .bss.hfdcan3   0x2400021c       0xa0 ./Core/Src/main.o
                0x2400021c                hfdcan3
 .bss.hospi1    0x240002bc       0x5c ./Core/Src/main.o
                0x240002bc                hospi1
 .bss.hrtc      0x24000318       0x24 ./Core/Src/main.o
                0x24000318                hrtc
 .bss.hsd1      0x2400033c       0x7c ./Core/Src/main.o
                0x2400033c                hsd1
 .bss.huart1    0x240003b8       0x94 ./Core/Src/main.o
                0x240003b8                huart1
 *fill*         0x2400044c       0x14 
 .bss.sd_sector
                0x24000460      0x200 ./Core/Src/sd_test.o
 .bss.HAL_RCC_FDCAN_CLK_ENABLED
                0x24000660        0x4 ./Core/Src/stm32h7xx_hal_msp.o
 .bss.__sbrk_heap_end
                0x24000664        0x4 ./Core/Src/sysmem.o
 .bss.uwTick    0x24000668        0x4 ./Drivers/STM32H7xx_HAL_Driver/Src/stm32h7xx_hal.o
                0x24000668                uwTick
 .bss.retSD     0x2400066c        0x1 ./FATFS/App/fatfs.o
                0x2400066c                retSD
 *fill*         0x2400066d        0x3 
 .bss.SDPath    0x24000670        0x4 ./FATFS/App/fatfs.o
                0x24000670                SDPath
 .bss.SDFatFS   0x24000674      0x230 ./FATFS/App/fatfs.o
                0x24000674                SDFatFS
 .bss.FatFs     0x240008a4        0x4 ./Middlewares/Third_Party/FatFs/src/ff.o
 .bss.Fsid      0x240008a8        0x2 ./Middlewares/Third_Party/FatFs/src/ff.o
 *fill*         0x240008aa        0x2 
 .bss.Files     0x240008ac       0x20 ./Middlewares/Third_Party/FatFs/src/ff.o
 .bss.disk      0x240008cc        0xc ./Middlewares/Third_Party/FatFs/src/ff_gen_drv.o
                0x240008cc                disk
 .bss.__sf      0x240008d8      0x138 C:/ST/STM32CubeIDE_2.2.0/STM32CubeIDE/plugins/com.st.stm32cube.ide.mcu.externaltools.gnu-tools-for-stm32.14.3.rel1.win32_1.0.100.202602081740/tools/bin/../lib/gcc/arm-none-eabi/14.3.1/../../../../arm-none-eabi/lib/thumb/v7e-m+dp/hard\libc_nano.a(libc_a-findfp.o)
                0x240008d8                __sf
 .bss.__stdio_exit_handler
                0x24000a10        0x4 C:/ST/STM32CubeIDE_2.2.0/STM32CubeIDE/plugins/com.st.stm32cube.ide.mcu.externaltools.gnu-tools-for-stm32.14.3.rel1.win32_1.0.100.202602081740/tools/bin/../lib/gcc/arm-none-eabi/14.3.1/../../../../arm-none-eabi/lib/thumb/v7e-m+dp/hard\libc_nano.a(libc_a-findfp.o)
                0x24000a10                __stdio_exit_handler
 .bss.errno     0x24000a14        0x4 C:/ST/STM32CubeIDE_2.2.0/STM32CubeIDE/plugins/com.st.stm32cube.ide.mcu.externaltools.gnu-tools-for-stm32.14.3.rel1.win32_1.0.100.202602081740/tools/bin/../lib/gcc/arm-none-eabi/14.3.1/../../../../arm-none-eabi/lib/thumb/v7e-m+dp/hard\libc_nano.a(libc_a-reent.o)
                0x24000a14                errno
 .bss.__lock___malloc_recursive_mutex
                0x24000a18        0x1 C:/ST/STM32CubeIDE_2.2.0/STM32CubeIDE/plugins/com.st.stm32cube.ide.mcu.externaltools.gnu-tools-for-stm32.14.3.rel1.win32_1.0.100.202602081740/tools/bin/../lib/gcc/arm-none-eabi/14.3.1/../../../../arm-none-eabi/lib/thumb/v7e-m+dp/hard\libc_nano.a(libc_a-lock.o)
                0x24000a18                __lock___malloc_recursive_mutex
 .bss.__lock___sfp_recursive_mutex
                0x24000a19        0x1 C:/ST/STM32CubeIDE_2.2.0/STM32CubeIDE/plugins/com.st.stm32cube.ide.mcu.externaltools.gnu-tools-for-stm32.14.3.rel1.win32_1.0.100.202602081740/tools/bin/../lib/gcc/arm-none-eabi/14.3.1/../../../../arm-none-eabi/lib/thumb/v7e-m+dp/hard\libc_nano.a(libc_a-lock.o)
                0x24000a19                __lock___sfp_recursive_mutex
 *fill*         0x24000a1a        0x2 
 .bss.__malloc_sbrk_start
                0x24000a1c        0x4 C:/ST/STM32CubeIDE_2.2.0/STM32CubeIDE/plugins/com.st.stm32cube.ide.mcu.externaltools.gnu-tools-for-stm32.14.3.rel1.win32_1.0.100.202602081740/tools/bin/../lib/gcc/arm-none-eabi/14.3.1/../../../../arm-none-eabi/lib/thumb/v7e-m+dp/hard\libc_nano.a(libc_a-mallocr.o)
                0x24000a1c                __malloc_sbrk_start
 .bss.__malloc_free_list
                0x24000a20        0x4 C:/ST/STM32CubeIDE_2.2.0/STM32CubeIDE/plugins/com.st.stm32cube.ide.mcu.externaltools.gnu-tools-for-stm32.14.3.rel1.win32_1.0.100.202602081740/tools/bin/../lib/gcc/arm-none-eabi/14.3.1/../../../../arm-none-eabi/lib/thumb/v7e-m+dp/hard\libc_nano.a(libc_a-mallocr.o)
                0x24000a20                __malloc_free_list
 *(COMMON)
                0x24000a24                        . = ALIGN (0x4)
                0x24000a24                        _ebss = .
                0x24000a24                        __bss_end__ = _ebss

._user_heap_stack
                0x24000a24      0x604 load address 0x08010f50
                0x24000a28                        . = ALIGN (0x8)
 *fill*         0x24000a24        0x4 
                [!provide]                        PROVIDE (end = .)
                0x24000a28                        PROVIDE (_end = .)
                0x24000c28                        . = (. + _Min_Heap_Size)
 *fill*         0x24000a28      0x200 
                0x24001028                        . = (. + _Min_Stack_Size)
 *fill*         0x24000c28      0x400 
                0x24001028                        . = ALIGN (0x8)

/DISCARD/
 libc.a(*)
 libm.a(*)
 libgcc.a(*)

.ARM.attributes
                0x00000000       0x2e
 *(.ARM.attributes)
 .ARM.attributes
                0x00000000       0x20 C:/ST/STM32CubeIDE_2.2.0/STM32CubeIDE/plugins/com.st.stm32cube.ide.mcu.externaltools.gnu-tools-for-stm32.14.3.rel1.win32_1.0.100.202602081740/tools/bin/../lib/gcc/arm-none-eabi/14.3.1/thumb/v7e-m+dp/hard/crti.o
 .ARM.attributes
                0x00000020       0x32 C:/ST/STM32CubeIDE_2.2.0/STM32CubeIDE/plugins/com.st.stm32cube.ide.mcu.externaltools.gnu-tools-for-stm32.14.3.rel1.win32_1.0.100.202602081740/tools/bin/../lib/gcc/arm-none-eabi/14.3.1/thumb/v7e-m+dp/hard/crtbegin.o
 .ARM.attributes
                0x00000052       0x32 ./Core/Src/board_id.o
 .ARM.attributes
                0x00000084       0x32 ./Core/Src/can_test.o
 .ARM.attributes
                0x000000b6       0x32 ./Core/Src/console.o
 .ARM.attributes
                0x000000e8       0x32 ./Core/Src/fatfs_rtc.o
 .ARM.attributes
                0x0000011a       0x32 ./Core/Src/fatfs_test.o
 .ARM.attributes
                0x0000014c       0x32 ./Core/Src/main.o
 .ARM.attributes
                0x0000017e       0x32 ./Core/Src/rtc_test.o
 .ARM.attributes
                0x000001b0       0x32 ./Core/Src/sd_test.o
 .ARM.attributes
                0x000001e2       0x32 ./Core/Src/stm32h7xx_hal_msp.o
 .ARM.attributes
                0x00000214       0x32 ./Core/Src/stm32h7xx_it.o
 .ARM.attributes
                0x00000246       0x32 ./Core/Src/syscalls.o
 .ARM.attributes
                0x00000278       0x32 ./Core/Src/sysmem.o
 .ARM.attributes
                0x000002aa       0x32 ./Core/Src/system_stm32h7xx.o
 .ARM.attributes
                0x000002dc       0x21 ./Core/Startup/startup_stm32h735zgtx.o
 .ARM.attributes
                0x000002fd       0x32 ./Drivers/STM32H7xx_HAL_Driver/Src/stm32h7xx_hal.o
 .ARM.attributes
                0x0000032f       0x32 ./Drivers/STM32H7xx_HAL_Driver/Src/stm32h7xx_hal_cortex.o
 .ARM.attributes
                0x00000361       0x32 ./Drivers/STM32H7xx_HAL_Driver/Src/stm32h7xx_hal_fdcan.o
 .ARM.attributes
                0x00000393       0x32 ./Drivers/STM32H7xx_HAL_Driver/Src/stm32h7xx_hal_gpio.o
 .ARM.attributes
                0x000003c5       0x32 ./Drivers/STM32H7xx_HAL_Driver/Src/stm32h7xx_hal_ospi.o
 .ARM.attributes
                0x000003f7       0x32 ./Drivers/STM32H7xx_HAL_Driver/Src/stm32h7xx_hal_pwr.o
 .ARM.attributes
                0x00000429       0x32 ./Drivers/STM32H7xx_HAL_Driver/Src/stm32h7xx_hal_pwr_ex.o
 .ARM.attributes
                0x0000045b       0x32 ./Drivers/STM32H7xx_HAL_Driver/Src/stm32h7xx_hal_rcc.o
 .ARM.attributes
                0x0000048d       0x32 ./Drivers/STM32H7xx_HAL_Driver/Src/stm32h7xx_hal_rcc_ex.o
 .ARM.attributes