SEGGER J-Link Remote Server V8.38 LogFile
Logging started @ 2026-08-14 19:37
00000000 - SERVER  (0x0015 bytes): Remote Server started
00000000 - SERVER  (0x0015 bytes): TLV Protocol: V1.0.0 
00000015 - SERVER  (0x003E bytes): Could not select J-Link with specified S/N (269304348) via USB
00000015 - SERVER  (0x0018 bytes): Retrying in 5 seconds...
00005061 - SERVER  (0x003E bytes): Could not select J-Link with specified S/N (269304348) via USB
00005061 - SERVER  (0x0018 bytes): Retrying in 5 seconds...
00010105 - SERVER  (0x003E bytes): Could not select J-Link with specified S/N (269304348) via USB
00010105 - SERVER  (0x0018 bytes): Retrying in 5 seconds...
00015149 - SERVER  (0x003E bytes): Could not select J-Link with specified S/N (269304348) via USB
00015149 - SERVER  (0x0018 bytes): Retrying in 5 seconds...
00020194 - SERVER  (0x003E bytes): Could not select J-Link with specified S/N (269304348) via USB
00020200 - SERVER  (0x0018 bytes): Retrying in 5 seconds...
00025245 - SERVER  (0x003E bytes): Could not select J-Link with specified S/N (269304348) via USB
00025252 - SERVER  (0x0018 bytes): Retrying in 5 seconds...
00030296 - SERVER  (0x003E bytes): Could not select J-Link with specified S/N (269304348) via USB
00030303 - SERVER  (0x0018 bytes): Retrying in 5 seconds...
00035347 - SERVER  (0x003E bytes): Could not select J-Link with specified S/N (269304348) via USB
00035347 - SERVER  (0x0018 bytes): Retrying in 5 seconds...
00040391 - SERVER  (0x003E bytes): Could not select J-Link with specified S/N (269304348) via USB
00040397 - SERVER  (0x0018 bytes): Retrying in 5 seconds...
00045449 - SERVER  (0x003E bytes): Could not select J-Link with specified S/N (269304348) via USB
00045449 - SERVER  (0x0018 bytes): Retrying in 5 seconds...
00050494 - SERVER  (0x003E bytes): Could not select J-Link with specified S/N (269304348) via USB
00050501 - SERVER  (0x0018 bytes): Retrying in 5 seconds...
00055546 - SERVER  (0x003E bytes): Could not select J-Link with specified S/N (269304348) via USB
00055546 - SERVER  (0x0018 bytes): Retrying in 5 seconds...
00060591 - SERVER  (0x003E bytes): Could not select J-Link with specified S/N (269304348) via USB
00060597 - SERVER  (0x0018 bytes): Retrying in 5 seconds...
00065641 - SERVER  (0x003E bytes): Could not select J-Link with specified S/N (269304348) via USB
00065648 - SERVER  (0x0018 bytes): Retrying in 5 seconds...
00070699 - SERVER  (0x003E bytes): Could not select J-Link with specified S/N (269304348) via USB
00070699 - SERVER  (0x0018 bytes): Retrying in 5 seconds...
00075744 - SERVER  (0x003E bytes): Could not select J-Link with specified S/N (269304348) via USB
00075751 - SERVER  (0x0018 bytes): Retrying in 5 seconds...
00081127 - SERVER  (0x0026 bytes): Connected to J-Link with S/N 269304348
00081127 - SERVER  (0x0022 bytes): Waiting for client connections... 
00369677 - SERVER  (0x001A bytes): Conn. 9: Client connected.
00369682 - SERVER  (0x0010 bytes): Client connected
00699985 - SERVER  (0x0026 bytes): Connected to J-Link with S/N 269304348
00699986 - SERVER  (0x0022 bytes): Waiting for client connections... 
01109884 - SERVER  (0x001A bytes): Conn. 9: Client connected.
01109889 - SERVER  (0x0010 bytes): Client connected
02139640 - SERVER  (0x0026 bytes): Connected to J-Link with S/N 269304348
02139640 - SERVER  (0x0022 bytes): Waiting for client connections... 
